2026-05-24 21:34:52,065 [INFO] Connecting to Appium...
2026-05-24 21:35:04,714 [INFO] App launched — screen 2400x1080
2026-05-24 21:35:04,715 [INFO] Total users: 1
2026-05-24 21:35:04,715 [INFO] 
===== USER 1: 8247282471 =====
2026-05-24 21:35:04,731 [INFO] Screen size detected: 2400 x 1080
2026-05-24 21:35:14,067 [INFO] STEP 1: LOGIN
2026-05-24 21:35:14,068 [INFO] Assuming login screen is visible
2026-05-24 21:35:14,068 [INFO] Tap [mobile] at (1142,465)
2026-05-24 21:35:20,438 [INFO] Typed [8247282471] into [mobile]
2026-05-24 21:35:21,440 [INFO] Tap [OK] at (2166,442)
2026-05-24 21:35:22,627 [INFO] CLICK CONFIRM
2026-05-24 21:35:22,627 [INFO] Tap [CONFIRM] at (1203,694)
2026-05-24 21:35:23,788 [INFO] Waiting for Unity transition...
2026-05-24 21:35:31,947 [INFO] AFTER CONFIRM SCREEN: unknown
2026-05-24 21:35:31,948 [INFO] Proceeding to next step after login delay
2026-05-24 21:35:37,089 [INFO] [SCREEN] unknown
2026-05-24 21:35:38,218 [INFO] [SCREEN] unknown
2026-05-24 21:35:39,362 [INFO] [SCREEN] unknown
2026-05-24 21:35:40,485 [INFO] [SCREEN] unknown
2026-05-24 21:35:41,605 [INFO] [SCREEN] unknown
2026-05-24 21:35:42,731 [INFO] [SCREEN] unknown
2026-05-24 21:35:43,845 [INFO] [SCREEN] unknown
2026-05-24 21:35:44,962 [INFO] [SCREEN] unknown
2026-05-24 21:35:46,076 [INFO] [SCREEN] unknown
2026-05-24 21:35:47,222 [INFO] [SCREEN] unknown
2026-05-24 21:35:48,660 [INFO] [SCREEN] unknown
2026-05-24 21:35:50,210 [INFO] [SCREEN] unknown
2026-05-24 21:35:51,327 [INFO] [SCREEN] unknown
2026-05-24 21:35:52,446 [INFO] [SCREEN] unknown
2026-05-24 21:35:53,549 [INFO] [SCREEN] unknown
2026-05-24 21:35:54,648 [INFO] [SCREEN] unknown
2026-05-24 21:35:56,265 [INFO] [SCREEN] unknown
2026-05-24 21:35:57,458 [INFO] [SCREEN] unknown
2026-05-24 21:35:58,576 [INFO] [SCREEN] unknown
2026-05-24 21:35:59,722 [INFO] [SCREEN] unknown
2026-05-24 21:36:00,809 [INFO] [SCREEN] unknown
2026-05-24 21:36:01,908 [INFO] [SCREEN] unknown
2026-05-24 21:36:03,024 [INFO] [SCREEN] unknown
2026-05-24 21:36:04,133 [INFO] [SCREEN] unknown
2026-05-24 21:36:05,232 [INFO] [SCREEN] unknown
2026-05-24 21:36:06,346 [INFO] [SCREEN] unknown
2026-05-24 21:36:07,536 [INFO] [SCREEN] unknown
2026-05-24 21:36:08,646 [INFO] [SCREEN] unknown
2026-05-24 21:36:09,768 [INFO] [SCREEN] unknown
2026-05-24 21:36:10,875 [INFO] [SCREEN] unknown
2026-05-24 21:36:11,993 [INFO] [SCREEN] unknown
2026-05-24 21:36:13,104 [INFO] [SCREEN] unknown
2026-05-24 21:36:14,216 [INFO] [SCREEN] unknown
2026-05-24 21:36:15,327 [INFO] [SCREEN] unknown
2026-05-24 21:36:16,447 [INFO] [SCREEN] unknown
2026-05-24 21:36:17,550 [INFO] [SCREEN] unknown
2026-05-24 21:36:18,657 [INFO] [SCREEN] unknown
2026-05-24 21:36:19,832 [INFO] [SCREEN] unknown
2026-05-24 21:36:20,944 [INFO] [SCREEN] unknown
2026-05-24 21:36:22,057 [INFO] [SCREEN] unknown
2026-05-24 21:36:23,186 [INFO] [SCREEN] unknown
2026-05-24 21:36:24,301 [INFO] [SCREEN] unknown
2026-05-24 21:36:25,408 [INFO] [SCREEN] unknown
2026-05-24 21:36:26,509 [INFO] [SCREEN] unknown
2026-05-24 21:36:27,612 [INFO] [SCREEN] unknown
2026-05-24 21:36:28,721 [INFO] [SCREEN] unknown
2026-05-24 21:36:29,824 [INFO] [SCREEN] unknown
2026-05-24 21:36:30,920 [INFO] [SCREEN] unknown
2026-05-24 21:36:32,014 [INFO] [SCREEN] unknown
2026-05-24 21:36:33,128 [INFO] [SCREEN] unknown
2026-05-24 21:36:34,496 [INFO] [SCREEN] unknown
2026-05-24 21:36:35,617 [INFO] [SCREEN] unknown
2026-05-24 21:36:36,730 [INFO] [SCREEN] unknown
2026-05-24 21:36:37,735 [ERROR] FAILED — 8247282471: Expected screens not found: [Ellipsis]
2026-05-24 21:36:41,451 [INFO] Screenshot: screenshots/FAILED_u1_8247282471_1779638797.png
2026-05-24 21:36:41,453 [INFO] FAIL | 8247282471 | Expected screens not found: [Ellipsis]
2026-05-24 21:36:41,453 [INFO] ALL USERS COMPLETED
2026-05-24 21:36:41,454 [INFO] PASS — tests/test_login_flow.py::TestLoginFlow::test_all_users
2026-05-24 21:36:41,778 [INFO] Session closed
