2026-05-24 01:32:08,038 [INFO] Connecting to Appium...
2026-05-24 01:32:20,565 [INFO] App launched — screen 2400x1080
2026-05-24 01:32:20,593 [INFO] Total users: 2
2026-05-24 01:32:20,593 [INFO] 
=======================================================
USER 1/2: 8247282471
=======================================================
2026-05-24 01:32:20,620 [INFO] Screen size detected: 2400 x 1080
2026-05-24 01:32:20,621 [INFO] --- Step 1: Login ---
2026-05-24 01:32:20,622 [INFO] Waiting 6s — splash → login screen
2026-05-24 01:32:29,207 [INFO] Screenshot: screenshots/u1_01_login_1779566546.png
2026-05-24 01:32:29,208 [INFO] Tap [mobile input] at pixel (1142,465)
2026-05-24 01:32:31,680 [INFO] Keyboard shown: True
2026-05-24 01:32:35,417 [INFO] Typed '8247282471' into [mobile input]
2026-05-24 01:32:36,918 [INFO] Tap [OK button] at pixel (1203,694)
2026-05-24 01:32:37,584 [INFO] Tap [confirm_button] at pixel (1203,694)
2026-05-24 01:32:40,614 [INFO] Screenshot: screenshots/u1_02_after_confirm_1779566558.png
2026-05-24 01:32:40,616 [INFO] OK | 8247282471 | Step 1: Login confirmed
2026-05-24 01:32:40,616 [INFO] --- Step 2: Waiting for screen after login ---
2026-05-24 01:32:40,616 [INFO] Waiting 12s — API response + screen load
2026-05-24 01:32:55,608 [INFO] Screenshot: screenshots/u1_03_post_login_screen_1779566572.png
2026-05-24 01:32:55,608 [INFO] Handling: Select Profile
2026-05-24 01:32:55,608 [INFO] Waiting 3s — select profile screen
2026-05-24 01:33:01,217 [INFO] Screenshot: screenshots/u1_04_select_profile_1779566578.png
2026-05-24 01:33:01,217 [INFO] Tap [profile 1] at pixel (802,581)
2026-05-24 01:33:02,692 [INFO] Tap [NEXT button] at pixel (1120,891)
2026-05-24 01:33:08,998 [INFO] Screenshot: screenshots/u1_05_after_next_1779566586.png
2026-05-24 01:33:09,000 [INFO] OK | 8247282471 | Step 2: Profile selected
2026-05-24 01:33:09,000 [INFO] Handling: Avatar screen
2026-05-24 01:33:09,001 [INFO] Waiting 4s — avatar screen
2026-05-24 01:33:16,519 [INFO] Screenshot: screenshots/u1_06_avatar_1779566593.png
2026-05-24 01:33:16,520 [INFO] Tap [Avatar Save] at pixel (1158,670)
2026-05-24 01:33:21,481 [INFO] Screenshot: screenshots/u1_07_after_avatar_1779566599.png
2026-05-24 01:33:21,483 [INFO] OK | 8247282471 | Step 3: Avatar saved
2026-05-24 01:33:21,483 [INFO] Handling: Language dialog
2026-05-24 01:33:21,483 [INFO] Waiting 5s — language dialog
2026-05-24 01:33:28,515 [INFO] Screenshot: screenshots/u1_08_language_1779566606.png
2026-05-24 01:33:28,515 [INFO] Tap [language dropdown] at pixel (1692,323)
2026-05-24 01:33:32,561 [INFO] Screenshot: screenshots/u1_09_lang_dropdown_open_1779566610.png
2026-05-24 01:33:32,562 [INFO] Tap [language option 0] at pixel (1186,441)
2026-05-24 01:33:34,241 [INFO] Tap [language Save] at pixel (1177,905)
2026-05-24 01:33:41,191 [INFO] Screenshot: screenshots/u1_10_after_language_1779566617.png
2026-05-24 01:33:41,192 [INFO] OK | 8247282471 | Step 4: Language selected
2026-05-24 01:33:41,192 [INFO] --- Step 3: Handling post-login popups ---
2026-05-24 01:33:41,192 [INFO] Popup check: Enter button
2026-05-24 01:33:41,192 [INFO] Waiting 6s — Begin scene
2026-05-24 01:33:50,306 [INFO] Screenshot: screenshots/u1_11_begin_scene_1779566627.png
2026-05-24 01:33:50,306 [INFO] Tap [Skip button] at pixel (1195,567)
2026-05-24 01:33:50,972 [INFO] Waiting 8s — loading after Skip
2026-05-24 01:34:01,608 [INFO] Screenshot: screenshots/u1_12_after_skip_1779566638.png
2026-05-24 01:34:01,609 [INFO] Popup check: Streak
2026-05-24 01:34:07,079 [INFO] Screenshot: screenshots/u1_14_streak_check_1779566643.png
2026-05-24 01:34:07,079 [INFO] Tap [Streak X close] at pixel (2273,117)
2026-05-24 01:34:09,779 [INFO] Popup check: Welcome Back
2026-05-24 01:34:14,768 [INFO] Screenshot: screenshots/u1_13_welcome_back_check_1779566652.png
2026-05-24 01:34:14,768 [INFO] Tap [Welcome Back Continue] at pixel (1191,877)
2026-05-24 01:34:17,442 [INFO] Popup check: Test popup
2026-05-24 01:34:21,555 [INFO] Screenshot: screenshots/u1_15_test_popup_check_1779566659.png
2026-05-24 01:34:21,556 [INFO] Tap [Test Later] at pixel (1425,717)
2026-05-24 01:34:26,323 [INFO] Screenshot: screenshots/u1_16_home_screen_1779566664.png
2026-05-24 01:34:26,325 [INFO] OK | 8247282471 | Step 5: Popups handled, home screen reached
2026-05-24 01:34:26,325 [INFO] --- Step 4: Logout ---
2026-05-24 01:34:29,327 [INFO] Tap [parents icon (home screen)] at pixel (323,108)
2026-05-24 01:34:37,132 [INFO] Screenshot: screenshots/u1_17_parents_corner_1779566674.png
2026-05-24 01:34:37,132 [INFO] Tap [LOGOUT button (top-right)] at pixel (2236,103)
2026-05-24 01:34:45,586 [INFO] Screenshot: screenshots/u1_18_after_logout_1779566681.png
2026-05-24 01:34:45,587 [INFO] OK | 8247282471 | Step 6: Logout done
2026-05-24 01:34:45,588 [INFO] OK | 8247282471 | All steps passed
2026-05-24 01:34:45,588 [INFO] Restarting app...
2026-05-24 01:34:54,817 [INFO] App restarted
2026-05-24 01:34:54,817 [INFO] 
=======================================================
USER 2/2: 9000000002
=======================================================
2026-05-24 01:34:54,898 [INFO] Screen size detected: 2400 x 1080
2026-05-24 01:34:54,899 [INFO] --- Step 1: Login ---
2026-05-24 01:34:54,899 [INFO] Waiting 6s — splash → login screen
2026-05-24 01:35:04,726 [INFO] Screenshot: screenshots/u2_01_login_1779566700.png
2026-05-24 01:35:04,726 [INFO] Tap [mobile input] at pixel (1142,465)
2026-05-24 01:35:07,510 [INFO] Keyboard shown: False
2026-05-24 01:35:11,249 [INFO] Typed '9000000002' into [mobile input]
2026-05-24 01:35:12,750 [INFO] Tap [OK button] at pixel (1203,694)
2026-05-24 01:35:13,519 [INFO] Tap [confirm_button] at pixel (1203,694)
2026-05-24 01:35:16,179 [INFO] Screenshot: screenshots/u2_02_after_confirm_1779566714.png
2026-05-24 01:35:16,181 [INFO] OK | 9000000002 | Step 1: Login confirmed
2026-05-24 01:35:16,181 [INFO] --- Step 2: Waiting for screen after login ---
2026-05-24 01:35:16,181 [INFO] Waiting 12s — API response + screen load
2026-05-24 01:35:18,658 [INFO] Session closed
