2026-05-24 02:30:00,584 [INFO] Connecting to Appium...
2026-05-24 02:30:11,819 [INFO] App launched — screen 2400x1080
2026-05-24 02:30:11,837 [INFO] Total users: 1
2026-05-24 02:30:11,837 [INFO] 
===== USER 1: 8247282471 =====
2026-05-24 02:30:11,865 [INFO] Screen size detected: 2400 x 1080
2026-05-24 02:30:11,865 [INFO] Step 1: Login
2026-05-24 02:30:11,866 [INFO] Waiting 5s — login screen
2026-05-24 02:30:19,871 [INFO] Screenshot: screenshots/u1_login_1779570016.png
2026-05-24 02:30:19,871 [INFO] Tap [mobile] at pixel (1142,465)
2026-05-24 02:30:22,582 [INFO] Keyboard shown: True
2026-05-24 02:30:26,377 [INFO] Typed '8247282471' into [mobile]
2026-05-24 02:30:27,378 [INFO] Tap [OK] at pixel (2166,442)
2026-05-24 02:30:28,059 [INFO] Tap [CONFIRM] at pixel (1203,694)
2026-05-24 02:30:28,727 [INFO] Waiting for: post login
2026-05-24 02:30:36,728 [INFO] EXISTING USER FLOW
2026-05-24 02:30:36,729 [INFO] Select Profile
2026-05-24 02:30:36,729 [INFO] Waiting 3s — profile screen
2026-05-24 02:30:43,219 [INFO] Screenshot: screenshots/u1_profile_1779570039.png
2026-05-24 02:30:43,219 [INFO] Tap [profile] at pixel (802,581)
2026-05-24 02:30:44,882 [INFO] Tap [NEXT] at pixel (1120,891)
2026-05-24 02:30:47,547 [INFO] Avatar
2026-05-24 02:30:47,548 [INFO] Waiting 3s — avatar screen
2026-05-24 02:30:53,802 [INFO] Screenshot: screenshots/u1_avatar_1779570050.png
2026-05-24 02:30:53,802 [INFO] Tap [SAVE] at pixel (1158,670)
2026-05-24 02:30:56,473 [INFO] Language
2026-05-24 02:30:56,474 [INFO] Waiting 3s — language
2026-05-24 02:30:59,476 [INFO] Tap [dropdown] at pixel (1692,323)
2026-05-24 02:31:00,135 [INFO] Tap [language option] at pixel (1186,441)
2026-05-24 02:31:00,799 [INFO] Tap [SAVE] at pixel (1177,905)
2026-05-24 02:31:03,468 [INFO] Handling popups
2026-05-24 02:31:06,541 [INFO] Screenshot: screenshots/u1_popup_0_1779570063.png
2026-05-24 02:31:06,542 [INFO] Tap [skip] at pixel (1992,938)
2026-05-24 02:31:07,209 [INFO] Tap [close streak] at pixel (2273,117)
2026-05-24 02:31:07,998 [INFO] Tap [continue] at pixel (1191,877)
2026-05-24 02:31:08,668 [INFO] Tap [later] at pixel (1425,717)
2026-05-24 02:31:14,421 [INFO] Screenshot: screenshots/u1_popup_1_1779570071.png
2026-05-24 02:31:14,421 [INFO] Tap [skip] at pixel (1992,938)
2026-05-24 02:31:15,110 [INFO] Tap [close streak] at pixel (2273,117)
2026-05-24 02:31:15,786 [INFO] Tap [continue] at pixel (1191,877)
2026-05-24 02:31:16,456 [INFO] Tap [later] at pixel (1425,717)
2026-05-24 02:31:21,371 [INFO] Screenshot: screenshots/u1_popup_2_1779570079.png
2026-05-24 02:31:21,372 [INFO] Tap [skip] at pixel (1992,938)
2026-05-24 02:31:22,024 [INFO] Tap [close streak] at pixel (2273,117)
2026-05-24 02:31:22,676 [INFO] Tap [continue] at pixel (1191,877)
2026-05-24 02:31:23,343 [INFO] Tap [later] at pixel (1425,717)
2026-05-24 02:31:28,854 [INFO] Screenshot: screenshots/u1_popup_3_1779570086.png
2026-05-24 02:31:28,855 [INFO] Tap [skip] at pixel (1992,938)
2026-05-24 02:31:29,600 [INFO] Tap [close streak] at pixel (2273,117)
2026-05-24 02:31:30,240 [INFO] Tap [continue] at pixel (1191,877)
2026-05-24 02:31:30,900 [INFO] Tap [later] at pixel (1425,717)
2026-05-24 02:31:36,847 [INFO] Screenshot: screenshots/u1_16_home_screen_1779570093.png
2026-05-24 02:31:36,848 [INFO] OK | 8247282471 | Step 5: Popups handled, home screen reached
2026-05-24 02:31:36,848 [INFO] Waiting 3s — home screen
2026-05-24 02:31:39,849 [INFO] Tap [parents icon (home screen)] at pixel (323,108)
2026-05-24 02:31:47,422 [INFO] Screenshot: screenshots/u1_17_parents_corner_1779570104.png
2026-05-24 02:31:47,422 [INFO] Tap [LOGOUT button (top-right)] at pixel (2236,103)
2026-05-24 02:31:55,103 [INFO] Screenshot: screenshots/u1_18_after_logout_1779570112.png
2026-05-24 02:31:55,103 [INFO] OK | 8247282471 | Step 6: Logout done
2026-05-24 02:31:55,104 [INFO] OK | 8247282471 | PASS
2026-05-24 02:31:55,105 [INFO] ALL USERS COMPLETED
2026-05-24 02:31:55,105 [INFO] PASS — tests/test_login_flow.py::TestLoginFlow::test_all_users
2026-05-24 02:31:55,430 [INFO] Session closed
