2026-05-24 20:59:09,907 [INFO] Connecting to Appium...
2026-05-24 20:59:28,747 [INFO] App launched — screen 2400x1080
2026-05-24 20:59:28,754 [INFO] Total users: 1
2026-05-24 20:59:28,755 [INFO] 
===== USER 1: 8247282471 =====
2026-05-24 20:59:28,819 [INFO] Screen size detected: 2400 x 1080
2026-05-24 20:59:49,974 [INFO] STEP 1: LOGIN
2026-05-24 20:59:49,975 [INFO] Assuming login screen is visible
2026-05-24 20:59:49,975 [INFO] Tap [mobile] at (1142,465)
2026-05-24 20:59:59,909 [INFO] Typed [8247282471] into [mobile]
2026-05-24 21:00:00,910 [INFO] Tap [OK] at (2166,442)
2026-05-24 21:00:02,153 [INFO] CLICK CONFIRM
2026-05-24 21:00:02,153 [INFO] Tap [CONFIRM] at (1203,694)
2026-05-24 21:00:03,528 [INFO] Waiting for Unity transition...
2026-05-24 21:00:11,776 [INFO] AFTER CONFIRM SCREEN: unknown
2026-05-24 21:00:11,776 [INFO] Proceeding to next step after login delay
2026-05-24 21:00:16,780 [INFO] Assuming next screen: Select_Profile_screen
2026-05-24 21:00:16,780 [INFO] SELECT PROFILE
2026-05-24 21:00:16,780 [INFO] Tap [profile] at (802,581)
2026-05-24 21:00:18,023 [INFO] Tap [NEXT] at (1120,891)
2026-05-24 21:00:19,379 [INFO] AVATAR
2026-05-24 21:00:19,380 [INFO] Tap [SAVE] at (1158,670)
2026-05-24 21:00:22,445 [INFO] Session closed
