2026-05-24 22:27:22,943 [INFO] Connecting to Appium...
2026-05-24 22:27:33,930 [INFO] App launched — screen 2400x1080
2026-05-24 22:27:33,931 [INFO] Total users: 1
2026-05-24 22:27:33,931 [INFO] 
===== USER 1: 8247282471 =====
2026-05-24 22:27:33,958 [INFO] Screen size detected: 2400 x 1080
2026-05-24 22:27:50,474 [INFO] STEP 1: LOGIN
2026-05-24 22:27:50,474 [INFO] Tap [mobile] at (1142,465)
2026-05-24 22:27:56,777 [INFO] Typed [8247282471] into [mobile]
2026-05-24 22:27:57,779 [INFO] Tap [OK] at (2166,442)
2026-05-24 22:27:58,951 [INFO] Tap [CONFIRM] at (1203,694)
2026-05-24 22:28:00,140 [INFO] Waiting for Unity transition...
2026-05-24 22:28:08,143 [INFO] Proceeding after login
2026-05-24 22:28:13,506 [INFO] [SCREEN] unknown
2026-05-24 22:28:14,602 [INFO] [SCREEN] unknown
2026-05-24 22:28:15,707 [INFO] [SCREEN] unknown
2026-05-24 22:28:16,813 [INFO] [SCREEN] unknown
2026-05-24 22:28:17,922 [INFO] [SCREEN] unknown
2026-05-24 22:28:19,026 [INFO] [SCREEN] unknown
2026-05-24 22:28:20,131 [INFO] [SCREEN] unknown
2026-05-24 22:28:21,229 [INFO] [SCREEN] unknown
2026-05-24 22:28:22,338 [INFO] [SCREEN] unknown
2026-05-24 22:28:23,451 [INFO] [SCREEN] unknown
2026-05-24 22:28:25,088 [INFO] [SCREEN] unknown
2026-05-24 22:28:26,194 [INFO] [SCREEN] unknown
2026-05-24 22:28:27,313 [INFO] [SCREEN] unknown
2026-05-24 22:28:28,449 [INFO] [SCREEN] unknown
2026-05-24 22:28:29,554 [INFO] [SCREEN] unknown
2026-05-24 22:28:30,889 [INFO] Session closed
