2026-05-24 22:24:21,418 [INFO] Connecting to Appium...
2026-05-24 22:24:34,304 [INFO] App launched — screen 1080x2400
2026-05-24 22:24:34,309 [INFO] Total users: 1
2026-05-24 22:24:34,309 [INFO] 
===== USER 1: 8247282471 =====
2026-05-24 22:24:34,342 [INFO] Screen size detected: 1080 x 2400
2026-05-24 22:25:26,816 [INFO] STEP 1: LOGIN
2026-05-24 22:25:26,816 [INFO] Tap [mobile] at (1142,465)
2026-05-24 22:25:36,694 [INFO] Typed [8247282471] into [mobile]
2026-05-24 22:25:37,695 [INFO] Tap [OK] at (2166,442)
2026-05-24 22:25:38,976 [INFO] Tap [CONFIRM] at (1203,694)
2026-05-24 22:25:40,315 [INFO] Waiting for Unity transition...
2026-05-24 22:25:48,316 [INFO] Proceeding after login
2026-05-24 22:25:53,344 [ERROR] Screen detection error: Message: 'GET /session/382d2984-0f2a-41a8-b880-a325cf813eae/source' cannot be proxied to UiAutomator2 server because the instrumentation process is not running (probably crashed). Check the server log and/or the logcat output for more details
Stacktrace:
InvalidContextError: 'GET /session/382d2984-0f2a-41a8-b880-a325cf813eae/source' cannot be proxied to UiAutomator2 server because the instrumentation process is not running (probably crashed). Check the server log and/or the logcat output for more details
    at UIA2Proxy.proxyCommand (C:\Users\user\.appium\node_modules\appium-uiautomator2-driver\lib\uiautomator2.js:32:13)
    at UIA2Proxy.proxyReqRes (C:\Users\user\AppData\Roaming\npm\node_modules\appium\node_modules\@appium\base-driver\lib\jsonwp-proxy\proxy.js:426:43)
    at runCommandPromise (C:\Users\user\AppData\Roaming\npm\node_modules\appium\node_modules\@appium\base-driver\lib\basedriver\driver.ts:116:20)
    at C:\Users\user\AppData\Roaming\npm\node_modules\appium\node_modules\async-lock\lib\index.js:171:12
    at AsyncLock._promiseTry (C:\Users\user\AppData\Roaming\npm\node_modules\appium\node_modules\async-lock\lib\index.js:306:31)
    at exec (C:\Users\user\AppData\Roaming\npm\node_modules\appium\node_modules\async-lock\lib\index.js:170:9)
    at AsyncLock.acquire (C:\Users\user\AppData\Roaming\npm\node_modules\appium\node_modules\async-lock\lib\index.js:189:3)
    at AndroidUiautomator2Driver.executeCommand (C:\Users\user\AppData\Roaming\npm\node_modules\appium\node_modules\@appium\base-driver\lib\basedriver\driver.ts:160:39)
    at processTicksAndRejections (node:internal/process/task_queues:103:5)
    at defaultBehavior (C:\Users\user\AppData\Roaming\npm\node_modules\appium\lib\appium.js:1123:14)
    at AppiumDriver.executeWrappedCommand (C:\Users\user\AppData\Roaming\npm\node_modules\appium\lib\appium.js:1229:16)
    at AppiumDriver.executeCommand (C:\Users\user\AppData\Roaming\npm\node_modules\appium\lib\appium.js:1135:17)
    at doJwpProxy (C:\Users\user\AppData\Roaming\npm\node_modules\appium\node_modules\@appium\base-driver\lib\protocol\protocol.js:549:5)
    at asyncHandler (C:\Users\user\AppData\Roaming\npm\node_modules\appium\node_modules\@appium\base-driver\lib\protocol\protocol.js:328:11)
2026-05-24 22:25:53,348 [ERROR] Screen detection error: Message: 'GET /session/382d2984-0f2a-41a8-b880-a325cf813eae/source' cannot be proxied to UiAutomator2 server because the instrumentation process is not running (probably crashed). Check the server log and/or the logcat output for more details
Stacktrace:
InvalidContextError: 'GET /session/382d2984-0f2a-41a8-b880-a325cf813eae/source' cannot be proxied to UiAutomator2 server because the instrumentation process is not running (probably crashed). Check the server log and/or the logcat output for more details
    at UIA2Proxy.proxyCommand (C:\Users\user\.appium\node_modules\appium-uiautomator2-driver\lib\uiautomator2.js:32:13)
    at UIA2Proxy.proxyReqRes (C:\Users\user\AppData\Roaming\npm\node_modules\appium\node_modules\@appium\base-driver\lib\jsonwp-proxy\proxy.js:426:43)
    at runCommandPromise (C:\Users\user\AppData\Roaming\npm\node_modules\appium\node_modules\@appium\base-driver\lib\basedriver\driver.ts:116:20)
    at C:\Users\user\AppData\Roaming\npm\node_modules\appium\node_modules\async-lock\lib\index.js:171:12
    at AsyncLock._promiseTry (C:\Users\user\AppData\Roaming\npm\node_modules\appium\node_modules\async-lock\lib\index.js:306:31)
    at exec (C:\Users\user\AppData\Roaming\npm\node_modules\appium\node_modules\async-lock\lib\index.js:170:9)
    at AsyncLock.acquire (C:\Users\user\AppData\Roaming\npm\node_modules\appium\node_modules\async-lock\lib\index.js:189:3)
    at AndroidUiautomator2Driver.executeCommand (C:\Users\user\AppData\Roaming\npm\node_modules\appium\node_modules\@appium\base-driver\lib\basedriver\driver.ts:160:39)
    at processTicksAndRejections (node:internal/process/task_queues:103:5)
    at defaultBehavior (C:\Users\user\AppData\Roaming\npm\node_modules\appium\lib\appium.js:1123:14)
    at AppiumDriver.executeWrappedCommand (C:\Users\user\AppData\Roaming\npm\node_modules\appium\lib\appium.js:1229:16)
    at AppiumDriver.executeCommand (C:\Users\user\AppData\Roaming\npm\node_modules\appium\lib\appium.js:1135:17)
    at doJwpProxy (C:\Users\user\AppData\Roaming\npm\node_modules\appium\node_modules\@appium\base-driver\lib\protocol\protocol.js:549:5)
    at asyncHandler (C:\Users\user\AppData\Roaming\npm\node_modules\appium\node_modules\@appium\base-driver\lib\protocol\protocol.js:328:11)
2026-05-24 22:25:53,356 [ERROR] Screen detection error: Message: 'GET /session/382d2984-0f2a-41a8-b880-a325cf813eae/source' cannot be proxied to UiAutomator2 server because the instrumentation process is not running (probably crashed). Check the server log and/or the logcat output for more details
Stacktrace:
InvalidContextError: 'GET /session/382d2984-0f2a-41a8-b880-a325cf813eae/source' cannot be proxied to UiAutomator2 server because the instrumentation process is not running (probably crashed). Check the server log and/or the logcat output for more details
    at UIA2Proxy.proxyCommand (C:\Users\user\.appium\node_modules\appium-uiautomator2-driver\lib\uiautomator2.js:32:13)
    at UIA2Proxy.proxyReqRes (C:\Users\user\AppData\Roaming\npm\node_modules\appium\node_modules\@appium\base-driver\lib\jsonwp-proxy\proxy.js:426:43)
    at runCommandPromise (C:\Users\user\AppData\Roaming\npm\node_modules\appium\node_modules\@appium\base-driver\lib\basedriver\driver.ts:116:20)
    at C:\Users\user\AppData\Roaming\npm\node_modules\appium\node_modules\async-lock\lib\index.js:171:12
    at AsyncLock._promiseTry (C:\Users\user\AppData\Roaming\npm\node_modules\appium\node_modules\async-lock\lib\index.js:306:31)
    at exec (C:\Users\user\AppData\Roaming\npm\node_modules\appium\node_modules\async-lock\lib\index.js:170:9)
    at AsyncLock.acquire (C:\Users\user\AppData\Roaming\npm\node_modules\appium\node_modules\async-lock\lib\index.js:189:3)
    at AndroidUiautomator2Driver.executeCommand (C:\Users\user\AppData\Roaming\npm\node_modules\appium\node_modules\@appium\base-driver\lib\basedriver\driver.ts:160:39)
    at processTicksAndRejections (node:internal/process/task_queues:103:5)
    at defaultBehavior (C:\Users\user\AppData\Roaming\npm\node_modules\appium\lib\appium.js:1123:14)
    at AppiumDriver.executeWrappedCommand (C:\Users\user\AppData\Roaming\npm\node_modules\appium\lib\appium.js:1229:16)
    at AppiumDriver.executeCommand (C:\Users\user\AppData\Roaming\npm\node_modules\appium\lib\appium.js:1135:17)
    at doJwpProxy (C:\Users\user\AppData\Roaming\npm\node_modules\appium\node_modules\@appium\base-driver\lib\protocol\protocol.js:549:5)
    at asyncHandler (C:\Users\user\AppData\Roaming\npm\node_modules\appium\node_modules\@appium\base-driver\lib\protocol\protocol.js:328:11)
2026-05-24 22:25:53,360 [ERROR] Screen detection error: Message: 'GET /session/382d2984-0f2a-41a8-b880-a325cf813eae/source' cannot be proxied to UiAutomator2 server because the instrumentation process is not running (probably crashed). Check the server log and/or the logcat output for more details
Stacktrace:
InvalidContextError: 'GET /session/382d2984-0f2a-41a8-b880-a325cf813eae/source' cannot be proxied to UiAutomator2 server because the instrumentation process is not running (probably crashed). Check the server log and/or the logcat output for more details
    at UIA2Proxy.proxyCommand (C:\Users\user\.appium\node_modules\appium-uiautomator2-driver\lib\uiautomator2.js:32:13)
    at UIA2Proxy.proxyReqRes (C:\Users\user\AppData\Roaming\npm\node_modules\appium\node_modules\@appium\base-driver\lib\jsonwp-proxy\proxy.js:426:43)
    at runCommandPromise (C:\Users\user\AppData\Roaming\npm\node_modules\appium\node_modules\@appium\base-driver\lib\basedriver\driver.ts:116:20)
    at C:\Users\user\AppData\Roaming\npm\node_modules\appium\node_modules\async-lock\lib\index.js:171:12
    at AsyncLock._promiseTry (C:\Users\user\AppData\Roaming\npm\node_modules\appium\node_modules\async-lock\lib\index.js:306:31)
    at exec (C:\Users\user\AppData\Roaming\npm\node_modules\appium\node_modules\async-lock\lib\index.js:170:9)
    at AsyncLock.acquire (C:\Users\user\AppData\Roaming\npm\node_modules\appium\node_modules\async-lock\lib\index.js:189:3)
    at AndroidUiautomator2Driver.executeCommand (C:\Users\user\AppData\Roaming\npm\node_modules\appium\node_modules\@appium\base-driver\lib\basedriver\driver.ts:160:39)
    at processTicksAndRejections (node:internal/process/task_queues:103:5)
    at defaultBehavior (C:\Users\user\AppData\Roaming\npm\node_modules\appium\lib\appium.js:1123:14)
    at AppiumDriver.executeWrappedCommand (C:\Users\user\AppData\Roaming\npm\node_modules\appium\lib\appium.js:1229:16)
    at AppiumDriver.executeCommand (C:\Users\user\AppData\Roaming\npm\node_modules\appium\lib\appium.js:1135:17)
    at doJwpProxy (C:\Users\user\AppData\Roaming\npm\node_modules\appium\node_modules\@appium\base-driver\lib\protocol\protocol.js:549:5)
    at asyncHandler (C:\Users\user\AppData\Roaming\npm\node_modules\appium\node_modules\@appium\base-driver\lib\protocol\protocol.js:328:11)
2026-05-24 22:25:53,364 [INFO] [SCREEN] unknown
2026-05-24 22:25:54,365 [ERROR] Screen detection error: Message: 'GET /session/382d2984-0f2a-41a8-b880-a325cf813eae/source' cannot be proxied to UiAutomator2 server because the instrumentation process is not running (probably crashed). Check the server log and/or the logcat output for more details
Stacktrace:
InvalidContextError: 'GET /session/382d2984-0f2a-41a8-b880-a325cf813eae/source' cannot be proxied to UiAutomator2 server because the instrumentation process is not running (probably crashed). Check the server log and/or the logcat output for more details
    at UIA2Proxy.proxyCommand (C:\Users\user\.appium\node_modules\appium-uiautomator2-driver\lib\uiautomator2.js:32:13)
    at UIA2Proxy.proxyReqRes (C:\Users\user\AppData\Roaming\npm\node_modules\appium\node_modules\@appium\base-driver\lib\jsonwp-proxy\proxy.js:426:43)
    at runCommandPromise (C:\Users\user\AppData\Roaming\npm\node_modules\appium\node_modules\@appium\base-driver\lib\basedriver\driver.ts:116:20)
    at C:\Users\user\AppData\Roaming\npm\node_modules\appium\node_modules\async-lock\lib\index.js:171:12
    at AsyncLock._promiseTry (C:\Users\user\AppData\Roaming\npm\node_modules\appium\node_modules\async-lock\lib\index.js:306:31)
    at exec (C:\Users\user\AppData\Roaming\npm\node_modules\appium\node_modules\async-lock\lib\index.js:170:9)
    at AsyncLock.acquire (C:\Users\user\AppData\Roaming\npm\node_modules\appium\node_modules\async-lock\lib\index.js:189:3)
    at AndroidUiautomator2Driver.executeCommand (C:\Users\user\AppData\Roaming\npm\node_modules\appium\node_modules\@appium\base-driver\lib\basedriver\driver.ts:160:39)
    at processTicksAndRejections (node:internal/process/task_queues:103:5)
    at defaultBehavior (C:\Users\user\AppData\Roaming\npm\node_modules\appium\lib\appium.js:1123:14)
    at AppiumDriver.executeWrappedCommand (C:\Users\user\AppData\Roaming\npm\node_modules\appium\lib\appium.js:1229:16)
    at AppiumDriver.executeCommand (C:\Users\user\AppData\Roaming\npm\node_modules\appium\lib\appium.js:1135:17)
    at doJwpProxy (C:\Users\user\AppData\Roaming\npm\node_modules\appium\node_modules\@appium\base-driver\lib\protocol\protocol.js:549:5)
    at asyncHandler (C:\Users\user\AppData\Roaming\npm\node_modules\appium\node_modules\@appium\base-driver\lib\protocol\protocol.js:328:11)
2026-05-24 22:25:54,365 [INFO] [SCREEN] unknown
2026-05-24 22:25:55,377 [ERROR] Screen detection error: Message: 'GET /session/382d2984-0f2a-41a8-b880-a325cf813eae/source' cannot be proxied to UiAutomator2 server because the instrumentation process is not running (probably crashed). Check the server log and/or the logcat output for more details
Stacktrace:
InvalidContextError: 'GET /session/382d2984-0f2a-41a8-b880-a325cf813eae/source' cannot be proxied to UiAutomator2 server because the instrumentation process is not running (probably crashed). Check the server log and/or the logcat output for more details
    at UIA2Proxy.proxyCommand (C:\Users\user\.appium\node_modules\appium-uiautomator2-driver\lib\uiautomator2.js:32:13)
    at UIA2Proxy.proxyReqRes (C:\Users\user\AppData\Roaming\npm\node_modules\appium\node_modules\@appium\base-driver\lib\jsonwp-proxy\proxy.js:426:43)
    at runCommandPromise (C:\Users\user\AppData\Roaming\npm\node_modules\appium\node_modules\@appium\base-driver\lib\basedriver\driver.ts:116:20)
    at C:\Users\user\AppData\Roaming\npm\node_modules\appium\node_modules\async-lock\lib\index.js:171:12
    at AsyncLock._promiseTry (C:\Users\user\AppData\Roaming\npm\node_modules\appium\node_modules\async-lock\lib\index.js:306:31)
    at exec (C:\Users\user\AppData\Roaming\npm\node_modules\appium\node_modules\async-lock\lib\index.js:170:9)
    at AsyncLock.acquire (C:\Users\user\AppData\Roaming\npm\node_modules\appium\node_modules\async-lock\lib\index.js:189:3)
    at AndroidUiautomator2Driver.executeCommand (C:\Users\user\AppData\Roaming\npm\node_modules\appium\node_modules\@appium\base-driver\lib\basedriver\driver.ts:160:39)
    at processTicksAndRejections (node:internal/process/task_queues:103:5)
    at defaultBehavior (C:\Users\user\AppData\Roaming\npm\node_modules\appium\lib\appium.js:1123:14)
    at AppiumDriver.executeWrappedCommand (C:\Users\user\AppData\Roaming\npm\node_modules\appium\lib\appium.js:1229:16)
    at AppiumDriver.executeCommand (C:\Users\user\AppData\Roaming\npm\node_modules\appium\lib\appium.js:1135:17)
    at doJwpProxy (C:\Users\user\AppData\Roaming\npm\node_modules\appium\node_modules\@appium\base-driver\lib\protocol\protocol.js:549:5)
    at asyncHandler (C:\Users\user\AppData\Roaming\npm\node_modules\appium\node_modules\@appium\base-driver\lib\protocol\protocol.js:328:11)
2026-05-24 22:25:55,377 [INFO] [SCREEN] unknown
2026-05-24 22:25:56,388 [ERROR] Screen detection error: Message: 'GET /session/382d2984-0f2a-41a8-b880-a325cf813eae/source' cannot be proxied to UiAutomator2 server because the instrumentation process is not running (probably crashed). Check the server log and/or the logcat output for more details
Stacktrace:
InvalidContextError: 'GET /session/382d2984-0f2a-41a8-b880-a325cf813eae/source' cannot be proxied to UiAutomator2 server because the instrumentation process is not running (probably crashed). Check the server log and/or the logcat output for more details
    at UIA2Proxy.proxyCommand (C:\Users\user\.appium\node_modules\appium-uiautomator2-driver\lib\uiautomator2.js:32:13)
    at UIA2Proxy.proxyReqRes (C:\Users\user\AppData\Roaming\npm\node_modules\appium\node_modules\@appium\base-driver\lib\jsonwp-proxy\proxy.js:426:43)
    at runCommandPromise (C:\Users\user\AppData\Roaming\npm\node_modules\appium\node_modules\@appium\base-driver\lib\basedriver\driver.ts:116:20)
    at C:\Users\user\AppData\Roaming\npm\node_modules\appium\node_modules\async-lock\lib\index.js:171:12
    at AsyncLock._promiseTry (C:\Users\user\AppData\Roaming\npm\node_modules\appium\node_modules\async-lock\lib\index.js:306:31)
    at exec (C:\Users\user\AppData\Roaming\npm\node_modules\appium\node_modules\async-lock\lib\index.js:170:9)
    at AsyncLock.acquire (C:\Users\user\AppData\Roaming\npm\node_modules\appium\node_modules\async-lock\lib\index.js:189:3)
    at AndroidUiautomator2Driver.executeCommand (C:\Users\user\AppData\Roaming\npm\node_modules\appium\node_modules\@appium\base-driver\lib\basedriver\driver.ts:160:39)
    at processTicksAndRejections (node:internal/process/task_queues:103:5)
    at defaultBehavior (C:\Users\user\AppData\Roaming\npm\node_modules\appium\lib\appium.js:1123:14)
    at AppiumDriver.executeWrappedCommand (C:\Users\user\AppData\Roaming\npm\node_modules\appium\lib\appium.js:1229:16)
    at AppiumDriver.executeCommand (C:\Users\user\AppData\Roaming\npm\node_modules\appium\lib\appium.js:1135:17)
    at doJwpProxy (C:\Users\user\AppData\Roaming\npm\node_modules\appium\node_modules\@appium\base-driver\lib\protocol\protocol.js:549:5)
    at asyncHandler (C:\Users\user\AppData\Roaming\npm\node_modules\appium\node_modules\@appium\base-driver\lib\protocol\protocol.js:328:11)
2026-05-24 22:25:56,388 [INFO] [SCREEN] unknown
2026-05-24 22:25:57,398 [ERROR] Screen detection error: Message: 'GET /session/382d2984-0f2a-41a8-b880-a325cf813eae/source' cannot be proxied to UiAutomator2 server because the instrumentation process is not running (probably crashed). Check the server log and/or the logcat output for more details
Stacktrace:
InvalidContextError: 'GET /session/382d2984-0f2a-41a8-b880-a325cf813eae/source' cannot be proxied to UiAutomator2 server because the instrumentation process is not running (probably crashed). Check the server log and/or the logcat output for more details
    at UIA2Proxy.proxyCommand (C:\Users\user\.appium\node_modules\appium-uiautomator2-driver\lib\uiautomator2.js:32:13)
    at UIA2Proxy.proxyReqRes (C:\Users\user\AppData\Roaming\npm\node_modules\appium\node_modules\@appium\base-driver\lib\jsonwp-proxy\proxy.js:426:43)
    at runCommandPromise (C:\Users\user\AppData\Roaming\npm\node_modules\appium\node_modules\@appium\base-driver\lib\basedriver\driver.ts:116:20)
    at C:\Users\user\AppData\Roaming\npm\node_modules\appium\node_modules\async-lock\lib\index.js:171:12
    at AsyncLock._promiseTry (C:\Users\user\AppData\Roaming\npm\node_modules\appium\node_modules\async-lock\lib\index.js:306:31)
    at exec (C:\Users\user\AppData\Roaming\npm\node_modules\appium\node_modules\async-lock\lib\index.js:170:9)
    at AsyncLock.acquire (C:\Users\user\AppData\Roaming\npm\node_modules\appium\node_modules\async-lock\lib\index.js:189:3)
    at AndroidUiautomator2Driver.executeCommand (C:\Users\user\AppData\Roaming\npm\node_modules\appium\node_modules\@appium\base-driver\lib\basedriver\driver.ts:160:39)
    at processTicksAndRejections (node:internal/process/task_queues:103:5)
    at defaultBehavior (C:\Users\user\AppData\Roaming\npm\node_modules\appium\lib\appium.js:1123:14)
    at AppiumDriver.executeWrappedCommand (C:\Users\user\AppData\Roaming\npm\node_modules\appium\lib\appium.js:1229:16)
    at AppiumDriver.executeCommand (C:\Users\user\AppData\Roaming\npm\node_modules\appium\lib\appium.js:1135:17)
    at doJwpProxy (C:\Users\user\AppData\Roaming\npm\node_modules\appium\node_modules\@appium\base-driver\lib\protocol\protocol.js:549:5)
    at asyncHandler (C:\Users\user\AppData\Roaming\npm\node_modules\appium\node_modules\@appium\base-driver\lib\protocol\protocol.js:328:11)
2026-05-24 22:25:57,398 [INFO] [SCREEN] unknown
2026-05-24 22:25:58,407 [ERROR] Screen detection error: Message: 'GET /session/382d2984-0f2a-41a8-b880-a325cf813eae/source' cannot be proxied to UiAutomator2 server because the instrumentation process is not running (probably crashed). Check the server log and/or the logcat output for more details
Stacktrace:
InvalidContextError: 'GET /session/382d2984-0f2a-41a8-b880-a325cf813eae/source' cannot be proxied to UiAutomator2 server because the instrumentation process is not running (probably crashed). Check the server log and/or the logcat output for more details
    at UIA2Proxy.proxyCommand (C:\Users\user\.appium\node_modules\appium-uiautomator2-driver\lib\uiautomator2.js:32:13)
    at UIA2Proxy.proxyReqRes (C:\Users\user\AppData\Roaming\npm\node_modules\appium\node_modules\@appium\base-driver\lib\jsonwp-proxy\proxy.js:426:43)
    at runCommandPromise (C:\Users\user\AppData\Roaming\npm\node_modules\appium\node_modules\@appium\base-driver\lib\basedriver\driver.ts:116:20)
    at C:\Users\user\AppData\Roaming\npm\node_modules\appium\node_modules\async-lock\lib\index.js:171:12
    at AsyncLock._promiseTry (C:\Users\user\AppData\Roaming\npm\node_modules\appium\node_modules\async-lock\lib\index.js:306:31)
    at exec (C:\Users\user\AppData\Roaming\npm\node_modules\appium\node_modules\async-lock\lib\index.js:170:9)
    at AsyncLock.acquire (C:\Users\user\AppData\Roaming\npm\node_modules\appium\node_modules\async-lock\lib\index.js:189:3)
    at AndroidUiautomator2Driver.executeCommand (C:\Users\user\AppData\Roaming\npm\node_modules\appium\node_modules\@appium\base-driver\lib\basedriver\driver.ts:160:39)
    at processTicksAndRejections (node:internal/process/task_queues:103:5)
    at defaultBehavior (C:\Users\user\AppData\Roaming\npm\node_modules\appium\lib\appium.js:1123:14)
    at AppiumDriver.executeWrappedCommand (C:\Users\user\AppData\Roaming\npm\node_modules\appium\lib\appium.js:1229:16)
    at AppiumDriver.executeCommand (C:\Users\user\AppData\Roaming\npm\node_modules\appium\lib\appium.js:1135:17)
    at doJwpProxy (C:\Users\user\AppData\Roaming\npm\node_modules\appium\node_modules\@appium\base-driver\lib\protocol\protocol.js:549:5)
    at asyncHandler (C:\Users\user\AppData\Roaming\npm\node_modules\appium\node_modules\@appium\base-driver\lib\protocol\protocol.js:328:11)
2026-05-24 22:25:58,407 [INFO] [SCREEN] unknown
2026-05-24 22:25:59,414 [ERROR] Screen detection error: Message: 'GET /session/382d2984-0f2a-41a8-b880-a325cf813eae/source' cannot be proxied to UiAutomator2 server because the instrumentation process is not running (probably crashed). Check the server log and/or the logcat output for more details
Stacktrace:
InvalidContextError: 'GET /session/382d2984-0f2a-41a8-b880-a325cf813eae/source' cannot be proxied to UiAutomator2 server because the instrumentation process is not running (probably crashed). Check the server log and/or the logcat output for more details
    at UIA2Proxy.proxyCommand (C:\Users\user\.appium\node_modules\appium-uiautomator2-driver\lib\uiautomator2.js:32:13)
    at UIA2Proxy.proxyReqRes (C:\Users\user\AppData\Roaming\npm\node_modules\appium\node_modules\@appium\base-driver\lib\jsonwp-proxy\proxy.js:426:43)
    at runCommandPromise (C:\Users\user\AppData\Roaming\npm\node_modules\appium\node_modules\@appium\base-driver\lib\basedriver\driver.ts:116:20)
    at C:\Users\user\AppData\Roaming\npm\node_modules\appium\node_modules\async-lock\lib\index.js:171:12
    at AsyncLock._promiseTry (C:\Users\user\AppData\Roaming\npm\node_modules\appium\node_modules\async-lock\lib\index.js:306:31)
    at exec (C:\Users\user\AppData\Roaming\npm\node_modules\appium\node_modules\async-lock\lib\index.js:170:9)
    at AsyncLock.acquire (C:\Users\user\AppData\Roaming\npm\node_modules\appium\node_modules\async-lock\lib\index.js:189:3)
    at AndroidUiautomator2Driver.executeCommand (C:\Users\user\AppData\Roaming\npm\node_modules\appium\node_modules\@appium\base-driver\lib\basedriver\driver.ts:160:39)
    at processTicksAndRejections (node:internal/process/task_queues:103:5)
    at defaultBehavior (C:\Users\user\AppData\Roaming\npm\node_modules\appium\lib\appium.js:1123:14)
    at AppiumDriver.executeWrappedCommand (C:\Users\user\AppData\Roaming\npm\node_modules\appium\lib\appium.js:1229:16)
    at AppiumDriver.executeCommand (C:\Users\user\AppData\Roaming\npm\node_modules\appium\lib\appium.js:1135:17)
    at doJwpProxy (C:\Users\user\AppData\Roaming\npm\node_modules\appium\node_modules\@appium\base-driver\lib\protocol\protocol.js:549:5)
    at asyncHandler (C:\Users\user\AppData\Roaming\npm\node_modules\appium\node_modules\@appium\base-driver\lib\protocol\protocol.js:328:11)
2026-05-24 22:25:59,414 [INFO] [SCREEN] unknown
2026-05-24 22:26:00,415 [ERROR] Screen detection error: Message: 'GET /session/382d2984-0f2a-41a8-b880-a325cf813eae/source' cannot be proxied to UiAutomator2 server because the instrumentation process is not running (probably crashed). Check the server log and/or the logcat output for more details
Stacktrace:
InvalidContextError: 'GET /session/382d2984-0f2a-41a8-b880-a325cf813eae/source' cannot be proxied to UiAutomator2 server because the instrumentation process is not running (probably crashed). Check the server log and/or the logcat output for more details
    at UIA2Proxy.proxyCommand (C:\Users\user\.appium\node_modules\appium-uiautomator2-driver\lib\uiautomator2.js:32:13)
    at UIA2Proxy.proxyReqRes (C:\Users\user\AppData\Roaming\npm\node_modules\appium\node_modules\@appium\base-driver\lib\jsonwp-proxy\proxy.js:426:43)
    at runCommandPromise (C:\Users\user\AppData\Roaming\npm\node_modules\appium\node_modules\@appium\base-driver\lib\basedriver\driver.ts:116:20)
    at C:\Users\user\AppData\Roaming\npm\node_modules\appium\node_modules\async-lock\lib\index.js:171:12
    at AsyncLock._promiseTry (C:\Users\user\AppData\Roaming\npm\node_modules\appium\node_modules\async-lock\lib\index.js:306:31)
    at exec (C:\Users\user\AppData\Roaming\npm\node_modules\appium\node_modules\async-lock\lib\index.js:170:9)
    at AsyncLock.acquire (C:\Users\user\AppData\Roaming\npm\node_modules\appium\node_modules\async-lock\lib\index.js:189:3)
    at AndroidUiautomator2Driver.executeCommand (C:\Users\user\AppData\Roaming\npm\node_modules\appium\node_modules\@appium\base-driver\lib\basedriver\driver.ts:160:39)
    at processTicksAndRejections (node:internal/process/task_queues:103:5)
    at defaultBehavior (C:\Users\user\AppData\Roaming\npm\node_modules\appium\lib\appium.js:1123:14)
    at AppiumDriver.executeWrappedCommand (C:\Users\user\AppData\Roaming\npm\node_modules\appium\lib\appium.js:1229:16)
    at AppiumDriver.executeCommand (C:\Users\user\AppData\Roaming\npm\node_modules\appium\lib\appium.js:1135:17)
    at doJwpProxy (C:\Users\user\AppData\Roaming\npm\node_modules\appium\node_modules\@appium\base-driver\lib\protocol\protocol.js:549:5)
    at asyncHandler (C:\Users\user\AppData\Roaming\npm\node_modules\appium\node_modules\@appium\base-driver\lib\protocol\protocol.js:328:11)
2026-05-24 22:26:00,415 [INFO] [SCREEN] unknown
2026-05-24 22:26:01,430 [ERROR] Screen detection error: Message: 'GET /session/382d2984-0f2a-41a8-b880-a325cf813eae/source' cannot be proxied to UiAutomator2 server because the instrumentation process is not running (probably crashed). Check the server log and/or the logcat output for more details
Stacktrace:
InvalidContextError: 'GET /session/382d2984-0f2a-41a8-b880-a325cf813eae/source' cannot be proxied to UiAutomator2 server because the instrumentation process is not running (probably crashed). Check the server log and/or the logcat output for more details
    at UIA2Proxy.proxyCommand (C:\Users\user\.appium\node_modules\appium-uiautomator2-driver\lib\uiautomator2.js:32:13)
    at UIA2Proxy.proxyReqRes (C:\Users\user\AppData\Roaming\npm\node_modules\appium\node_modules\@appium\base-driver\lib\jsonwp-proxy\proxy.js:426:43)
    at runCommandPromise (C:\Users\user\AppData\Roaming\npm\node_modules\appium\node_modules\@appium\base-driver\lib\basedriver\driver.ts:116:20)
    at C:\Users\user\AppData\Roaming\npm\node_modules\appium\node_modules\async-lock\lib\index.js:171:12
    at AsyncLock._promiseTry (C:\Users\user\AppData\Roaming\npm\node_modules\appium\node_modules\async-lock\lib\index.js:306:31)
    at exec (C:\Users\user\AppData\Roaming\npm\node_modules\appium\node_modules\async-lock\lib\index.js:170:9)
    at AsyncLock.acquire (C:\Users\user\AppData\Roaming\npm\node_modules\appium\node_modules\async-lock\lib\index.js:189:3)
    at AndroidUiautomator2Driver.executeCommand (C:\Users\user\AppData\Roaming\npm\node_modules\appium\node_modules\@appium\base-driver\lib\basedriver\driver.ts:160:39)
    at processTicksAndRejections (node:internal/process/task_queues:103:5)
    at defaultBehavior (C:\Users\user\AppData\Roaming\npm\node_modules\appium\lib\appium.js:1123:14)
    at AppiumDriver.executeWrappedCommand (C:\Users\user\AppData\Roaming\npm\node_modules\appium\lib\appium.js:1229:16)
    at AppiumDriver.executeCommand (C:\Users\user\AppData\Roaming\npm\node_modules\appium\lib\appium.js:1135:17)
    at doJwpProxy (C:\Users\user\AppData\Roaming\npm\node_modules\appium\node_modules\@appium\base-driver\lib\protocol\protocol.js:549:5)
    at asyncHandler (C:\Users\user\AppData\Roaming\npm\node_modules\appium\node_modules\@appium\base-driver\lib\protocol\protocol.js:328:11)
2026-05-24 22:26:01,430 [INFO] [SCREEN] unknown
2026-05-24 22:26:02,439 [ERROR] Screen detection error: Message: 'GET /session/382d2984-0f2a-41a8-b880-a325cf813eae/source' cannot be proxied to UiAutomator2 server because the instrumentation process is not running (probably crashed). Check the server log and/or the logcat output for more details
Stacktrace:
InvalidContextError: 'GET /session/382d2984-0f2a-41a8-b880-a325cf813eae/source' cannot be proxied to UiAutomator2 server because the instrumentation process is not running (probably crashed). Check the server log and/or the logcat output for more details
    at UIA2Proxy.proxyCommand (C:\Users\user\.appium\node_modules\appium-uiautomator2-driver\lib\uiautomator2.js:32:13)
    at UIA2Proxy.proxyReqRes (C:\Users\user\AppData\Roaming\npm\node_modules\appium\node_modules\@appium\base-driver\lib\jsonwp-proxy\proxy.js:426:43)
    at runCommandPromise (C:\Users\user\AppData\Roaming\npm\node_modules\appium\node_modules\@appium\base-driver\lib\basedriver\driver.ts:116:20)
    at C:\Users\user\AppData\Roaming\npm\node_modules\appium\node_modules\async-lock\lib\index.js:171:12
    at AsyncLock._promiseTry (C:\Users\user\AppData\Roaming\npm\node_modules\appium\node_modules\async-lock\lib\index.js:306:31)
    at exec (C:\Users\user\AppData\Roaming\npm\node_modules\appium\node_modules\async-lock\lib\index.js:170:9)
    at AsyncLock.acquire (C:\Users\user\AppData\Roaming\npm\node_modules\appium\node_modules\async-lock\lib\index.js:189:3)
    at AndroidUiautomator2Driver.executeCommand (C:\Users\user\AppData\Roaming\npm\node_modules\appium\node_modules\@appium\base-driver\lib\basedriver\driver.ts:160:39)
    at processTicksAndRejections (node:internal/process/task_queues:103:5)
    at defaultBehavior (C:\Users\user\AppData\Roaming\npm\node_modules\appium\lib\appium.js:1123:14)
    at AppiumDriver.executeWrappedCommand (C:\Users\user\AppData\Roaming\npm\node_modules\appium\lib\appium.js:1229:16)
    at AppiumDriver.executeCommand (C:\Users\user\AppData\Roaming\npm\node_modules\appium\lib\appium.js:1135:17)
    at doJwpProxy (C:\Users\user\AppData\Roaming\npm\node_modules\appium\node_modules\@appium\base-driver\lib\protocol\protocol.js:549:5)
    at asyncHandler (C:\Users\user\AppData\Roaming\npm\node_modules\appium\node_modules\@appium\base-driver\lib\protocol\protocol.js:328:11)
2026-05-24 22:26:02,440 [INFO] [SCREEN] unknown
2026-05-24 22:26:03,452 [ERROR] Screen detection error: Message: 'GET /session/382d2984-0f2a-41a8-b880-a325cf813eae/source' cannot be proxied to UiAutomator2 server because the instrumentation process is not running (probably crashed). Check the server log and/or the logcat output for more details
Stacktrace:
InvalidContextError: 'GET /session/382d2984-0f2a-41a8-b880-a325cf813eae/source' cannot be proxied to UiAutomator2 server because the instrumentation process is not running (probably crashed). Check the server log and/or the logcat output for more details
    at UIA2Proxy.proxyCommand (C:\Users\user\.appium\node_modules\appium-uiautomator2-driver\lib\uiautomator2.js:32:13)
    at UIA2Proxy.proxyReqRes (C:\Users\user\AppData\Roaming\npm\node_modules\appium\node_modules\@appium\base-driver\lib\jsonwp-proxy\proxy.js:426:43)
    at runCommandPromise (C:\Users\user\AppData\Roaming\npm\node_modules\appium\node_modules\@appium\base-driver\lib\basedriver\driver.ts:116:20)
    at C:\Users\user\AppData\Roaming\npm\node_modules\appium\node_modules\async-lock\lib\index.js:171:12
    at AsyncLock._promiseTry (C:\Users\user\AppData\Roaming\npm\node_modules\appium\node_modules\async-lock\lib\index.js:306:31)
    at exec (C:\Users\user\AppData\Roaming\npm\node_modules\appium\node_modules\async-lock\lib\index.js:170:9)
    at AsyncLock.acquire (C:\Users\user\AppData\Roaming\npm\node_modules\appium\node_modules\async-lock\lib\index.js:189:3)
    at AndroidUiautomator2Driver.executeCommand (C:\Users\user\AppData\Roaming\npm\node_modules\appium\node_modules\@appium\base-driver\lib\basedriver\driver.ts:160:39)
    at processTicksAndRejections (node:internal/process/task_queues:103:5)
    at defaultBehavior (C:\Users\user\AppData\Roaming\npm\node_modules\appium\lib\appium.js:1123:14)
    at AppiumDriver.executeWrappedCommand (C:\Users\user\AppData\Roaming\npm\node_modules\appium\lib\appium.js:1229:16)
    at AppiumDriver.executeCommand (C:\Users\user\AppData\Roaming\npm\node_modules\appium\lib\appium.js:1135:17)
    at doJwpProxy (C:\Users\user\AppData\Roaming\npm\node_modules\appium\node_modules\@appium\base-driver\lib\protocol\protocol.js:549:5)
    at asyncHandler (C:\Users\user\AppData\Roaming\npm\node_modules\appium\node_modules\@appium\base-driver\lib\protocol\protocol.js:328:11)
2026-05-24 22:26:03,454 [INFO] [SCREEN] unknown
2026-05-24 22:26:04,458 [ERROR] Screen detection error: Message: 'GET /session/382d2984-0f2a-41a8-b880-a325cf813eae/source' cannot be proxied to UiAutomator2 server because the instrumentation process is not running (probably crashed). Check the server log and/or the logcat output for more details
Stacktrace:
InvalidContextError: 'GET /session/382d2984-0f2a-41a8-b880-a325cf813eae/source' cannot be proxied to UiAutomator2 server because the instrumentation process is not running (probably crashed). Check the server log and/or the logcat output for more details
    at UIA2Proxy.proxyCommand (C:\Users\user\.appium\node_modules\appium-uiautomator2-driver\lib\uiautomator2.js:32:13)
    at UIA2Proxy.proxyReqRes (C:\Users\user\AppData\Roaming\npm\node_modules\appium\node_modules\@appium\base-driver\lib\jsonwp-proxy\proxy.js:426:43)
    at runCommandPromise (C:\Users\user\AppData\Roaming\npm\node_modules\appium\node_modules\@appium\base-driver\lib\basedriver\driver.ts:116:20)
    at C:\Users\user\AppData\Roaming\npm\node_modules\appium\node_modules\async-lock\lib\index.js:171:12
    at AsyncLock._promiseTry (C:\Users\user\AppData\Roaming\npm\node_modules\appium\node_modules\async-lock\lib\index.js:306:31)
    at exec (C:\Users\user\AppData\Roaming\npm\node_modules\appium\node_modules\async-lock\lib\index.js:170:9)
    at AsyncLock.acquire (C:\Users\user\AppData\Roaming\npm\node_modules\appium\node_modules\async-lock\lib\index.js:189:3)
    at AndroidUiautomator2Driver.executeCommand (C:\Users\user\AppData\Roaming\npm\node_modules\appium\node_modules\@appium\base-driver\lib\basedriver\driver.ts:160:39)
    at processTicksAndRejections (node:internal/process/task_queues:103:5)
    at defaultBehavior (C:\Users\user\AppData\Roaming\npm\node_modules\appium\lib\appium.js:1123:14)
    at AppiumDriver.executeWrappedCommand (C:\Users\user\AppData\Roaming\npm\node_modules\appium\lib\appium.js:1229:16)
    at AppiumDriver.executeCommand (C:\Users\user\AppData\Roaming\npm\node_modules\appium\lib\appium.js:1135:17)
    at doJwpProxy (C:\Users\user\AppData\Roaming\npm\node_modules\appium\node_modules\@appium\base-driver\lib\protocol\protocol.js:549:5)
    at asyncHandler (C:\Users\user\AppData\Roaming\npm\node_modules\appium\node_modules\@appium\base-driver\lib\protocol\protocol.js:328:11)
2026-05-24 22:26:04,458 [INFO] [SCREEN] unknown
2026-05-24 22:26:05,461 [ERROR] Screen detection error: Message: 'GET /session/382d2984-0f2a-41a8-b880-a325cf813eae/source' cannot be proxied to UiAutomator2 server because the instrumentation process is not running (probably crashed). Check the server log and/or the logcat output for more details
Stacktrace:
InvalidContextError: 'GET /session/382d2984-0f2a-41a8-b880-a325cf813eae/source' cannot be proxied to UiAutomator2 server because the instrumentation process is not running (probably crashed). Check the server log and/or the logcat output for more details
    at UIA2Proxy.proxyCommand (C:\Users\user\.appium\node_modules\appium-uiautomator2-driver\lib\uiautomator2.js:32:13)
    at UIA2Proxy.proxyReqRes (C:\Users\user\AppData\Roaming\npm\node_modules\appium\node_modules\@appium\base-driver\lib\jsonwp-proxy\proxy.js:426:43)
    at runCommandPromise (C:\Users\user\AppData\Roaming\npm\node_modules\appium\node_modules\@appium\base-driver\lib\basedriver\driver.ts:116:20)
    at C:\Users\user\AppData\Roaming\npm\node_modules\appium\node_modules\async-lock\lib\index.js:171:12
    at AsyncLock._promiseTry (C:\Users\user\AppData\Roaming\npm\node_modules\appium\node_modules\async-lock\lib\index.js:306:31)
    at exec (C:\Users\user\AppData\Roaming\npm\node_modules\appium\node_modules\async-lock\lib\index.js:170:9)
    at AsyncLock.acquire (C:\Users\user\AppData\Roaming\npm\node_modules\appium\node_modules\async-lock\lib\index.js:189:3)
    at AndroidUiautomator2Driver.executeCommand (C:\Users\user\AppData\Roaming\npm\node_modules\appium\node_modules\@appium\base-driver\lib\basedriver\driver.ts:160:39)
    at processTicksAndRejections (node:internal/process/task_queues:103:5)
    at defaultBehavior (C:\Users\user\AppData\Roaming\npm\node_modules\appium\lib\appium.js:1123:14)
    at AppiumDriver.executeWrappedCommand (C:\Users\user\AppData\Roaming\npm\node_modules\appium\lib\appium.js:1229:16)
    at AppiumDriver.executeCommand (C:\Users\user\AppData\Roaming\npm\node_modules\appium\lib\appium.js:1135:17)
    at doJwpProxy (C:\Users\user\AppData\Roaming\npm\node_modules\appium\node_modules\@appium\base-driver\lib\protocol\protocol.js:549:5)
    at asyncHandler (C:\Users\user\AppData\Roaming\npm\node_modules\appium\node_modules\@appium\base-driver\lib\protocol\protocol.js:328:11)
2026-05-24 22:26:05,464 [INFO] [SCREEN] unknown
2026-05-24 22:26:06,465 [ERROR] Screen detection error: Message: 'GET /session/382d2984-0f2a-41a8-b880-a325cf813eae/source' cannot be proxied to UiAutomator2 server because the instrumentation process is not running (probably crashed). Check the server log and/or the logcat output for more details
Stacktrace:
InvalidContextError: 'GET /session/382d2984-0f2a-41a8-b880-a325cf813eae/source' cannot be proxied to UiAutomator2 server because the instrumentation process is not running (probably crashed). Check the server log and/or the logcat output for more details
    at UIA2Proxy.proxyCommand (C:\Users\user\.appium\node_modules\appium-uiautomator2-driver\lib\uiautomator2.js:32:13)
    at UIA2Proxy.proxyReqRes (C:\Users\user\AppData\Roaming\npm\node_modules\appium\node_modules\@appium\base-driver\lib\jsonwp-proxy\proxy.js:426:43)
    at runCommandPromise (C:\Users\user\AppData\Roaming\npm\node_modules\appium\node_modules\@appium\base-driver\lib\basedriver\driver.ts:116:20)
    at C:\Users\user\AppData\Roaming\npm\node_modules\appium\node_modules\async-lock\lib\index.js:171:12
    at AsyncLock._promiseTry (C:\Users\user\AppData\Roaming\npm\node_modules\appium\node_modules\async-lock\lib\index.js:306:31)
    at exec (C:\Users\user\AppData\Roaming\npm\node_modules\appium\node_modules\async-lock\lib\index.js:170:9)
    at AsyncLock.acquire (C:\Users\user\AppData\Roaming\npm\node_modules\appium\node_modules\async-lock\lib\index.js:189:3)
    at AndroidUiautomator2Driver.executeCommand (C:\Users\user\AppData\Roaming\npm\node_modules\appium\node_modules\@appium\base-driver\lib\basedriver\driver.ts:160:39)
    at processTicksAndRejections (node:internal/process/task_queues:103:5)
    at defaultBehavior (C:\Users\user\AppData\Roaming\npm\node_modules\appium\lib\appium.js:1123:14)
    at AppiumDriver.executeWrappedCommand (C:\Users\user\AppData\Roaming\npm\node_modules\appium\lib\appium.js:1229:16)
    at AppiumDriver.executeCommand (C:\Users\user\AppData\Roaming\npm\node_modules\appium\lib\appium.js:1135:17)
    at doJwpProxy (C:\Users\user\AppData\Roaming\npm\node_modules\appium\node_modules\@appium\base-driver\lib\protocol\protocol.js:549:5)
    at asyncHandler (C:\Users\user\AppData\Roaming\npm\node_modules\appium\node_modules\@appium\base-driver\lib\protocol\protocol.js:328:11)
2026-05-24 22:26:06,465 [INFO] [SCREEN] unknown
2026-05-24 22:26:07,472 [ERROR] Screen detection error: Message: 'GET /session/382d2984-0f2a-41a8-b880-a325cf813eae/source' cannot be proxied to UiAutomator2 server because the instrumentation process is not running (probably crashed). Check the server log and/or the logcat output for more details
Stacktrace:
InvalidContextError: 'GET /session/382d2984-0f2a-41a8-b880-a325cf813eae/source' cannot be proxied to UiAutomator2 server because the instrumentation process is not running (probably crashed). Check the server log and/or the logcat output for more details
    at UIA2Proxy.proxyCommand (C:\Users\user\.appium\node_modules\appium-uiautomator2-driver\lib\uiautomator2.js:32:13)
    at UIA2Proxy.proxyReqRes (C:\Users\user\AppData\Roaming\npm\node_modules\appium\node_modules\@appium\base-driver\lib\jsonwp-proxy\proxy.js:426:43)
    at runCommandPromise (C:\Users\user\AppData\Roaming\npm\node_modules\appium\node_modules\@appium\base-driver\lib\basedriver\driver.ts:116:20)
    at C:\Users\user\AppData\Roaming\npm\node_modules\appium\node_modules\async-lock\lib\index.js:171:12
    at AsyncLock._promiseTry (C:\Users\user\AppData\Roaming\npm\node_modules\appium\node_modules\async-lock\lib\index.js:306:31)
    at exec (C:\Users\user\AppData\Roaming\npm\node_modules\appium\node_modules\async-lock\lib\index.js:170:9)
    at AsyncLock.acquire (C:\Users\user\AppData\Roaming\npm\node_modules\appium\node_modules\async-lock\lib\index.js:189:3)
    at AndroidUiautomator2Driver.executeCommand (C:\Users\user\AppData\Roaming\npm\node_modules\appium\node_modules\@appium\base-driver\lib\basedriver\driver.ts:160:39)
    at processTicksAndRejections (node:internal/process/task_queues:103:5)
    at defaultBehavior (C:\Users\user\AppData\Roaming\npm\node_modules\appium\lib\appium.js:1123:14)
    at AppiumDriver.executeWrappedCommand (C:\Users\user\AppData\Roaming\npm\node_modules\appium\lib\appium.js:1229:16)
    at AppiumDriver.executeCommand (C:\Users\user\AppData\Roaming\npm\node_modules\appium\lib\appium.js:1135:17)
    at doJwpProxy (C:\Users\user\AppData\Roaming\npm\node_modules\appium\node_modules\@appium\base-driver\lib\protocol\protocol.js:549:5)
    at asyncHandler (C:\Users\user\AppData\Roaming\npm\node_modules\appium\node_modules\@appium\base-driver\lib\protocol\protocol.js:328:11)
2026-05-24 22:26:07,472 [INFO] [SCREEN] unknown
2026-05-24 22:26:08,479 [ERROR] Screen detection error: Message: 'GET /session/382d2984-0f2a-41a8-b880-a325cf813eae/source' cannot be proxied to UiAutomator2 server because the instrumentation process is not running (probably crashed). Check the server log and/or the logcat output for more details
Stacktrace:
InvalidContextError: 'GET /session/382d2984-0f2a-41a8-b880-a325cf813eae/source' cannot be proxied to UiAutomator2 server because the instrumentation process is not running (probably crashed). Check the server log and/or the logcat output for more details
    at UIA2Proxy.proxyCommand (C:\Users\user\.appium\node_modules\appium-uiautomator2-driver\lib\uiautomator2.js:32:13)
    at UIA2Proxy.proxyReqRes (C:\Users\user\AppData\Roaming\npm\node_modules\appium\node_modules\@appium\base-driver\lib\jsonwp-proxy\proxy.js:426:43)
    at runCommandPromise (C:\Users\user\AppData\Roaming\npm\node_modules\appium\node_modules\@appium\base-driver\lib\basedriver\driver.ts:116:20)
    at C:\Users\user\AppData\Roaming\npm\node_modules\appium\node_modules\async-lock\lib\index.js:171:12
    at AsyncLock._promiseTry (C:\Users\user\AppData\Roaming\npm\node_modules\appium\node_modules\async-lock\lib\index.js:306:31)
    at exec (C:\Users\user\AppData\Roaming\npm\node_modules\appium\node_modules\async-lock\lib\index.js:170:9)
    at AsyncLock.acquire (C:\Users\user\AppData\Roaming\npm\node_modules\appium\node_modules\async-lock\lib\index.js:189:3)
    at AndroidUiautomator2Driver.executeCommand (C:\Users\user\AppData\Roaming\npm\node_modules\appium\node_modules\@appium\base-driver\lib\basedriver\driver.ts:160:39)
    at processTicksAndRejections (node:internal/process/task_queues:103:5)
    at defaultBehavior (C:\Users\user\AppData\Roaming\npm\node_modules\appium\lib\appium.js:1123:14)
    at AppiumDriver.executeWrappedCommand (C:\Users\user\AppData\Roaming\npm\node_modules\appium\lib\appium.js:1229:16)
    at AppiumDriver.executeCommand (C:\Users\user\AppData\Roaming\npm\node_modules\appium\lib\appium.js:1135:17)
    at doJwpProxy (C:\Users\user\AppData\Roaming\npm\node_modules\appium\node_modules\@appium\base-driver\lib\protocol\protocol.js:549:5)
    at asyncHandler (C:\Users\user\AppData\Roaming\npm\node_modules\appium\node_modules\@appium\base-driver\lib\protocol\protocol.js:328:11)
2026-05-24 22:26:08,480 [INFO] [SCREEN] unknown
2026-05-24 22:26:09,484 [ERROR] Screen detection error: Message: 'GET /session/382d2984-0f2a-41a8-b880-a325cf813eae/source' cannot be proxied to UiAutomator2 server because the instrumentation process is not running (probably crashed). Check the server log and/or the logcat output for more details
Stacktrace:
InvalidContextError: 'GET /session/382d2984-0f2a-41a8-b880-a325cf813eae/source' cannot be proxied to UiAutomator2 server because the instrumentation process is not running (probably crashed). Check the server log and/or the logcat output for more details
    at UIA2Proxy.proxyCommand (C:\Users\user\.appium\node_modules\appium-uiautomator2-driver\lib\uiautomator2.js:32:13)
    at UIA2Proxy.proxyReqRes (C:\Users\user\AppData\Roaming\npm\node_modules\appium\node_modules\@appium\base-driver\lib\jsonwp-proxy\proxy.js:426:43)
    at runCommandPromise (C:\Users\user\AppData\Roaming\npm\node_modules\appium\node_modules\@appium\base-driver\lib\basedriver\driver.ts:116:20)
    at C:\Users\user\AppData\Roaming\npm\node_modules\appium\node_modules\async-lock\lib\index.js:171:12
    at AsyncLock._promiseTry (C:\Users\user\AppData\Roaming\npm\node_modules\appium\node_modules\async-lock\lib\index.js:306:31)
    at exec (C:\Users\user\AppData\Roaming\npm\node_modules\appium\node_modules\async-lock\lib\index.js:170:9)
    at AsyncLock.acquire (C:\Users\user\AppData\Roaming\npm\node_modules\appium\node_modules\async-lock\lib\index.js:189:3)
    at AndroidUiautomator2Driver.executeCommand (C:\Users\user\AppData\Roaming\npm\node_modules\appium\node_modules\@appium\base-driver\lib\basedriver\driver.ts:160:39)
    at processTicksAndRejections (node:internal/process/task_queues:103:5)
    at defaultBehavior (C:\Users\user\AppData\Roaming\npm\node_modules\appium\lib\appium.js:1123:14)
    at AppiumDriver.executeWrappedCommand (C:\Users\user\AppData\Roaming\npm\node_modules\appium\lib\appium.js:1229:16)
    at AppiumDriver.executeCommand (C:\Users\user\AppData\Roaming\npm\node_modules\appium\lib\appium.js:1135:17)
    at doJwpProxy (C:\Users\user\AppData\Roaming\npm\node_modules\appium\node_modules\@appium\base-driver\lib\protocol\protocol.js:549:5)
    at asyncHandler (C:\Users\user\AppData\Roaming\npm\node_modules\appium\node_modules\@appium\base-driver\lib\protocol\protocol.js:328:11)
2026-05-24 22:26:09,484 [INFO] [SCREEN] unknown
2026-05-24 22:26:10,489 [ERROR] Screen detection error: Message: 'GET /session/382d2984-0f2a-41a8-b880-a325cf813eae/source' cannot be proxied to UiAutomator2 server because the instrumentation process is not running (probably crashed). Check the server log and/or the logcat output for more details
Stacktrace:
InvalidContextError: 'GET /session/382d2984-0f2a-41a8-b880-a325cf813eae/source' cannot be proxied to UiAutomator2 server because the instrumentation process is not running (probably crashed). Check the server log and/or the logcat output for more details
    at UIA2Proxy.proxyCommand (C:\Users\user\.appium\node_modules\appium-uiautomator2-driver\lib\uiautomator2.js:32:13)
    at UIA2Proxy.proxyReqRes (C:\Users\user\AppData\Roaming\npm\node_modules\appium\node_modules\@appium\base-driver\lib\jsonwp-proxy\proxy.js:426:43)
    at runCommandPromise (C:\Users\user\AppData\Roaming\npm\node_modules\appium\node_modules\@appium\base-driver\lib\basedriver\driver.ts:116:20)
    at C:\Users\user\AppData\Roaming\npm\node_modules\appium\node_modules\async-lock\lib\index.js:171:12
    at AsyncLock._promiseTry (C:\Users\user\AppData\Roaming\npm\node_modules\appium\node_modules\async-lock\lib\index.js:306:31)
    at exec (C:\Users\user\AppData\Roaming\npm\node_modules\appium\node_modules\async-lock\lib\index.js:170:9)
    at AsyncLock.acquire (C:\Users\user\AppData\Roaming\npm\node_modules\appium\node_modules\async-lock\lib\index.js:189:3)
    at AndroidUiautomator2Driver.executeCommand (C:\Users\user\AppData\Roaming\npm\node_modules\appium\node_modules\@appium\base-driver\lib\basedriver\driver.ts:160:39)
    at processTicksAndRejections (node:internal/process/task_queues:103:5)
    at defaultBehavior (C:\Users\user\AppData\Roaming\npm\node_modules\appium\lib\appium.js:1123:14)
    at AppiumDriver.executeWrappedCommand (C:\Users\user\AppData\Roaming\npm\node_modules\appium\lib\appium.js:1229:16)
    at AppiumDriver.executeCommand (C:\Users\user\AppData\Roaming\npm\node_modules\appium\lib\appium.js:1135:17)
    at doJwpProxy (C:\Users\user\AppData\Roaming\npm\node_modules\appium\node_modules\@appium\base-driver\lib\protocol\protocol.js:549:5)
    at asyncHandler (C:\Users\user\AppData\Roaming\npm\node_modules\appium\node_modules\@appium\base-driver\lib\protocol\protocol.js:328:11)
2026-05-24 22:26:10,490 [INFO] [SCREEN] unknown
2026-05-24 22:26:11,494 [ERROR] Screen detection error: Message: 'GET /session/382d2984-0f2a-41a8-b880-a325cf813eae/source' cannot be proxied to UiAutomator2 server because the instrumentation process is not running (probably crashed). Check the server log and/or the logcat output for more details
Stacktrace:
InvalidContextError: 'GET /session/382d2984-0f2a-41a8-b880-a325cf813eae/source' cannot be proxied to UiAutomator2 server because the instrumentation process is not running (probably crashed). Check the server log and/or the logcat output for more details
    at UIA2Proxy.proxyCommand (C:\Users\user\.appium\node_modules\appium-uiautomator2-driver\lib\uiautomator2.js:32:13)
    at UIA2Proxy.proxyReqRes (C:\Users\user\AppData\Roaming\npm\node_modules\appium\node_modules\@appium\base-driver\lib\jsonwp-proxy\proxy.js:426:43)
    at runCommandPromise (C:\Users\user\AppData\Roaming\npm\node_modules\appium\node_modules\@appium\base-driver\lib\basedriver\driver.ts:116:20)
    at C:\Users\user\AppData\Roaming\npm\node_modules\appium\node_modules\async-lock\lib\index.js:171:12
    at AsyncLock._promiseTry (C:\Users\user\AppData\Roaming\npm\node_modules\appium\node_modules\async-lock\lib\index.js:306:31)
    at exec (C:\Users\user\AppData\Roaming\npm\node_modules\appium\node_modules\async-lock\lib\index.js:170:9)
    at AsyncLock.acquire (C:\Users\user\AppData\Roaming\npm\node_modules\appium\node_modules\async-lock\lib\index.js:189:3)
    at AndroidUiautomator2Driver.executeCommand (C:\Users\user\AppData\Roaming\npm\node_modules\appium\node_modules\@appium\base-driver\lib\basedriver\driver.ts:160:39)
    at processTicksAndRejections (node:internal/process/task_queues:103:5)
    at defaultBehavior (C:\Users\user\AppData\Roaming\npm\node_modules\appium\lib\appium.js:1123:14)
    at AppiumDriver.executeWrappedCommand (C:\Users\user\AppData\Roaming\npm\node_modules\appium\lib\appium.js:1229:16)
    at AppiumDriver.executeCommand (C:\Users\user\AppData\Roaming\npm\node_modules\appium\lib\appium.js:1135:17)
    at doJwpProxy (C:\Users\user\AppData\Roaming\npm\node_modules\appium\node_modules\@appium\base-driver\lib\protocol\protocol.js:549:5)
    at asyncHandler (C:\Users\user\AppData\Roaming\npm\node_modules\appium\node_modules\@appium\base-driver\lib\protocol\protocol.js:328:11)
2026-05-24 22:26:11,494 [INFO] [SCREEN] unknown
2026-05-24 22:26:12,500 [ERROR] Screen detection error: Message: 'GET /session/382d2984-0f2a-41a8-b880-a325cf813eae/source' cannot be proxied to UiAutomator2 server because the instrumentation process is not running (probably crashed). Check the server log and/or the logcat output for more details
Stacktrace:
InvalidContextError: 'GET /session/382d2984-0f2a-41a8-b880-a325cf813eae/source' cannot be proxied to UiAutomator2 server because the instrumentation process is not running (probably crashed). Check the server log and/or the logcat output for more details
    at UIA2Proxy.proxyCommand (C:\Users\user\.appium\node_modules\appium-uiautomator2-driver\lib\uiautomator2.js:32:13)
    at UIA2Proxy.proxyReqRes (C:\Users\user\AppData\Roaming\npm\node_modules\appium\node_modules\@appium\base-driver\lib\jsonwp-proxy\proxy.js:426:43)
    at runCommandPromise (C:\Users\user\AppData\Roaming\npm\node_modules\appium\node_modules\@appium\base-driver\lib\basedriver\driver.ts:116:20)
    at C:\Users\user\AppData\Roaming\npm\node_modules\appium\node_modules\async-lock\lib\index.js:171:12
    at AsyncLock._promiseTry (C:\Users\user\AppData\Roaming\npm\node_modules\appium\node_modules\async-lock\lib\index.js:306:31)
    at exec (C:\Users\user\AppData\Roaming\npm\node_modules\appium\node_modules\async-lock\lib\index.js:170:9)
    at AsyncLock.acquire (C:\Users\user\AppData\Roaming\npm\node_modules\appium\node_modules\async-lock\lib\index.js:189:3)
    at AndroidUiautomator2Driver.executeCommand (C:\Users\user\AppData\Roaming\npm\node_modules\appium\node_modules\@appium\base-driver\lib\basedriver\driver.ts:160:39)
    at processTicksAndRejections (node:internal/process/task_queues:103:5)
    at defaultBehavior (C:\Users\user\AppData\Roaming\npm\node_modules\appium\lib\appium.js:1123:14)
    at AppiumDriver.executeWrappedCommand (C:\Users\user\AppData\Roaming\npm\node_modules\appium\lib\appium.js:1229:16)
    at AppiumDriver.executeCommand (C:\Users\user\AppData\Roaming\npm\node_modules\appium\lib\appium.js:1135:17)
    at doJwpProxy (C:\Users\user\AppData\Roaming\npm\node_modules\appium\node_modules\@appium\base-driver\lib\protocol\protocol.js:549:5)
    at asyncHandler (C:\Users\user\AppData\Roaming\npm\node_modules\appium\node_modules\@appium\base-driver\lib\protocol\protocol.js:328:11)
2026-05-24 22:26:12,501 [INFO] [SCREEN] unknown
2026-05-24 22:26:13,504 [ERROR] Screen detection error: Message: 'GET /session/382d2984-0f2a-41a8-b880-a325cf813eae/source' cannot be proxied to UiAutomator2 server because the instrumentation process is not running (probably crashed). Check the server log and/or the logcat output for more details
Stacktrace:
InvalidContextError: 'GET /session/382d2984-0f2a-41a8-b880-a325cf813eae/source' cannot be proxied to UiAutomator2 server because the instrumentation process is not running (probably crashed). Check the server log and/or the logcat output for more details
    at UIA2Proxy.proxyCommand (C:\Users\user\.appium\node_modules\appium-uiautomator2-driver\lib\uiautomator2.js:32:13)
    at UIA2Proxy.proxyReqRes (C:\Users\user\AppData\Roaming\npm\node_modules\appium\node_modules\@appium\base-driver\lib\jsonwp-proxy\proxy.js:426:43)
    at runCommandPromise (C:\Users\user\AppData\Roaming\npm\node_modules\appium\node_modules\@appium\base-driver\lib\basedriver\driver.ts:116:20)
    at C:\Users\user\AppData\Roaming\npm\node_modules\appium\node_modules\async-lock\lib\index.js:171:12
    at AsyncLock._promiseTry (C:\Users\user\AppData\Roaming\npm\node_modules\appium\node_modules\async-lock\lib\index.js:306:31)
    at exec (C:\Users\user\AppData\Roaming\npm\node_modules\appium\node_modules\async-lock\lib\index.js:170:9)
    at AsyncLock.acquire (C:\Users\user\AppData\Roaming\npm\node_modules\appium\node_modules\async-lock\lib\index.js:189:3)
    at AndroidUiautomator2Driver.executeCommand (C:\Users\user\AppData\Roaming\npm\node_modules\appium\node_modules\@appium\base-driver\lib\basedriver\driver.ts:160:39)
    at processTicksAndRejections (node:internal/process/task_queues:103:5)
    at defaultBehavior (C:\Users\user\AppData\Roaming\npm\node_modules\appium\lib\appium.js:1123:14)
    at AppiumDriver.executeWrappedCommand (C:\Users\user\AppData\Roaming\npm\node_modules\appium\lib\appium.js:1229:16)
    at AppiumDriver.executeCommand (C:\Users\user\AppData\Roaming\npm\node_modules\appium\lib\appium.js:1135:17)
    at doJwpProxy (C:\Users\user\AppData\Roaming\npm\node_modules\appium\node_modules\@appium\base-driver\lib\protocol\protocol.js:549:5)
    at asyncHandler (C:\Users\user\AppData\Roaming\npm\node_modules\appium\node_modules\@appium\base-driver\lib\protocol\protocol.js:328:11)
2026-05-24 22:26:13,504 [INFO] [SCREEN] unknown
2026-05-24 22:26:14,514 [ERROR] Screen detection error: Message: 'GET /session/382d2984-0f2a-41a8-b880-a325cf813eae/source' cannot be proxied to UiAutomator2 server because the instrumentation process is not running (probably crashed). Check the server log and/or the logcat output for more details
Stacktrace:
InvalidContextError: 'GET /session/382d2984-0f2a-41a8-b880-a325cf813eae/source' cannot be proxied to UiAutomator2 server because the instrumentation process is not running (probably crashed). Check the server log and/or the logcat output for more details
    at UIA2Proxy.proxyCommand (C:\Users\user\.appium\node_modules\appium-uiautomator2-driver\lib\uiautomator2.js:32:13)
    at UIA2Proxy.proxyReqRes (C:\Users\user\AppData\Roaming\npm\node_modules\appium\node_modules\@appium\base-driver\lib\jsonwp-proxy\proxy.js:426:43)
    at runCommandPromise (C:\Users\user\AppData\Roaming\npm\node_modules\appium\node_modules\@appium\base-driver\lib\basedriver\driver.ts:116:20)
    at C:\Users\user\AppData\Roaming\npm\node_modules\appium\node_modules\async-lock\lib\index.js:171:12
    at AsyncLock._promiseTry (C:\Users\user\AppData\Roaming\npm\node_modules\appium\node_modules\async-lock\lib\index.js:306:31)
    at exec (C:\Users\user\AppData\Roaming\npm\node_modules\appium\node_modules\async-lock\lib\index.js:170:9)
    at AsyncLock.acquire (C:\Users\user\AppData\Roaming\npm\node_modules\appium\node_modules\async-lock\lib\index.js:189:3)
    at AndroidUiautomator2Driver.executeCommand (C:\Users\user\AppData\Roaming\npm\node_modules\appium\node_modules\@appium\base-driver\lib\basedriver\driver.ts:160:39)
    at processTicksAndRejections (node:internal/process/task_queues:103:5)
    at defaultBehavior (C:\Users\user\AppData\Roaming\npm\node_modules\appium\lib\appium.js:1123:14)
    at AppiumDriver.executeWrappedCommand (C:\Users\user\AppData\Roaming\npm\node_modules\appium\lib\appium.js:1229:16)
    at AppiumDriver.executeCommand (C:\Users\user\AppData\Roaming\npm\node_modules\appium\lib\appium.js:1135:17)
    at doJwpProxy (C:\Users\user\AppData\Roaming\npm\node_modules\appium\node_modules\@appium\base-driver\lib\protocol\protocol.js:549:5)
    at asyncHandler (C:\Users\user\AppData\Roaming\npm\node_modules\appium\node_modules\@appium\base-driver\lib\protocol\protocol.js:328:11)
2026-05-24 22:26:14,514 [INFO] [SCREEN] unknown
2026-05-24 22:26:15,524 [ERROR] Screen detection error: Message: 'GET /session/382d2984-0f2a-41a8-b880-a325cf813eae/source' cannot be proxied to UiAutomator2 server because the instrumentation process is not running (probably crashed). Check the server log and/or the logcat output for more details
Stacktrace:
InvalidContextError: 'GET /session/382d2984-0f2a-41a8-b880-a325cf813eae/source' cannot be proxied to UiAutomator2 server because the instrumentation process is not running (probably crashed). Check the server log and/or the logcat output for more details
    at UIA2Proxy.proxyCommand (C:\Users\user\.appium\node_modules\appium-uiautomator2-driver\lib\uiautomator2.js:32:13)
    at UIA2Proxy.proxyReqRes (C:\Users\user\AppData\Roaming\npm\node_modules\appium\node_modules\@appium\base-driver\lib\jsonwp-proxy\proxy.js:426:43)
    at runCommandPromise (C:\Users\user\AppData\Roaming\npm\node_modules\appium\node_modules\@appium\base-driver\lib\basedriver\driver.ts:116:20)
    at C:\Users\user\AppData\Roaming\npm\node_modules\appium\node_modules\async-lock\lib\index.js:171:12
    at AsyncLock._promiseTry (C:\Users\user\AppData\Roaming\npm\node_modules\appium\node_modules\async-lock\lib\index.js:306:31)
    at exec (C:\Users\user\AppData\Roaming\npm\node_modules\appium\node_modules\async-lock\lib\index.js:170:9)
    at AsyncLock.acquire (C:\Users\user\AppData\Roaming\npm\node_modules\appium\node_modules\async-lock\lib\index.js:189:3)
    at AndroidUiautomator2Driver.executeCommand (C:\Users\user\AppData\Roaming\npm\node_modules\appium\node_modules\@appium\base-driver\lib\basedriver\driver.ts:160:39)
    at processTicksAndRejections (node:internal/process/task_queues:103:5)
    at defaultBehavior (C:\Users\user\AppData\Roaming\npm\node_modules\appium\lib\appium.js:1123:14)
    at AppiumDriver.executeWrappedCommand (C:\Users\user\AppData\Roaming\npm\node_modules\appium\lib\appium.js:1229:16)
    at AppiumDriver.executeCommand (C:\Users\user\AppData\Roaming\npm\node_modules\appium\lib\appium.js:1135:17)
    at doJwpProxy (C:\Users\user\AppData\Roaming\npm\node_modules\appium\node_modules\@appium\base-driver\lib\protocol\protocol.js:549:5)
    at asyncHandler (C:\Users\user\AppData\Roaming\npm\node_modules\appium\node_modules\@appium\base-driver\lib\protocol\protocol.js:328:11)
2026-05-24 22:26:15,524 [INFO] [SCREEN] unknown
2026-05-24 22:26:16,628 [INFO] Session closed
