2026-05-24 06:14:30,497 [INFO] Connecting to Appium...
2026-05-24 06:14:44,861 [INFO] App launched — screen 2400x1080
2026-05-24 06:14:44,862 [INFO] Total users: 1
2026-05-24 06:14:44,862 [INFO] 
===== USER 1: 8247282471 =====
2026-05-24 06:14:44,881 [INFO] Screen size detected: 2400 x 1080
2026-05-24 06:14:44,882 [INFO] ===== HANDLING PERMISSIONS =====
2026-05-24 06:14:54,863 [INFO] STEP 1: LOGIN
2026-05-24 06:14:54,864 [INFO] VALIDATING SCREEN: login_screen
2026-05-24 06:14:54,864 [INFO] 🔍 Looking for screen: login_screen
2026-05-24 06:15:03,205 [INFO] Current screen detected: login_screen
2026-05-24 06:15:03,226 [INFO] ✅ Screen detected: login_screen
2026-05-24 06:15:05,837 [INFO] Screenshot: screenshots/u1_login_1779583503.png
2026-05-24 06:15:05,841 [INFO] Tap [mobile] at (1142,465)
2026-05-24 06:15:12,113 [INFO] Typed [8247282471] into [mobile]
2026-05-24 06:15:13,117 [INFO] Tap [OK] at (2166,442)
2026-05-24 06:15:14,101 [INFO] Tap [CONFIRM] at (1203,694)
2026-05-24 06:15:15,063 [INFO] Waiting 1s — allow UI to process
2026-05-24 06:15:16,064 [INFO] WAITING FOR NEXT SCREEN...
2026-05-24 06:15:23,361 [INFO] Current screen: login_screen
2026-05-24 06:15:31,700 [INFO] Current screen: login_screen
2026-05-24 06:15:40,036 [INFO] Current screen: login_screen
2026-05-24 06:15:49,383 [INFO] Current screen: login_screen
2026-05-24 06:15:58,105 [INFO] Current screen: login_screen
2026-05-24 06:15:59,107 [ERROR] ❌ FAILED — 8247282471: None of expected screens appeared: ['license_screen', 'Select_Profile_screen', 'begin_scene', 'home_screen']
2026-05-24 06:16:01,540 [INFO] Screenshot: screenshots/FAILED_u1_8247282471_1779583559.png
2026-05-24 06:16:01,541 [INFO] FAIL | 8247282471 | None of expected screens appeared: ['license_screen', 'Select_Profile_screen', 'begin_scene', 'home_screen']
2026-05-24 06:16:01,543 [INFO] ALL USERS COMPLETED
2026-05-24 06:16:01,544 [INFO] PASS — tests/test_login_flow.py::TestLoginFlow::test_all_users
2026-05-24 06:16:01,818 [INFO] Session closed
