2026-05-25 10:04:14,069 [INFO] Connecting to Appium...
2026-05-25 10:04:25,856 [INFO] App launched — screen 2400x1080
2026-05-25 10:04:25,859 [INFO] Total users: 1
2026-05-25 10:04:25,859 [INFO] 
===== USER 1: 8247282471 =====
2026-05-25 10:04:25,877 [INFO] Screen size detected: 2400 x 1080
2026-05-25 10:04:35,656 [INFO] STEP 1: LOGIN
2026-05-25 10:04:35,657 [INFO] Tap [mobile] at (1142,465)
2026-05-25 10:04:42,463 [INFO] Typed [8247282471] into [mobile]
2026-05-25 10:04:43,464 [INFO] Tap [OK] at (2166,442)
2026-05-25 10:04:44,637 [INFO] CLICK CONFIRM
2026-05-25 10:04:44,637 [INFO] Tap [CONFIRM] at (1203,694)
2026-05-25 10:04:45,797 [INFO] Waiting for Unity transition...
2026-05-25 10:04:54,050 [INFO] AFTER CONFIRM SCREEN: unknown
2026-05-25 10:04:59,050 [INFO] Assuming next screen: license_screen
2026-05-25 10:04:59,051 [INFO] LICENSE SCREEN
2026-05-25 10:04:59,051 [INFO] Tap [license] at (1142,465)
2026-05-25 10:05:05,367 [INFO] Typed [HGSM76] into [license]
2026-05-25 10:05:06,368 [INFO] Tap [CONFIRM] at (1203,694)
2026-05-25 10:05:10,534 [INFO] REGISTRATION
2026-05-25 10:05:10,534 [INFO] Tap [name] at (1200,410)
2026-05-25 10:05:16,689 [INFO] Typed [] into [name]
2026-05-25 10:05:17,690 [INFO] Tap [Male] at (840,518)
2026-05-25 10:05:18,857 [INFO] Tap [parent] at (1200,734)
2026-05-25 10:05:25,063 [INFO] Typed [] into [parent]
2026-05-25 10:05:26,064 [INFO] Tap [alt mobile] at (1200,820)
2026-05-25 10:05:32,375 [INFO] Typed [] into [alt mobile]
2026-05-25 10:05:33,376 [INFO] Tap [submit] at (1200,982)
2026-05-25 10:05:39,678 [INFO] [SCREEN] unknown
2026-05-25 10:05:40,797 [INFO] [SCREEN] unknown
2026-05-25 10:05:41,931 [INFO] [SCREEN] unknown
2026-05-25 10:05:43,052 [INFO] [SCREEN] unknown
2026-05-25 10:05:44,628 [INFO] [SCREEN] unknown
2026-05-25 10:05:45,757 [INFO] [SCREEN] unknown
2026-05-25 10:05:46,895 [INFO] [SCREEN] unknown
2026-05-25 10:05:48,014 [INFO] [SCREEN] unknown
2026-05-25 10:05:49,133 [INFO] [SCREEN] unknown
2026-05-25 10:05:50,256 [INFO] [SCREEN] unknown
2026-05-25 10:05:51,396 [INFO] [SCREEN] unknown
2026-05-25 10:05:52,461 [INFO] [SCREEN] unknown
2026-05-25 10:05:53,728 [INFO] [SCREEN] unknown
2026-05-25 10:05:54,785 [INFO] [SCREEN] unknown
2026-05-25 10:05:55,866 [INFO] [SCREEN] unknown
2026-05-25 10:05:56,962 [INFO] [SCREEN] unknown
2026-05-25 10:05:58,066 [INFO] [SCREEN] unknown
2026-05-25 10:05:59,178 [INFO] [SCREEN] unknown
2026-05-25 10:06:00,285 [INFO] [SCREEN] unknown
2026-05-25 10:06:01,366 [INFO] [SCREEN] unknown
2026-05-25 10:06:02,728 [INFO] [SCREEN] unknown
2026-05-25 10:06:03,829 [INFO] [SCREEN] unknown
2026-05-25 10:06:04,830 [ERROR] FAILED — 8247282471: Expected screens not found: ['Select_Profile_screen', 'home_screen']
2026-05-25 10:06:08,133 [INFO] Screenshot: screenshots/FAILED_u1_8247282471_1779683764.png
2026-05-25 10:06:08,135 [INFO] FAIL | 8247282471 | Expected screens not found: ['Select_Profile_screen', 'home_screen']
2026-05-25 10:06:08,135 [INFO] ALL USERS COMPLETED
2026-05-25 10:06:08,136 [INFO] PASS — tests/test_login_flow.py::TestLoginFlow::test_all_users
2026-05-25 10:06:08,501 [INFO] Session closed
