2026-05-24 07:14:53,861 [INFO] Connecting to Appium...
2026-05-24 07:15:08,406 [INFO] App launched — screen 2400x1080
2026-05-24 07:15:08,407 [INFO] Total users: 1
2026-05-24 07:15:08,408 [INFO] 
===== USER 1: 8247282471 =====
2026-05-24 07:15:17,791 [INFO] VALIDATING SCREEN: login_screen
2026-05-24 07:15:17,912 [INFO] [SCREEN] unknown
2026-05-24 07:15:19,030 [INFO] [SCREEN] unknown
2026-05-24 07:15:20,145 [INFO] [SCREEN] unknown
2026-05-24 07:15:21,266 [INFO] [SCREEN] unknown
2026-05-24 07:15:22,398 [INFO] [SCREEN] unknown
2026-05-24 07:15:23,500 [INFO] [SCREEN] unknown
2026-05-24 07:15:24,644 [INFO] [SCREEN] unknown
2026-05-24 07:15:25,761 [INFO] [SCREEN] unknown
2026-05-24 07:15:26,882 [INFO] [SCREEN] unknown
2026-05-24 07:15:27,991 [INFO] [SCREEN] unknown
2026-05-24 07:15:29,105 [INFO] [SCREEN] unknown
2026-05-24 07:15:30,610 [INFO] [SCREEN] unknown
2026-05-24 07:15:31,733 [INFO] [SCREEN] unknown
2026-05-24 07:15:32,866 [INFO] [SCREEN] unknown
2026-05-24 07:15:33,976 [INFO] [SCREEN] unknown
2026-05-24 07:15:35,107 [INFO] [SCREEN] unknown
2026-05-24 07:15:36,214 [INFO] [SCREEN] unknown
2026-05-24 07:15:37,322 [INFO] [SCREEN] unknown
2026-05-24 07:15:38,323 [ERROR] FAILED — 8247282471: Expected screens not found: ['login_screen']
2026-05-24 07:15:41,775 [INFO] Screenshot: screenshots/FAILED_u1_8247282471_1779587138.png
2026-05-24 07:15:41,776 [INFO] FAIL | 8247282471 | Expected screens not found: ['login_screen']
2026-05-24 07:15:41,777 [INFO] ALL USERS COMPLETED
2026-05-24 07:15:41,779 [INFO] PASS — tests/test_login_flow.py::TestLoginFlow::test_all_users
2026-05-24 07:15:42,175 [INFO] Session closed
