2026-05-24 22:10:30,632 [INFO] Connecting to Appium...
2026-05-24 22:10:45,703 [INFO] App launched — screen 2400x1080
2026-05-24 22:10:45,727 [INFO] Total users: 1
2026-05-24 22:10:45,727 [INFO] 
===== USER 1: 8247282600 =====
2026-05-24 22:10:45,744 [INFO] Screen size detected: 2400 x 1080
2026-05-24 22:10:55,911 [INFO] STEP 1: LOGIN
2026-05-24 22:10:55,911 [INFO] Assuming login screen is visible
2026-05-24 22:10:55,911 [INFO] Tap [mobile] at (1142,465)
2026-05-24 22:11:02,618 [INFO] Typed [8247282600] into [mobile]
2026-05-24 22:11:03,620 [INFO] Tap [OK] at (2166,442)
2026-05-24 22:11:04,805 [INFO] CLICK CONFIRM
2026-05-24 22:11:04,805 [INFO] Tap [CONFIRM] at (1203,694)
2026-05-24 22:11:05,968 [INFO] Waiting for Unity transition...
2026-05-24 22:11:14,192 [INFO] AFTER CONFIRM SCREEN: unknown
2026-05-24 22:11:14,192 [INFO] Proceeding to next step after login delay
2026-05-24 22:11:19,194 [INFO] Assuming next screen: License_screen
2026-05-24 22:11:19,194 [INFO] HANDLING POPUPS
2026-05-24 22:11:19,195 [INFO] Clicking SKIP
2026-05-24 22:11:19,196 [INFO] Tap [SKIP] at (1992,938)
2026-05-24 22:11:25,379 [INFO] Closing STREAK popup
2026-05-24 22:11:25,380 [INFO] Tap [CLOSE STREAK] at (2273,117)
2026-05-24 22:11:30,550 [INFO] Clicking CONTINUE
2026-05-24 22:11:30,551 [INFO] Tap [CONTINUE] at (1191,877)
2026-05-24 22:11:35,733 [INFO] Clicking LATER
2026-05-24 22:11:35,733 [INFO] Tap [LATER] at (1425,717)
2026-05-24 22:11:40,913 [INFO] POPUP FLOW COMPLETE
2026-05-24 22:11:45,914 [INFO] LOGOUT
2026-05-24 22:11:45,915 [INFO] Tap [parents] at (323,108)
