2026-05-24 04:10:24,851 [INFO] Connecting to Appium...
2026-05-24 04:10:36,105 [INFO] App launched — screen 2400x1080
2026-05-24 04:10:36,107 [INFO] Total users: 1
2026-05-24 04:10:36,108 [INFO] 
===== USER 1: 8247282471 =====
2026-05-24 04:10:36,161 [INFO] Screen size detected: 2400 x 1080
2026-05-24 04:10:36,162 [INFO] ===== HANDLING PERMISSIONS =====
2026-05-24 04:10:53,352 [INFO] STEP 1: LOGIN
2026-05-24 04:10:53,353 [INFO] VALIDATING SCREEN: login_screen
2026-05-24 04:10:53,353 [INFO] 🔍 Looking for screen: login_screen
2026-05-24 04:10:53,461 [INFO] Current screen detected: unknown
2026-05-24 04:10:54,618 [INFO] Current screen detected: unknown
2026-05-24 04:10:55,740 [INFO] Current screen detected: unknown
2026-05-24 04:10:56,867 [INFO] Current screen detected: unknown
2026-05-24 04:10:57,979 [INFO] Current screen detected: unknown
2026-05-24 04:10:59,096 [INFO] Current screen detected: unknown
2026-05-24 04:11:00,217 [INFO] Current screen detected: unknown
2026-05-24 04:11:01,316 [INFO] Current screen detected: unknown
2026-05-24 04:11:02,425 [INFO] Current screen detected: unknown
2026-05-24 04:11:03,542 [INFO] Current screen detected: unknown
2026-05-24 04:11:04,660 [INFO] Current screen detected: unknown
2026-05-24 04:11:05,773 [INFO] Current screen detected: unknown
2026-05-24 04:11:07,393 [INFO] Current screen detected: unknown
2026-05-24 04:11:08,494 [INFO] Current screen detected: unknown
2026-05-24 04:11:09,609 [INFO] Current screen detected: unknown
2026-05-24 04:11:10,737 [INFO] Current screen detected: unknown
2026-05-24 04:11:11,847 [INFO] Current screen detected: unknown
2026-05-24 04:11:13,426 [INFO] Current screen detected: unknown
2026-05-24 04:11:14,427 [ERROR] ❌ Screen NOT found: login_screen
2026-05-24 04:11:16,993 [INFO] Screenshot: screenshots/FAILED_login_screen_1779576074.png
2026-05-24 04:11:16,993 [ERROR] ❌ FAILED — 8247282471: ❌ Expected screen not found: login_screen
2026-05-24 04:11:19,023 [INFO] Screenshot: screenshots/FAILED_u1_8247282471_1779576076.png
2026-05-24 04:11:19,024 [INFO] FAIL | 8247282471 | ❌ Expected screen not found: login_screen
2026-05-24 04:11:19,024 [INFO] ALL USERS COMPLETED
2026-05-24 04:11:19,025 [INFO] PASS — tests/test_login_flow.py::TestLoginFlow::test_all_users
2026-05-24 04:11:19,284 [INFO] Session closed
