2026-05-24 03:15:09,058 [INFO] Connecting to Appium...
2026-05-24 03:15:20,351 [INFO] App launched — screen 2400x1080
2026-05-24 03:15:20,353 [INFO] Total users: 1
2026-05-24 03:15:20,353 [INFO] 
===== USER 1: 8247282471 =====
2026-05-24 03:15:20,378 [INFO] Screen size detected: 2400 x 1080
2026-05-24 03:15:20,379 [INFO] STEP 1: LOGIN
2026-05-24 03:15:20,379 [INFO] Waiting 3s — login screen
2026-05-24 03:15:26,002 [INFO] Screenshot: screenshots/u1_login_1779572723.png
2026-05-24 03:15:26,002 [INFO] Tap [mobile] at (1142,465)
2026-05-24 03:15:30,384 [INFO] Typed [8247282471] into [mobile]
2026-05-24 03:15:30,392 [INFO] Tap [OK] at (2166,442)
2026-05-24 03:15:31,043 [INFO] Tap [CONFIRM] at (1203,694)
2026-05-24 03:15:31,696 [INFO] VALIDATING SCREEN: post_login
2026-05-24 03:15:31,696 [INFO] Checking screen: post_login
2026-05-24 03:15:31,697 [INFO] SINGLE PROFILE AUTO LOGIN
2026-05-24 03:15:31,697 [INFO] VALIDATING SCREEN: home_screen
2026-05-24 03:15:31,698 [INFO] Checking screen: home_screen
2026-05-24 03:15:31,698 [INFO] POPUPS HANDLING
2026-05-24 03:15:31,698 [INFO] Tap [skip] at (1992,938)
2026-05-24 03:15:32,367 [INFO] Tap [close] at (2273,117)
2026-05-24 03:15:33,037 [INFO] Tap [continue] at (1191,877)
2026-05-24 03:15:33,699 [INFO] Tap [later] at (1425,717)
2026-05-24 03:15:35,363 [INFO] Tap [skip] at (1992,938)
2026-05-24 03:15:36,042 [INFO] Tap [close] at (2273,117)
2026-05-24 03:15:36,717 [INFO] Tap [continue] at (1191,877)
2026-05-24 03:15:37,389 [INFO] Tap [later] at (1425,717)
2026-05-24 03:15:39,060 [INFO] Tap [skip] at (1992,938)
2026-05-24 03:15:39,737 [INFO] Tap [close] at (2273,117)
2026-05-24 03:15:40,404 [INFO] Tap [continue] at (1191,877)
2026-05-24 03:15:41,098 [INFO] Tap [later] at (1425,717)
2026-05-24 03:15:42,784 [INFO] Tap [skip] at (1992,938)
2026-05-24 03:15:43,486 [INFO] Tap [close] at (2273,117)
2026-05-24 03:15:44,155 [INFO] Tap [continue] at (1191,877)
2026-05-24 03:15:44,818 [INFO] Tap [later] at (1425,717)
2026-05-24 03:15:46,474 [INFO] Tap [skip] at (1992,938)
2026-05-24 03:15:47,123 [INFO] Tap [close] at (2273,117)
2026-05-24 03:15:47,783 [INFO] Tap [continue] at (1191,877)
2026-05-24 03:15:48,439 [INFO] Tap [later] at (1425,717)
2026-05-24 03:15:50,105 [INFO] Tap [skip] at (1992,938)
2026-05-24 03:15:50,796 [INFO] Tap [close] at (2273,117)
2026-05-24 03:15:51,459 [INFO] Tap [continue] at (1191,877)
2026-05-24 03:15:52,116 [INFO] Tap [later] at (1425,717)
2026-05-24 03:15:53,783 [INFO] Tap [skip] at (1992,938)
2026-05-24 03:15:54,441 [INFO] Tap [close] at (2273,117)
2026-05-24 03:15:55,119 [INFO] Tap [continue] at (1191,877)
2026-05-24 03:15:55,808 [INFO] Tap [later] at (1425,717)
2026-05-24 03:15:57,494 [INFO] Tap [skip] at (1992,938)
2026-05-24 03:15:58,170 [INFO] Tap [close] at (2273,117)
2026-05-24 03:15:58,833 [INFO] Tap [continue] at (1191,877)
2026-05-24 03:15:59,505 [INFO] Tap [later] at (1425,717)
2026-05-24 03:16:01,185 [INFO] Tap [skip] at (1992,938)
2026-05-24 03:16:01,992 [INFO] Tap [close] at (2273,117)
2026-05-24 03:16:02,651 [INFO] Tap [continue] at (1191,877)
2026-05-24 03:16:03,313 [INFO] Tap [later] at (1425,717)
2026-05-24 03:16:04,978 [INFO] Tap [skip] at (1992,938)
2026-05-24 03:16:05,640 [INFO] Tap [close] at (2273,117)
2026-05-24 03:16:06,307 [INFO] Tap [continue] at (1191,877)
2026-05-24 03:16:06,971 [INFO] Tap [later] at (1425,717)
2026-05-24 03:16:11,509 [INFO] Screenshot: screenshots/u1_home_1779572768.png
2026-05-24 03:16:11,510 [INFO] VALIDATING SCREEN: home_screen
2026-05-24 03:16:11,510 [INFO] Checking screen: home_screen
2026-05-24 03:16:11,510 [INFO] VALIDATING SCREEN: home_screen
2026-05-24 03:16:11,510 [INFO] Checking screen: home_screen
2026-05-24 03:16:11,511 [INFO] Tap [parents] at (323,108)
2026-05-24 03:16:15,209 [INFO] Tap [LOGOUT] at (2236,103)
2026-05-24 03:16:21,555 [INFO] Screenshot: screenshots/u1_logout_1779572778.png
2026-05-24 03:16:21,557 [INFO] OK | 8247282471 | Logout done
2026-05-24 03:16:21,558 [INFO] OK | 8247282471 | PASS
2026-05-24 03:16:21,559 [INFO] ALL USERS COMPLETED
2026-05-24 03:16:21,560 [INFO] PASS — tests/test_login_flow.py::TestLoginFlow::test_all_users
2026-05-24 03:16:21,894 [INFO] Session closed
