2026-05-24 06:49:51,283 [INFO] Connecting to Appium...
2026-05-24 06:50:07,800 [INFO] App launched — screen 2400x1080
2026-05-24 06:50:07,804 [INFO] Total users: 1
2026-05-24 06:50:07,805 [INFO] 
===== USER 1: 8247282471 =====
2026-05-24 06:50:07,835 [INFO] Screen size detected: 2400 x 1080
2026-05-24 06:50:07,838 [INFO] ===== HANDLING PERMISSIONS =====
2026-05-24 06:50:16,314 [INFO] STEP 1: LOGIN
2026-05-24 06:50:16,316 [INFO] VALIDATING SCREEN: login_screen
2026-05-24 06:50:16,317 [INFO] 🔍 Looking for screen: login_screen
2026-05-24 06:50:25,428 [INFO] Current screen detected: login_screen
2026-05-24 06:50:25,429 [INFO] ✅ Screen detected: login_screen
2026-05-24 06:50:27,825 [INFO] Screenshot: screenshots/u1_login_1779585625.png
2026-05-24 06:50:27,825 [INFO] Tap [mobile] at (1142,465)
2026-05-24 06:50:34,288 [INFO] Typed [8247282471] into [mobile]
2026-05-24 06:50:35,289 [INFO] Tap [OK] at (2166,442)
2026-05-24 06:50:36,266 [INFO] Tap [CONFIRM] at (1203,694)
2026-05-24 06:50:37,595 [INFO] WAITING FOR NEXT SCREEN...
2026-05-24 06:50:46,510 [INFO] Current screen: login_screen
2026-05-24 06:50:54,950 [INFO] Current screen: login_screen
2026-05-24 06:51:03,129 [INFO] Current screen: login_screen
2026-05-24 06:51:11,463 [INFO] Current screen: login_screen
2026-05-24 06:51:19,811 [INFO] Current screen: login_screen
2026-05-24 06:51:20,813 [ERROR] ❌ FAILED — 8247282471: None of expected screens appeared: ['license_screen', 'Select_Profile_screen', 'begin_scene', 'home_screen']
2026-05-24 06:51:23,279 [INFO] Screenshot: screenshots/FAILED_u1_8247282471_1779585680.png
2026-05-24 06:51:23,280 [INFO] FAIL | 8247282471 | None of expected screens appeared: ['license_screen', 'Select_Profile_screen', 'begin_scene', 'home_screen']
2026-05-24 06:51:23,281 [INFO] ALL USERS COMPLETED
2026-05-24 06:51:23,281 [INFO] PASS — tests/test_login_flow.py::TestLoginFlow::test_all_users
2026-05-24 06:51:23,620 [INFO] Session closed
