2026-05-24 22:35:24,255 [INFO] Connecting to Appium...
2026-05-24 22:35:35,765 [INFO] App launched — screen 2400x1080
2026-05-24 22:35:35,765 [INFO] Total users: 1
2026-05-24 22:35:35,765 [INFO] 
===== USER 1: 8247282471 =====
2026-05-24 22:35:35,795 [INFO] Screen size detected: 2400 x 1080
2026-05-24 22:35:52,701 [INFO] STEP 1: LOGIN
2026-05-24 22:35:52,702 [INFO] Assuming login screen is visible
2026-05-24 22:35:52,702 [INFO] Tap [mobile] at (1142,465)
2026-05-24 22:35:59,096 [INFO] Typed [8247282471] into [mobile]
2026-05-24 22:36:00,097 [INFO] Tap [OK] at (2166,442)
2026-05-24 22:36:01,239 [INFO] CLICK CONFIRM
2026-05-24 22:36:01,241 [INFO] Tap [CONFIRM] at (1203,694)
2026-05-24 22:36:02,412 [INFO] Waiting for Unity transition...
2026-05-24 22:36:10,479 [INFO] AFTER CONFIRM SCREEN: unknown
2026-05-24 22:36:10,479 [INFO] Proceeding to next step after login delay
2026-05-24 22:36:15,480 [INFO] Assuming next screen: License_screen
2026-05-24 22:36:15,480 [INFO] HANDLING POPUPS
2026-05-24 22:36:15,482 [INFO] Clicking SKIP
2026-05-24 22:36:15,482 [INFO] Tap [SKIP] at (1992,938)
2026-05-24 22:36:21,648 [INFO] Closing STREAK popup
2026-05-24 22:36:21,648 [INFO] Tap [CLOSE STREAK] at (2273,117)
2026-05-24 22:36:26,892 [INFO] Clicking CONTINUE
2026-05-24 22:36:26,892 [INFO] Tap [CONTINUE] at (1191,877)
2026-05-24 22:36:32,075 [INFO] Clicking LATER
2026-05-24 22:36:32,075 [INFO] Tap [LATER] at (1425,717)
2026-05-24 22:36:37,240 [INFO] POPUP FLOW COMPLETE
2026-05-24 22:36:42,240 [INFO] LOGOUT
2026-05-24 22:36:42,240 [INFO] Tap [parents] at (323,108)
2026-05-24 22:36:46,400 [INFO] Tap [logout] at (2236,103)
2026-05-24 22:36:52,560 [INFO] OK | 8247282471 | Logout done
2026-05-24 22:36:52,561 [INFO] LOGOUT SUCCESS
2026-05-24 22:36:52,561 [INFO] OK | 8247282471 | PASS
2026-05-24 22:36:52,562 [INFO] PASS — 8247282471
2026-05-24 22:36:52,562 [INFO] ALL USERS COMPLETED
2026-05-24 22:36:52,563 [INFO] PASS — tests/test_login_flow.py::TestLoginFlow::test_all_users
2026-05-24 22:36:52,901 [INFO] Session closed
