2026-05-24 10:56:13,402 [INFO] Connecting to Appium...
2026-05-24 10:56:28,655 [INFO] App launched — screen 2400x1080
2026-05-24 10:56:28,659 [INFO] Total users: 1
2026-05-24 10:56:28,661 [INFO] 
===== USER 1: 8247282471 =====
2026-05-24 10:56:28,693 [INFO] Screen size detected: 2400 x 1080
2026-05-24 10:56:37,126 [INFO] STEP 1: LOGIN
2026-05-24 10:56:37,128 [INFO] Assuming login screen is visible
2026-05-24 10:56:37,128 [INFO] Tap [mobile] at (1142,465)
2026-05-24 10:56:47,522 [INFO] Typed [8247282471] into [mobile]
2026-05-24 10:56:48,524 [INFO] Tap [OK] at (2166,442)
2026-05-24 10:56:49,917 [INFO] CLICK CONFIRM
2026-05-24 10:56:49,918 [INFO] Tap [CONFIRM] at (1203,694)
2026-05-24 10:56:51,326 [INFO] Waiting for Unity transition...
2026-05-24 10:56:59,527 [INFO] AFTER CONFIRM SCREEN: unknown
2026-05-24 10:56:59,528 [INFO] Proceeding to next step after login delay
2026-05-24 10:57:04,530 [INFO] Assuming next screen: Select_Profile_screen
2026-05-24 10:57:04,531 [INFO] SELECT PROFILE
2026-05-24 10:57:04,531 [INFO] Tap [profile] at (802,581)
2026-05-24 10:57:05,893 [INFO] Tap [NEXT] at (1120,891)
2026-05-24 10:57:07,159 [INFO] AVATAR
2026-05-24 10:57:07,161 [INFO] Tap [SAVE] at (1158,670)
2026-05-24 10:57:12,519 [INFO] LANGUAGE
2026-05-24 10:57:12,520 [INFO] Tap [dropdown] at (1692,323)
2026-05-24 10:57:13,896 [INFO] Tap [language] at (1186,441)
2026-05-24 10:57:15,281 [INFO] Tap [SAVE] at (1177,905)
2026-05-24 10:57:19,660 [INFO] HANDLING POPUPS
2026-05-24 10:57:19,661 [INFO] Clicking SKIP
2026-05-24 10:57:19,662 [INFO] Tap [SKIP] at (1992,938)
2026-05-24 10:57:26,056 [INFO] Closing STREAK popup
2026-05-24 10:57:26,056 [INFO] Tap [CLOSE STREAK] at (2273,117)
2026-05-24 10:57:31,531 [INFO] Clicking CONTINUE
2026-05-24 10:57:31,532 [INFO] Tap [CONTINUE] at (1191,877)
2026-05-24 10:57:36,868 [INFO] Clicking LATER
2026-05-24 10:57:36,868 [INFO] Tap [LATER] at (1425,717)
2026-05-24 10:57:42,072 [INFO] POPUP FLOW COMPLETE
2026-05-24 10:57:47,074 [INFO] LOGOUT
2026-05-24 10:57:47,075 [INFO] Tap [parents] at (323,108)
2026-05-24 10:57:51,431 [INFO] Tap [logout] at (2236,103)
2026-05-24 10:57:57,716 [INFO] OK | 8247282471 | Logout done
2026-05-24 10:57:57,717 [INFO] LOGOUT SUCCESS
2026-05-24 10:57:57,720 [INFO] OK | 8247282471 | PASS
2026-05-24 10:57:57,721 [INFO] PASS — 8247282471
2026-05-24 10:57:57,722 [INFO] ALL USERS COMPLETED
2026-05-24 10:57:57,726 [INFO] PASS — tests/test_login_flow.py::TestLoginFlow::test_all_users
2026-05-24 10:57:58,392 [INFO] Session closed
