2026-05-25 11:03:16,702 [INFO] Connecting to Appium...
2026-05-25 11:03:27,727 [INFO] App launched — screen 2400x1080
2026-05-25 11:03:27,737 [INFO] Total users: 1
2026-05-25 11:03:27,737 [INFO] 
===== USER 1: 8247282591 =====
2026-05-25 11:03:27,763 [INFO] Screen size detected: 2400 x 1080
2026-05-25 11:03:45,151 [INFO] STEP 1: LOGIN
2026-05-25 11:03:45,152 [INFO] Tap [mobile] at (1142,465)
2026-05-25 11:03:51,521 [INFO] Typed [8247282591] into [mobile]
2026-05-25 11:03:52,523 [INFO] Tap [OK] at (2166,442)
2026-05-25 11:03:53,693 [INFO] CLICK CONFIRM
2026-05-25 11:03:53,693 [INFO] Tap [CONFIRM] at (1203,694)
2026-05-25 11:03:54,882 [INFO] Waiting for Unity transition...
2026-05-25 11:04:04,883 [INFO] Detecting next screen...
2026-05-25 11:04:09,885 [INFO] Looking for screen: license_screen
2026-05-25 11:04:17,237 [INFO] Current screen detected: login_screen
2026-05-25 11:04:18,239 [ERROR] Screen NOT found: license_screen
2026-05-25 11:04:18,239 [INFO] Looking for screen: Select_Profile_screen
2026-05-25 11:04:25,042 [INFO] Current screen detected: login_screen
2026-05-25 11:04:26,043 [ERROR] Screen NOT found: Select_Profile_screen
2026-05-25 11:04:28,581 [INFO] Detected next screen: Select_Profile_screen
2026-05-25 11:04:28,581 [INFO] SELECT PROFILE
2026-05-25 11:04:28,582 [INFO] Tap [profile] at (802,581)
2026-05-25 11:04:29,736 [INFO] Tap [NEXT] at (1120,891)
2026-05-25 11:04:35,893 [INFO] AVATAR
2026-05-25 11:04:35,894 [INFO] Tap [SAVE] at (1158,670)
2026-05-25 11:04:42,059 [INFO] LANGUAGE
2026-05-25 11:04:42,060 [INFO] Tap [dropdown] at (1692,323)
2026-05-25 11:05:08,068 [INFO] Tap [language] at (1186,441)
2026-05-25 11:05:12,597 [INFO] Tap [SAVE] at (1177,905)
2026-05-25 11:05:19,510 [INFO] HANDLING POPUPS
2026-05-25 11:05:19,510 [INFO] Clicking SKIP
2026-05-25 11:05:19,510 [INFO] Tap [SKIP] at (1992,938)
2026-05-25 11:05:25,896 [INFO] Closing STREAK popup
2026-05-25 11:05:25,896 [INFO] Tap [CLOSE STREAK] at (2273,117)
2026-05-25 11:05:31,060 [INFO] Clicking CONTINUE
2026-05-25 11:05:31,060 [INFO] Tap [CONTINUE] at (1191,877)
2026-05-25 11:05:36,188 [INFO] Clicking LATER
2026-05-25 11:05:36,188 [INFO] Tap [LATER] at (1425,717)
2026-05-25 11:05:41,346 [INFO] POPUP FLOW COMPLETE
2026-05-25 11:05:46,348 [INFO] LOGOUT
2026-05-25 11:05:46,349 [INFO] Tap [parents] at (323,108)
2026-05-25 11:05:50,604 [INFO] Tap [logout] at (2236,103)
2026-05-25 11:05:56,763 [INFO] OK | 8247282591 | Logout done
2026-05-25 11:05:56,765 [INFO] LOGOUT SUCCESS
2026-05-25 11:05:56,765 [INFO] OK | 8247282591 | PASS
2026-05-25 11:05:56,766 [INFO] PASS — 8247282591
2026-05-25 11:05:56,766 [INFO] ALL USERS COMPLETED
2026-05-25 11:05:56,767 [INFO] PASS — tests/test_login_flow.py::TestLoginFlow::test_all_users
2026-05-25 11:05:57,027 [INFO] Session closed
