2026-05-25 10:39:26,384 [INFO] Connecting to Appium...
2026-05-25 10:39:38,741 [INFO] App launched — screen 2400x1080
2026-05-25 10:39:38,741 [INFO] Total users: 1
2026-05-25 10:39:38,741 [INFO] 
===== USER 1: 8247282471 =====
2026-05-25 10:39:38,762 [INFO] Screen size detected: 2400 x 1080
2026-05-25 10:39:47,515 [INFO] STEP 1: LOGIN
2026-05-25 10:39:47,515 [INFO] Tap [mobile] at (1142,465)
2026-05-25 10:39:54,121 [INFO] Typed [8247282471] into [mobile]
2026-05-25 10:39:55,122 [INFO] Tap [OK] at (2166,442)
2026-05-25 10:39:56,284 [INFO] CLICK CONFIRM
2026-05-25 10:39:56,284 [INFO] Tap [CONFIRM] at (1203,694)
2026-05-25 10:39:57,432 [INFO] Waiting for Unity transition...
2026-05-25 10:40:07,434 [INFO] Detecting next screen...
2026-05-25 10:40:10,860 [INFO] Detected next screen: license_screen
2026-05-25 10:40:10,860 [INFO] LICENSE SCREEN
2026-05-25 10:40:10,860 [INFO] Tap [license] at (1142,465)
2026-05-25 10:40:17,077 [INFO] Typed [HGSM76] into [license]
2026-05-25 10:40:18,088 [INFO] Tap [CONFIRM] at (1203,694)
2026-05-25 10:40:24,281 [INFO] REGISTRATION
2026-05-25 10:40:24,281 [INFO] Tap [name] at (1200,410)
2026-05-25 10:40:30,682 [INFO] Typed [] into [name]
2026-05-25 10:40:31,684 [INFO] Tap [Male] at (840,518)
2026-05-25 10:40:32,850 [INFO] Tap [parent] at (1200,734)
2026-05-25 10:40:39,059 [INFO] Typed [] into [parent]
2026-05-25 10:40:40,060 [INFO] Tap [alt mobile] at (1200,820)
2026-05-25 10:40:47,091 [INFO] Typed [] into [alt mobile]
2026-05-25 10:40:48,095 [INFO] Tap [submit] at (1200,982)
2026-05-25 10:40:59,264 [INFO] SELECT PROFILE
2026-05-25 10:40:59,264 [INFO] Tap [profile] at (802,581)
2026-05-25 10:41:00,440 [INFO] Tap [NEXT] at (1120,891)
2026-05-25 10:41:06,594 [INFO] AVATAR
2026-05-25 10:41:06,594 [INFO] Tap [SAVE] at (1158,670)
2026-05-25 10:41:12,750 [INFO] LANGUAGE
2026-05-25 10:41:12,750 [INFO] Tap [dropdown] at (1692,323)
2026-05-25 10:41:13,911 [INFO] Tap [language] at (1186,441)
2026-05-25 10:41:15,057 [INFO] Tap [SAVE] at (1177,905)
2026-05-25 10:41:21,229 [INFO] HANDLING POPUPS
2026-05-25 10:41:21,229 [INFO] Clicking SKIP
2026-05-25 10:41:21,230 [INFO] Tap [SKIP] at (1992,938)
2026-05-25 10:41:27,402 [INFO] Closing STREAK popup
2026-05-25 10:41:27,402 [INFO] Tap [CLOSE STREAK] at (2273,117)
2026-05-25 10:41:32,645 [INFO] Clicking CONTINUE
2026-05-25 10:41:32,645 [INFO] Tap [CONTINUE] at (1191,877)
2026-05-25 10:41:37,818 [INFO] Clicking LATER
2026-05-25 10:41:37,819 [INFO] Tap [LATER] at (1425,717)
2026-05-25 10:41:42,993 [INFO] POPUP FLOW COMPLETE
2026-05-25 10:41:47,993 [INFO] LOGOUT
2026-05-25 10:41:47,994 [INFO] Tap [parents] at (323,108)
2026-05-25 10:41:52,148 [INFO] Tap [logout] at (2236,103)
2026-05-25 10:41:58,329 [INFO] OK | 8247282471 | Logout done
2026-05-25 10:41:58,329 [INFO] LOGOUT SUCCESS
2026-05-25 10:41:58,330 [INFO] OK | 8247282471 | PASS
2026-05-25 10:41:58,330 [INFO] PASS — 8247282471
2026-05-25 10:41:58,331 [INFO] ALL USERS COMPLETED
2026-05-25 10:41:58,332 [INFO] PASS — tests/test_login_flow.py::TestLoginFlow::test_all_users
2026-05-25 10:41:58,742 [INFO] Session closed
