2026-05-24 02:45:49,690 [INFO] Connecting to Appium...
2026-05-24 02:46:02,254 [INFO] App launched — screen 2400x1080
2026-05-24 02:46:02,255 [INFO] Total users: 1
2026-05-24 02:46:02,255 [INFO] 
===== USER 1: 8247282471 =====
2026-05-24 02:46:02,271 [INFO] Screen size detected: 2400 x 1080
2026-05-24 02:46:02,271 [INFO] CHECKING PERMISSIONS POPUPS
2026-05-24 02:46:02,272 [INFO] Handling permission popups
2026-05-24 02:46:02,272 [INFO] STEP 1: LOGIN
2026-05-24 02:46:02,272 [INFO] Waiting 3s — login screen
2026-05-24 02:46:07,326 [INFO] Screenshot: screenshots/u1_login_1779570965.png
2026-05-24 02:46:07,355 [INFO] Tap [mobile] at pixel (1142,465)
2026-05-24 02:46:09,983 [INFO] Keyboard shown: False
2026-05-24 02:46:13,560 [INFO] Typed '8247282471' into [mobile]
2026-05-24 02:46:13,561 [INFO] Tap [OK] at pixel (2166,442)
2026-05-24 02:46:14,238 [INFO] Tap [CONFIRM] at pixel (1203,694)
2026-05-24 02:46:14,914 [INFO] VALIDATING SCREEN: post_login
2026-05-24 02:46:14,915 [ERROR] FAILED 8247282471: 'BasePage' object has no attribute 'is_screen_visible'
2026-05-24 02:46:17,797 [INFO] Screenshot: screenshots/FAILED_u1_8247282471_1779570974.png
2026-05-24 02:46:17,798 [INFO] FAIL | 8247282471 | 'BasePage' object has no attribute 'is_screen_visible'
2026-05-24 02:46:17,799 [INFO] ALL USERS COMPLETED
2026-05-24 02:46:17,800 [INFO] PASS — tests/test_login_flow.py::TestLoginFlow::test_all_users
2026-05-24 02:46:18,141 [INFO] Session closed
