2026-05-24 01:40:46,776 [INFO] Connecting to Appium...
2026-05-24 01:40:58,111 [INFO] App launched — screen 2400x1080
2026-05-24 01:40:58,115 [INFO] Total users: 2
2026-05-24 01:40:58,115 [INFO] 
=======================================================
USER 1/2: 8247282471
=======================================================
2026-05-24 01:40:58,144 [INFO] Screen size detected: 2400 x 1080
2026-05-24 01:40:58,145 [INFO] --- Step 1: Login ---
2026-05-24 01:40:58,145 [INFO] Waiting 6s — splash → login screen
2026-05-24 01:41:06,839 [INFO] Screenshot: screenshots/u1_01_login_1779567064.png
2026-05-24 01:41:06,864 [INFO] Tap [mobile input] at pixel (1142,465)
2026-05-24 01:41:09,078 [INFO] Keyboard shown: True
2026-05-24 01:41:12,851 [INFO] Typed '8247282471' into [mobile input]
2026-05-24 01:41:14,352 [INFO] Tap [ok_button] at pixel (2166,442)
2026-05-24 01:41:15,012 [INFO] Tap [confirm_button] at pixel (2166,442)
2026-05-24 01:41:18,007 [INFO] Screenshot: screenshots/u1_02_after_confirm_1779567075.png
2026-05-24 01:41:18,008 [INFO] OK | 8247282471 | Step 1: Login confirmed
2026-05-24 01:41:18,008 [INFO] --- Step 2: Waiting for screen after login ---
2026-05-24 01:41:18,009 [INFO] Waiting 12s — API response + screen load
2026-05-24 01:41:32,372 [INFO] Screenshot: screenshots/u1_03_post_login_screen_1779567090.png
2026-05-24 01:41:32,372 [INFO] Handling: Select Profile
2026-05-24 01:41:32,372 [INFO] Waiting 3s — select profile screen
2026-05-24 01:41:38,600 [INFO] Session closed
