2026-05-24 09:52:49,901 [INFO] Connecting to Appium...
2026-05-24 09:53:00,087 [INFO] App launched — screen 2400x1080
2026-05-24 09:53:00,088 [INFO] Total users: 1
2026-05-24 09:53:00,089 [INFO] 
===== USER 1: 8247282471 =====
2026-05-24 09:53:00,115 [INFO] Screen size detected: 2400 x 1080
2026-05-24 09:53:17,770 [INFO] STEP 1: LOGIN
2026-05-24 09:53:17,771 [INFO] VALIDATING SCREEN: login_screen
2026-05-24 09:53:24,399 [INFO] [PIXEL SCREEN DETECTION] login_screen
2026-05-24 09:53:24,399 [INFO] [SCREEN] login_screen
2026-05-24 09:53:26,408 [INFO] Screenshot: screenshots/u1_login_1779596604.png
2026-05-24 09:53:26,411 [INFO] Tap [mobile] at (1142,465)
2026-05-24 09:53:32,771 [INFO] Typed [8247282471] into [mobile]
2026-05-24 09:53:33,773 [INFO] Tap [OK] at (2166,442)
2026-05-24 09:53:34,951 [INFO] CLICK CONFIRM
2026-05-24 09:53:34,952 [INFO] Tap [CONFIRM] at (1203,694)
2026-05-24 09:53:49,488 [INFO] [PIXEL SCREEN DETECTION] login_screen
2026-05-24 09:53:49,488 [INFO] AFTER CONFIRM SCREEN: login_screen
2026-05-24 09:53:57,065 [INFO] [PIXEL SCREEN DETECTION] login_screen
2026-05-24 09:53:57,065 [INFO] [SCREEN] login_screen
2026-05-24 09:54:05,509 [INFO] [PIXEL SCREEN DETECTION] login_screen
2026-05-24 09:54:05,511 [INFO] [SCREEN] login_screen
2026-05-24 09:54:13,789 [INFO] [PIXEL SCREEN DETECTION] login_screen
2026-05-24 09:54:13,790 [INFO] [SCREEN] login_screen
2026-05-24 09:54:21,971 [INFO] [PIXEL SCREEN DETECTION] login_screen
2026-05-24 09:54:21,972 [INFO] [SCREEN] login_screen
2026-05-24 09:54:30,673 [INFO] [PIXEL SCREEN DETECTION] login_screen
2026-05-24 09:54:30,674 [INFO] [SCREEN] login_screen
2026-05-24 09:54:31,674 [ERROR] FAILED — 8247282471: Expected screens not found: ['license_screen', 'Select_Profile_screen', 'home_screen']
2026-05-24 09:54:34,079 [INFO] Screenshot: screenshots/FAILED_u1_8247282471_1779596671.png
2026-05-24 09:54:34,080 [INFO] FAIL | 8247282471 | Expected screens not found: ['license_screen', 'Select_Profile_screen', 'home_screen']
2026-05-24 09:54:34,283 [INFO] FAIL — tests/test_login_flow.py::TestLoginFlow::test_all_users
2026-05-24 09:54:34,605 [INFO] Session closed
