2026-05-24 07:24:20,616 [INFO] Connecting to Appium...
2026-05-24 07:24:35,171 [INFO] App launched — screen 2400x1080
2026-05-24 07:24:35,173 [INFO] Total users: 1
2026-05-24 07:24:35,175 [INFO] 
===== USER 1: 8247282471 =====
2026-05-24 07:24:52,466 [INFO] STEP 1: LOGIN
2026-05-24 07:24:52,466 [INFO] VALIDATING SCREEN: login_screen
2026-05-24 07:24:52,620 [INFO] [SCREEN] unknown
2026-05-24 07:24:53,756 [INFO] [SCREEN] unknown
2026-05-24 07:24:54,856 [INFO] [SCREEN] unknown
2026-05-24 07:24:55,968 [INFO] [SCREEN] unknown
2026-05-24 07:24:57,087 [INFO] [SCREEN] unknown
2026-05-24 07:24:58,201 [INFO] [SCREEN] unknown
2026-05-24 07:24:59,836 [INFO] [SCREEN] unknown
2026-05-24 07:25:00,960 [INFO] [SCREEN] unknown
2026-05-24 07:25:02,081 [INFO] [SCREEN] unknown
2026-05-24 07:25:03,216 [INFO] [SCREEN] unknown
2026-05-24 07:25:04,341 [INFO] [SCREEN] unknown
2026-05-24 07:25:05,917 [INFO] [SCREEN] unknown
2026-05-24 07:25:07,033 [INFO] [SCREEN] unknown
2026-05-24 07:25:08,169 [INFO] [SCREEN] unknown
2026-05-24 07:25:09,309 [INFO] [SCREEN] unknown
2026-05-24 07:25:10,426 [INFO] [SCREEN] unknown
2026-05-24 07:25:11,550 [INFO] [SCREEN] unknown
2026-05-24 07:25:13,090 [INFO] Session closed
