2026-05-24 21:40:09,517 [INFO] Connecting to Appium...
2026-05-24 21:40:21,367 [INFO] App launched — screen 1080x2400
2026-05-24 21:40:21,369 [INFO] Total users: 1
2026-05-24 21:40:21,369 [INFO] 
===== USER 1: 8247282471 =====
2026-05-24 21:40:21,396 [INFO] Screen size detected: 1080 x 2400
2026-05-24 21:40:49,433 [INFO] STEP 1: LOGIN
2026-05-24 21:40:49,433 [INFO] Assuming login screen is visible
2026-05-24 21:40:49,433 [INFO] Tap [mobile] at (1142,465)
2026-05-24 21:40:55,725 [INFO] Typed [8247282471] into [mobile]
2026-05-24 21:40:56,726 [INFO] Tap [OK] at (2166,442)
2026-05-24 21:40:57,920 [INFO] CLICK CONFIRM
2026-05-24 21:40:57,920 [INFO] Tap [CONFIRM] at (1203,694)
2026-05-24 21:40:59,087 [INFO] Waiting for Unity transition...
2026-05-24 21:41:07,309 [INFO] AFTER CONFIRM SCREEN: unknown
2026-05-24 21:41:07,309 [INFO] Proceeding to next step after login delay
2026-05-24 21:41:12,310 [INFO] Assuming next screen: Select_Profile_screen
2026-05-24 21:41:12,310 [INFO] SELECT PROFILE
2026-05-24 21:41:12,311 [INFO] Tap [profile] at (802,581)
2026-05-24 21:41:13,475 [INFO] Tap [NEXT] at (1120,891)
2026-05-24 21:41:14,633 [INFO] AVATAR
2026-05-24 21:41:14,633 [INFO] Tap [SAVE] at (1158,670)
2026-05-24 21:41:19,802 [INFO] LANGUAGE
2026-05-24 21:41:19,802 [INFO] Tap [dropdown] at (1692,323)
2026-05-24 21:41:20,966 [INFO] Tap [language] at (1186,441)
2026-05-24 21:41:22,130 [INFO] Tap [SAVE] at (1177,905)
2026-05-24 21:41:26,303 [INFO] HANDLING POPUPS
2026-05-24 21:41:26,303 [INFO] Clicking SKIP
2026-05-24 21:41:26,304 [INFO] Tap [SKIP] at (1992,938)
2026-05-24 21:41:32,495 [INFO] Closing STREAK popup
2026-05-24 21:41:32,495 [INFO] Tap [CLOSE STREAK] at (2273,117)
2026-05-24 21:41:37,658 [INFO] Clicking CONTINUE
2026-05-24 21:41:37,659 [INFO] Tap [CONTINUE] at (1191,877)
2026-05-24 21:41:42,838 [INFO] Clicking LATER
2026-05-24 21:41:42,838 [INFO] Tap [LATER] at (1425,717)
2026-05-24 21:41:48,008 [INFO] POPUP FLOW COMPLETE
2026-05-24 21:41:53,008 [INFO] LOGOUT
2026-05-24 21:41:53,008 [INFO] Tap [parents] at (323,108)
2026-05-24 21:41:57,193 [INFO] Tap [logout] at (2236,103)
2026-05-24 21:42:03,356 [INFO] OK | 8247282471 | Logout done
2026-05-24 21:42:03,358 [INFO] LOGOUT SUCCESS
2026-05-24 21:42:03,359 [INFO] OK | 8247282471 | PASS
2026-05-24 21:42:03,359 [INFO] PASS — 8247282471
2026-05-24 21:42:03,359 [INFO] ALL USERS COMPLETED
2026-05-24 21:42:03,360 [INFO] PASS — tests/test_login_flow.py::TestLoginFlow::test_all_users
2026-05-24 21:42:03,684 [INFO] Session closed
