2026-05-24 09:03:12,323 [INFO] Connecting to Appium...
2026-05-24 09:03:27,836 [INFO] App launched — screen 2400x1080
2026-05-24 09:03:27,842 [INFO] Total users: 1
2026-05-24 09:03:27,842 [INFO] 
===== USER 1: 8247282471 =====
2026-05-24 09:03:36,991 [INFO] STEP 1: LOGIN
2026-05-24 09:03:36,992 [INFO] Assuming login screen is visible
2026-05-24 09:03:36,994 [INFO] Tap [mobile] at (1142,465)
2026-05-24 09:03:39,095 [INFO] Typing [8247282471] into [mobile]
2026-05-24 09:03:41,877 [INFO] Tap [OK] at (2166,442)
2026-05-24 09:03:43,048 [INFO] CLICK CONFIRM
2026-05-24 09:03:43,048 [INFO] Tap [CONFIRM] at (1203,694)
2026-05-24 09:03:44,162 [INFO] Waiting for Unity transition...
2026-05-24 09:03:52,308 [INFO] Activity: io.branch.unity.BranchUnityActivity
2026-05-24 09:03:52,309 [INFO] AFTER CONFIRM SCREEN: unity_active
2026-05-24 09:03:52,309 [INFO] Proceeding to next step after login delay
2026-05-24 09:03:57,311 [INFO] Assuming next screen: Select_Profile_screen
2026-05-24 09:03:57,312 [INFO] SELECT PROFILE
2026-05-24 09:03:57,312 [INFO] Tap [profile] at (802,581)
2026-05-24 09:03:58,414 [INFO] Tap [NEXT] at (1120,891)
2026-05-24 09:03:59,533 [INFO] AVATAR
2026-05-24 09:03:59,534 [INFO] Tap [SAVE] at (1158,670)
2026-05-24 09:04:00,670 [INFO] LANGUAGE
2026-05-24 09:04:00,670 [INFO] Tap [dropdown] at (1692,323)
2026-05-24 09:04:01,753 [INFO] Tap [language] at (1186,441)
2026-05-24 09:04:02,845 [INFO] Tap [SAVE] at (1177,905)
2026-05-24 09:04:03,927 [INFO] HANDLING POPUPS
2026-05-24 09:04:03,928 [INFO] Clicking SKIP
2026-05-24 09:04:03,930 [INFO] Tap [SKIP] at (1992,938)
2026-05-24 09:04:10,047 [INFO] Closing STREAK popup
2026-05-24 09:04:10,047 [INFO] Tap [CLOSE STREAK] at (2273,117)
2026-05-24 09:04:15,156 [INFO] Clicking CONTINUE
2026-05-24 09:04:15,157 [INFO] Tap [CONTINUE] at (1191,877)
2026-05-24 09:04:20,265 [INFO] Clicking LATER
2026-05-24 09:04:20,266 [INFO] Tap [LATER] at (1425,717)
2026-05-24 09:04:25,379 [INFO] POPUP FLOW COMPLETE
2026-05-24 09:04:25,379 [INFO] POPUP HANDLING COMPLETE
2026-05-24 09:04:30,381 [INFO] LOGOUT
2026-05-24 09:04:30,382 [INFO] Tap [parents] at (323,108)
2026-05-24 09:04:33,503 [INFO] Tap [logout] at (2236,103)
2026-05-24 09:04:38,597 [INFO] OK | 8247282471 | Logout done
2026-05-24 09:04:38,600 [INFO] LOGOUT SUCCESS
2026-05-24 09:04:38,604 [INFO] OK | 8247282471 | PASS
2026-05-24 09:04:38,605 [INFO] PASS — 8247282471
2026-05-24 09:04:38,606 [INFO] ALL USERS COMPLETED
2026-05-24 09:04:38,609 [INFO] PASS — tests/test_login_flow.py::TestLoginFlow::test_all_users
2026-05-24 09:04:39,105 [INFO] Session closed
