2026-05-24 05:13:54,594 [INFO] Connecting to Appium...
2026-05-24 05:14:07,143 [INFO] App launched — screen 2400x1080
2026-05-24 05:14:07,143 [INFO] Total users: 1
2026-05-24 05:14:07,143 [INFO] 
===== USER 1: 8247282471 =====
2026-05-24 05:14:07,163 [INFO] Screen size detected: 2400 x 1080
2026-05-24 05:14:07,163 [INFO] ===== HANDLING PERMISSIONS =====
2026-05-24 05:14:25,413 [INFO] STEP 1: LOGIN
2026-05-24 05:14:25,413 [INFO] VALIDATING SCREEN: login_screen
2026-05-24 05:14:25,413 [INFO] 🔍 Looking for screen: login_screen
2026-05-24 05:14:25,413 [INFO] Current screen detected: None
2026-05-24 05:14:26,438 [INFO] Current screen detected: None
2026-05-24 05:14:27,439 [INFO] Current screen detected: None
2026-05-24 05:14:28,440 [INFO] Current screen detected: None
2026-05-24 05:14:29,441 [INFO] Current screen detected: None
2026-05-24 05:14:30,442 [INFO] Current screen detected: None
2026-05-24 05:14:31,443 [INFO] Current screen detected: None
2026-05-24 05:14:32,444 [INFO] Current screen detected: None
2026-05-24 05:14:33,446 [INFO] Current screen detected: None
2026-05-24 05:14:34,447 [INFO] Current screen detected: None
2026-05-24 05:14:35,448 [INFO] Current screen detected: None
2026-05-24 05:14:36,449 [INFO] Current screen detected: None
2026-05-24 05:14:37,450 [INFO] Current screen detected: None
2026-05-24 05:14:38,451 [INFO] Current screen detected: None
2026-05-24 05:14:39,452 [INFO] Current screen detected: None
2026-05-24 05:14:40,453 [INFO] Current screen detected: None
2026-05-24 05:14:41,454 [INFO] Current screen detected: None
2026-05-24 05:14:42,455 [INFO] Current screen detected: None
2026-05-24 05:14:43,457 [INFO] Current screen detected: None
2026-05-24 05:14:44,458 [INFO] Current screen detected: None
2026-05-24 05:14:45,459 [ERROR] ❌ Screen NOT found: login_screen
2026-05-24 05:14:48,562 [INFO] Screenshot: screenshots/FAILED_login_screen_1779579885.png
2026-05-24 05:14:48,562 [ERROR] ❌ FAILED — 8247282471: ❌ Expected screen not found: login_screen
2026-05-24 05:14:50,813 [INFO] Screenshot: screenshots/FAILED_u1_8247282471_1779579888.png
2026-05-24 05:14:50,815 [INFO] FAIL | 8247282471 | ❌ Expected screen not found: login_screen
2026-05-24 05:14:50,815 [INFO] ALL USERS COMPLETED
2026-05-24 05:14:50,818 [INFO] PASS — tests/test_login_flow.py::TestLoginFlow::test_all_users
2026-05-24 05:14:51,181 [INFO] Session closed
