2026-05-24 04:00:20,790 [INFO] Connecting to Appium...
2026-05-24 04:00:39,295 [INFO] App launched — screen 2400x1080
2026-05-24 04:00:39,300 [INFO] Total users: 1
2026-05-24 04:00:39,301 [INFO] 
===== USER 1: 8247282471 =====
2026-05-24 04:00:39,338 [INFO] Screen size detected: 2400 x 1080
2026-05-24 04:00:39,340 [INFO] STEP 0: CHECKING PERMISSIONS
2026-05-24 04:00:49,215 [INFO] STEP 1: LOGIN
2026-05-24 04:00:49,216 [INFO] Waiting 3s — login screen
2026-05-24 04:00:55,944 [INFO] Screenshot: screenshots/u1_login_1779575452.png
2026-05-24 04:00:55,946 [INFO] Tap [mobile] at (1142,465)
2026-05-24 04:01:03,110 [INFO] Typed [8247282471] into [mobile]
2026-05-24 04:01:03,111 [INFO] Tap [OK] at (2166,442)
2026-05-24 04:01:03,969 [INFO] Tap [CONFIRM] at (1203,694)
2026-05-24 04:01:04,795 [INFO] New User: False, Multiple Profiles: False
2026-05-24 04:01:04,796 [INFO] ➡️  SINGLE PROFILE AUTO-LOGIN FLOW
2026-05-24 04:01:04,797 [INFO] STEP 2: HANDLING POPUPS
2026-05-24 04:01:04,797 [INFO] Waiting 2s — screen stabilize
2026-05-24 04:01:06,799 [INFO] HANDLING POPUPS & WELCOME DIALOGS
2026-05-24 04:01:06,800 [INFO] Tap [skip begin tutorial] at (1992,938)
2026-05-24 04:01:07,726 [INFO] Waiting 1s — after skip begin tutorial
2026-05-24 04:01:08,728 [INFO] Tap [skip begin tutorial] at (1992,938)
2026-05-24 04:01:09,629 [INFO] Waiting 1s — after skip begin tutorial
2026-05-24 04:01:10,634 [INFO] Tap [skip begin tutorial] at (1992,938)
2026-05-24 04:01:11,509 [INFO] Waiting 1s — after skip begin tutorial
2026-05-24 04:01:12,511 [INFO] Tap [skip begin tutorial] at (1992,938)
2026-05-24 04:01:13,395 [INFO] Waiting 1s — after skip begin tutorial
2026-05-24 04:01:14,396 [INFO] Tap [skip begin tutorial] at (1992,938)
2026-05-24 04:01:15,233 [INFO] Waiting 1s — after skip begin tutorial
2026-05-24 04:01:16,235 [INFO] Tap [skip begin tutorial] at (1992,938)
2026-05-24 04:01:16,925 [INFO] Waiting 1s — after skip begin tutorial
2026-05-24 04:01:17,926 [INFO] Tap [skip begin tutorial] at (1992,938)
2026-05-24 04:01:18,778 [INFO] Waiting 1s — after skip begin tutorial
2026-05-24 04:01:19,780 [INFO] Tap [skip begin tutorial] at (1992,938)
2026-05-24 04:01:20,494 [INFO] Waiting 1s — after skip begin tutorial
2026-05-24 04:01:21,495 [INFO] Tap [skip begin tutorial] at (1992,938)
2026-05-24 04:01:22,308 [INFO] Waiting 1s — after skip begin tutorial
2026-05-24 04:01:23,309 [INFO] Tap [skip begin tutorial] at (1992,938)
2026-05-24 04:01:24,167 [INFO] Waiting 1s — after skip begin tutorial
2026-05-24 04:01:28,328 [INFO] Screenshot: screenshots/u1_home_final_1779575485.png
2026-05-24 04:01:28,329 [INFO] ✅ All popups handled
2026-05-24 04:01:28,329 [INFO] VALIDATING SCREEN: home_screen
2026-05-24 04:01:28,330 [INFO] 🔍 Looking for screen: home_screen
2026-05-24 04:01:39,636 [ERROR] ❌ Screen NOT found: home_screen (found 0/1)
2026-05-24 04:01:42,502 [INFO] Screenshot: screenshots/FAILED_home_screen_1779575499.png
2026-05-24 04:01:45,179 [INFO] Screenshot: screenshots/FAILED_home_screen_1779575502.png
2026-05-24 04:01:45,181 [ERROR] FAILED 8247282471: ❌ Screen NOT found: home_screen
2026-05-24 04:01:47,824 [INFO] Screenshot: screenshots/FAILED_u1_8247282471_1779575505.png
2026-05-24 04:01:47,843 [INFO] FAIL | 8247282471 | ❌ Screen NOT found: home_screen
2026-05-24 04:01:47,905 [INFO] ALL USERS COMPLETED
2026-05-24 04:01:48,020 [INFO] PASS — tests/test_login_flow.py::TestLoginFlow::test_all_users
2026-05-24 04:01:48,557 [INFO] Session closed
