2026-05-24 10:32:41,772 [INFO] Connecting to Appium...
2026-05-24 10:32:55,983 [INFO] App launched — screen 2400x1080
2026-05-24 10:32:55,985 [INFO] Total users: 1
2026-05-24 10:32:55,985 [INFO] 
===== USER 1: 8247282471 =====
2026-05-24 10:32:56,006 [INFO] Screen size detected: 2400 x 1080
2026-05-24 10:33:06,513 [INFO] STEP 1: LOGIN
2026-05-24 10:33:06,513 [INFO] Assuming login screen is visible
2026-05-24 10:33:06,513 [INFO] Tap [mobile] at (1142,465)
2026-05-24 10:33:12,851 [INFO] Typed [8247282471] into [mobile]
2026-05-24 10:33:13,852 [INFO] Tap [OK] at (2166,442)
2026-05-24 10:33:15,011 [INFO] CLICK CONFIRM
2026-05-24 10:33:15,012 [INFO] Tap [CONFIRM] at (1203,694)
2026-05-24 10:33:16,191 [INFO] Waiting for Unity transition...
2026-05-24 10:33:24,303 [INFO] AFTER CONFIRM SCREEN: unknown
2026-05-24 10:33:24,303 [INFO] Proceeding to next step after login delay
2026-05-24 10:33:29,306 [INFO] Assuming next screen: Select_Profile_screen
2026-05-24 10:33:29,306 [INFO] SELECT PROFILE
2026-05-24 10:33:29,306 [INFO] Tap [profile] at (802,581)
2026-05-24 10:33:30,461 [INFO] Tap [NEXT] at (1120,891)
2026-05-24 10:33:31,650 [INFO] AVATAR
2026-05-24 10:33:31,651 [INFO] Tap [SAVE] at (1158,670)
2026-05-24 10:33:32,807 [INFO] LANGUAGE
2026-05-24 10:33:32,808 [INFO] Tap [dropdown] at (1692,323)
2026-05-24 10:33:33,999 [INFO] Tap [language] at (1186,441)
2026-05-24 10:33:35,159 [INFO] Tap [SAVE] at (1177,905)
2026-05-24 10:33:36,323 [INFO] POPUPS
2026-05-24 10:33:36,453 [INFO] Tap [skip] at (1992,938)
2026-05-24 10:33:38,766 [INFO] Tap [skip] at (1992,938)
2026-05-24 10:33:41,066 [INFO] Tap [skip] at (1992,938)
2026-05-24 10:33:43,357 [INFO] Tap [skip] at (1992,938)
2026-05-24 10:33:45,641 [INFO] Tap [skip] at (1992,938)
2026-05-24 10:33:47,925 [INFO] Tap [skip] at (1992,938)
2026-05-24 10:33:50,222 [INFO] Tap [skip] at (1992,938)
2026-05-24 10:33:52,493 [INFO] Tap [skip] at (1992,938)
2026-05-24 10:33:54,790 [INFO] Tap [skip] at (1992,938)
2026-05-24 10:33:57,071 [INFO] Tap [skip] at (1992,938)
2026-05-24 10:33:59,227 [INFO] VALIDATING SCREEN: home_screen
2026-05-24 10:33:59,312 [INFO] [SCREEN] unknown
2026-05-24 10:34:00,837 [INFO] [SCREEN] unknown
2026-05-24 10:34:01,956 [INFO] [SCREEN] unknown
2026-05-24 10:34:03,064 [INFO] [SCREEN] unknown
2026-05-24 10:34:04,162 [INFO] [SCREEN] unknown
2026-05-24 10:34:05,259 [INFO] [SCREEN] unknown
2026-05-24 10:34:06,359 [INFO] [SCREEN] unknown
2026-05-24 10:34:07,471 [INFO] [SCREEN] unknown
2026-05-24 10:34:08,581 [INFO] [SCREEN] unknown
2026-05-24 10:34:09,693 [INFO] [SCREEN] unknown
2026-05-24 10:34:10,801 [INFO] [SCREEN] unknown
2026-05-24 10:34:11,932 [INFO] [SCREEN] unknown
2026-05-24 10:34:13,039 [INFO] [SCREEN] unknown
2026-05-24 10:34:14,161 [INFO] [SCREEN] unknown
2026-05-24 10:34:15,261 [INFO] [SCREEN] unknown
2026-05-24 10:34:16,381 [INFO] [SCREEN] unknown
2026-05-24 10:34:17,488 [INFO] [SCREEN] unknown
2026-05-24 10:34:18,616 [INFO] [SCREEN] unknown
2026-05-24 10:34:19,721 [INFO] [SCREEN] unknown
2026-05-24 10:34:20,828 [INFO] [SCREEN] unknown
2026-05-24 10:34:21,931 [INFO] [SCREEN] unknown
2026-05-24 10:34:23,037 [INFO] [SCREEN] unknown
2026-05-24 10:34:24,138 [INFO] [SCREEN] unknown
2026-05-24 10:34:25,140 [ERROR] FAILED — 8247282471: Expected screens not found: ['home_screen']
2026-05-24 10:34:27,893 [INFO] Screenshot: screenshots/FAILED_u1_8247282471_1779599065.png
2026-05-24 10:34:27,895 [INFO] FAIL | 8247282471 | Expected screens not found: ['home_screen']
2026-05-24 10:34:27,895 [INFO] ALL USERS COMPLETED
2026-05-24 10:34:27,897 [INFO] PASS — tests/test_login_flow.py::TestLoginFlow::test_all_users
2026-05-24 10:34:28,254 [INFO] Session closed
