2026-05-25 10:18:56,334 [INFO] Connecting to Appium...
2026-05-25 10:19:09,269 [INFO] App launched — screen 2400x1080
2026-05-25 10:19:09,269 [INFO] Total users: 1
2026-05-25 10:19:09,269 [INFO] 
===== USER 1: 8247282471 =====
2026-05-25 10:19:09,308 [INFO] Screen size detected: 2400 x 1080
2026-05-25 10:19:18,004 [INFO] STEP 1: LOGIN
2026-05-25 10:19:18,004 [INFO] Tap [mobile] at (1142,465)
2026-05-25 10:19:24,442 [INFO] Typed [8247282471] into [mobile]
2026-05-25 10:19:25,443 [INFO] Tap [OK] at (2166,442)
2026-05-25 10:19:26,618 [INFO] CLICK CONFIRM
2026-05-25 10:19:26,619 [INFO] Tap [CONFIRM] at (1203,694)
2026-05-25 10:19:27,805 [INFO] Waiting for Unity transition...
2026-05-25 10:19:37,806 [INFO] Detecting next screen...
2026-05-25 10:19:41,339 [INFO] Detected next screen: license_screen
2026-05-25 10:19:41,339 [INFO] LICENSE SCREEN
2026-05-25 10:19:41,339 [INFO] Tap [license] at (1142,465)
2026-05-25 10:19:47,618 [INFO] Typed [HGSM76] into [license]
2026-05-25 10:19:48,622 [INFO] Tap [CONFIRM] at (1203,694)
2026-05-25 10:19:54,775 [INFO] REGISTRATION
2026-05-25 10:19:54,776 [INFO] Tap [name] at (1200,410)
2026-05-25 10:20:01,148 [INFO] Typed [] into [name]
2026-05-25 10:20:02,149 [INFO] Tap [Male] at (840,518)
2026-05-25 10:20:03,303 [INFO] Tap [parent] at (1200,734)
2026-05-25 10:20:09,565 [INFO] Typed [] into [parent]
2026-05-25 10:20:10,566 [INFO] Tap [alt mobile] at (1200,820)
2026-05-25 10:20:16,829 [INFO] Typed [] into [alt mobile]
2026-05-25 10:20:17,841 [INFO] Tap [submit] at (1200,982)
2026-05-25 10:20:29,057 [INFO] SELECT PROFILE
2026-05-25 10:20:29,058 [INFO] Tap [profile] at (802,581)
2026-05-25 10:20:30,213 [INFO] Tap [NEXT] at (1120,891)
2026-05-25 10:20:36,374 [INFO] AVATAR
2026-05-25 10:20:36,375 [INFO] Tap [SAVE] at (1158,670)
2026-05-25 10:20:42,529 [INFO] LANGUAGE
2026-05-25 10:20:42,529 [INFO] Tap [dropdown] at (1692,323)
2026-05-25 10:20:43,697 [INFO] Tap [language] at (1186,441)
2026-05-25 10:20:44,866 [INFO] Tap [SAVE] at (1177,905)
2026-05-25 10:20:51,024 [INFO] HANDLING POPUPS
2026-05-25 10:20:51,025 [INFO] Clicking SKIP
2026-05-25 10:20:51,026 [INFO] Tap [SKIP] at (1992,938)
2026-05-25 10:20:57,277 [INFO] Closing STREAK popup
2026-05-25 10:20:57,277 [INFO] Tap [CLOSE STREAK] at (2273,117)
2026-05-25 10:21:02,495 [INFO] Clicking CONTINUE
2026-05-25 10:21:02,497 [INFO] Tap [CONTINUE] at (1191,877)
2026-05-25 10:21:07,673 [INFO] Clicking LATER
2026-05-25 10:21:07,674 [INFO] Tap [LATER] at (1425,717)
2026-05-25 10:21:12,822 [INFO] POPUP FLOW COMPLETE
2026-05-25 10:21:17,824 [INFO] LOGOUT
2026-05-25 10:21:17,824 [INFO] Tap [parents] at (323,108)
2026-05-25 10:21:21,998 [INFO] Tap [logout] at (2236,103)
2026-05-25 10:21:28,172 [INFO] OK | 8247282471 | Logout done
2026-05-25 10:21:28,173 [INFO] LOGOUT SUCCESS
2026-05-25 10:21:28,177 [INFO] OK | 8247282471 | PASS
2026-05-25 10:21:28,178 [INFO] PASS — 8247282471
2026-05-25 10:21:28,180 [INFO] ALL USERS COMPLETED
2026-05-25 10:21:28,185 [INFO] PASS — tests/test_login_flow.py::TestLoginFlow::test_all_users
2026-05-25 10:21:28,498 [INFO] Session closed
