2026-05-24 22:42:25,762 [INFO] Connecting to Appium...
2026-05-24 22:42:38,460 [INFO] App launched — screen 2400x1080
2026-05-24 22:42:38,460 [INFO] Total users: 1
2026-05-24 22:42:38,463 [INFO] 
===== USER 1: 8247282471 =====
2026-05-24 22:42:38,475 [INFO] Screen size detected: 2400 x 1080
2026-05-24 22:42:47,579 [INFO] STEP 1: LOGIN
2026-05-24 22:42:47,579 [INFO] Assuming login screen is visible
2026-05-24 22:42:47,579 [INFO] Tap [mobile] at (1142,465)
2026-05-24 22:42:54,405 [INFO] Typed [8247282471] into [mobile]
2026-05-24 22:42:55,412 [INFO] Tap [OK] at (2166,442)
2026-05-24 22:42:56,581 [INFO] CLICK CONFIRM
2026-05-24 22:42:56,581 [INFO] Tap [CONFIRM] at (1203,694)
2026-05-24 22:42:57,770 [INFO] Waiting for Unity transition...
2026-05-24 22:43:05,922 [INFO] AFTER CONFIRM SCREEN: unknown
2026-05-24 22:43:05,924 [INFO] Proceeding to next step after login delay
2026-05-24 22:43:10,925 [INFO] HANDLING POPUPS
2026-05-24 22:43:10,926 [INFO] Clicking SKIP
2026-05-24 22:43:10,926 [INFO] Tap [SKIP] at (1992,938)
2026-05-24 22:43:17,118 [INFO] Closing STREAK popup
2026-05-24 22:43:17,118 [INFO] Tap [CLOSE STREAK] at (2273,117)
2026-05-24 22:43:22,286 [INFO] Clicking CONTINUE
2026-05-24 22:43:22,286 [INFO] Tap [CONTINUE] at (1191,877)
2026-05-24 22:43:27,456 [INFO] Clicking LATER
2026-05-24 22:43:27,456 [INFO] Tap [LATER] at (1425,717)
2026-05-24 22:43:32,611 [INFO] POPUP FLOW COMPLETE
2026-05-24 22:43:37,613 [INFO] LOGOUT
2026-05-24 22:43:37,613 [INFO] Tap [parents] at (323,108)
2026-05-24 22:43:41,768 [INFO] Tap [logout] at (2236,103)
2026-05-24 22:43:47,918 [INFO] OK | 8247282471 | Logout done
2026-05-24 22:43:47,918 [INFO] LOGOUT SUCCESS
2026-05-24 22:43:47,918 [INFO] OK | 8247282471 | PASS
2026-05-24 22:43:47,918 [INFO] PASS — 8247282471
2026-05-24 22:43:47,920 [INFO] ALL USERS COMPLETED
2026-05-24 22:43:47,920 [INFO] PASS — tests/test_login_flow.py::TestLoginFlow::test_all_users
2026-05-24 22:43:48,375 [INFO] Session closed
