2026-05-24 05:25:36,478 [INFO] Connecting to Appium...
2026-05-24 05:25:47,048 [INFO] App launched — screen 2400x1080
2026-05-24 05:25:47,049 [INFO] Total users: 1
2026-05-24 05:25:47,049 [INFO] 
===== USER 1: 8247282471 =====
2026-05-24 05:25:47,092 [INFO] Screen size detected: 2400 x 1080
2026-05-24 05:25:47,092 [INFO] ===== HANDLING PERMISSIONS =====
2026-05-24 05:26:05,289 [INFO] STEP 1: LOGIN
2026-05-24 05:26:05,290 [INFO] VALIDATING SCREEN: login_screen
2026-05-24 05:26:05,290 [INFO] 🔍 Looking for screen: login_screen
2026-05-24 05:26:05,400 [INFO] Current screen detected: unknown
2026-05-24 05:26:06,520 [INFO] Current screen detected: unknown
2026-05-24 05:26:07,632 [INFO] Current screen detected: unknown
2026-05-24 05:26:08,743 [INFO] Current screen detected: unknown
2026-05-24 05:26:09,860 [INFO] Current screen detected: unknown
2026-05-24 05:26:10,968 [INFO] Current screen detected: unknown
2026-05-24 05:26:12,082 [INFO] Current screen detected: unknown
2026-05-24 05:26:13,193 [INFO] Current screen detected: unknown
2026-05-24 05:26:14,310 [INFO] Current screen detected: unknown
2026-05-24 05:26:15,428 [INFO] Current screen detected: unknown
2026-05-24 05:26:16,600 [INFO] Current screen detected: unknown
2026-05-24 05:26:17,707 [INFO] Current screen detected: unknown
2026-05-24 05:26:18,821 [INFO] Current screen detected: unknown
2026-05-24 05:26:19,912 [INFO] Current screen detected: unknown
2026-05-24 05:26:21,020 [INFO] Current screen detected: unknown
2026-05-24 05:26:22,123 [INFO] Current screen detected: unknown
2026-05-24 05:26:23,244 [INFO] Current screen detected: unknown
2026-05-24 05:26:24,342 [INFO] Current screen detected: unknown
2026-05-24 05:26:25,347 [ERROR] ❌ Screen NOT found: login_screen
2026-05-24 05:26:27,606 [INFO] Screenshot: screenshots/FAILED_login_screen_1779580585.png
2026-05-24 05:26:27,606 [ERROR] ❌ FAILED — 8247282471: ❌ Expected screen not found: login_screen
2026-05-24 05:26:29,647 [INFO] Screenshot: screenshots/FAILED_u1_8247282471_1779580587.png
2026-05-24 05:26:29,649 [INFO] FAIL | 8247282471 | ❌ Expected screen not found: login_screen
2026-05-24 05:26:29,649 [INFO] ALL USERS COMPLETED
2026-05-24 05:26:29,651 [INFO] PASS — tests/test_login_flow.py::TestLoginFlow::test_all_users
2026-05-24 05:26:29,925 [INFO] Session closed
