2026-05-24 00:00:33,076 [INFO] Connecting to Appium...
2026-05-24 00:00:48,517 [INFO] App launched — screen 2400x1080
2026-05-24 00:00:48,521 [INFO] Total users: 2
2026-05-24 00:00:48,521 [INFO] 
=======================================================
USER 1/2: 8247282471
=======================================================
2026-05-24 00:00:48,549 [INFO] Screen size detected: 2400 x 1080
2026-05-24 00:00:48,551 [INFO] --- Step 1: Login ---
2026-05-24 00:00:48,551 [INFO] Waiting 6s — splash → login screen
2026-05-24 00:00:57,692 [INFO] Screenshot: screenshots/u1_01_login_1779561054.png
2026-05-24 00:00:57,694 [INFO] Tap [mobile input] at pixel (508,470)
2026-05-24 00:01:00,968 [INFO] Keyboard shown: False
2026-05-24 00:01:04,803 [INFO] Typed '8247282471' into [mobile input]
2026-05-24 00:01:06,304 [INFO] Tap [Confirm button] at pixel (532,666)
2026-05-24 00:01:09,923 [INFO] Screenshot: screenshots/u1_02_after_confirm_1779561066.png
2026-05-24 00:01:09,959 [INFO] OK | 8247282471 | Step 1: Login confirmed
2026-05-24 00:01:09,959 [INFO] --- Step 2: Waiting for screen after login ---
2026-05-24 00:01:09,960 [INFO] Waiting 12s — API response + screen load
2026-05-24 00:01:24,913 [INFO] Screenshot: screenshots/u1_03_post_login_screen_1779561081.png
2026-05-24 00:01:24,913 [INFO] Handling: Select Profile
2026-05-24 00:01:24,914 [INFO] Waiting 3s — select profile screen
2026-05-24 00:01:29,527 [INFO] Screenshot: screenshots/u1_04_select_profile_1779561087.png
2026-05-24 00:01:29,527 [INFO] Tap [profile 1] at pixel (360,577)
2026-05-24 00:01:31,348 [INFO] Tap [NEXT button] at pixel (0.4809,0.5453)
2026-05-24 00:01:37,414 [INFO] Screenshot: screenshots/u1_05_after_next_1779561095.png
2026-05-24 00:01:37,415 [INFO] OK | 8247282471 | Step 2: Profile selected
2026-05-24 00:01:37,416 [INFO] Handling: Avatar screen
2026-05-24 00:01:37,416 [INFO] Waiting 4s — avatar screen
2026-05-24 00:01:43,459 [INFO] Screenshot: screenshots/u1_06_avatar_1779561101.png
2026-05-24 00:01:43,460 [INFO] Tap [Avatar Save] at pixel (526,677)
2026-05-24 00:01:48,415 [INFO] Screenshot: screenshots/u1_07_after_avatar_1779561106.png
2026-05-24 00:01:48,416 [INFO] OK | 8247282471 | Step 3: Avatar saved
2026-05-24 00:01:48,417 [INFO] Handling: Language dialog
2026-05-24 00:01:48,417 [INFO] Waiting 5s — language dialog
2026-05-24 00:01:55,662 [INFO] Screenshot: screenshots/u1_08_language_1779561113.png
2026-05-24 00:01:55,663 [INFO] Tap [language dropdown] at pixel (765,319)
2026-05-24 00:02:00,019 [INFO] Screenshot: screenshots/u1_09_lang_dropdown_open_1779561117.png
2026-05-24 00:02:00,023 [INFO] Tap [language option 0] at pixel (590,420)
2026-05-24 00:02:01,706 [INFO] Tap [language Save] at pixel (528,896)
2026-05-24 00:02:07,643 [INFO] Screenshot: screenshots/u1_10_after_language_1779561125.png
2026-05-24 00:02:07,646 [INFO] OK | 8247282471 | Step 4: Language selected
2026-05-24 00:02:07,650 [INFO] --- Step 3: Handling post-login popups ---
2026-05-24 00:02:07,650 [INFO] Popup check: Enter button
2026-05-24 00:02:07,651 [INFO] Waiting 6s — Begin scene
2026-05-24 00:02:15,854 [INFO] Screenshot: screenshots/u1_11_begin_scene_1779561133.png
2026-05-24 00:02:15,854 [INFO] Tap [Enter button] at pixel (532,577)
2026-05-24 00:02:16,539 [INFO] Waiting 8s — loading after Enter
2026-05-24 00:02:25,133 [INFO] Session closed
