2026-05-25 11:10:08,669 [INFO] Connecting to Appium...
2026-05-25 11:10:19,827 [INFO] App launched — screen 2400x1080
2026-05-25 11:10:19,828 [INFO] Total users: 1
2026-05-25 11:10:19,828 [INFO] 
===== USER 1: 8247282591 =====
2026-05-25 11:10:19,848 [INFO] Screen size detected: 2400 x 1080
2026-05-25 11:10:35,866 [INFO] STEP 1: LOGIN
2026-05-25 11:10:35,866 [INFO] Tap [mobile] at (1142,465)
2026-05-25 11:10:42,193 [INFO] Typed [8247282591] into [mobile]
2026-05-25 11:10:43,194 [INFO] Tap [OK] at (2166,442)
2026-05-25 11:10:44,357 [INFO] CLICK CONFIRM
2026-05-25 11:10:44,357 [INFO] Tap [CONFIRM] at (1203,694)
2026-05-25 11:10:45,513 [INFO] Waiting for Unity transition...
2026-05-25 11:10:55,515 [INFO] Detecting next screen...
2026-05-25 11:11:00,516 [INFO] Looking for screen: license_screen
2026-05-25 11:11:08,299 [INFO] Current screen detected: login_screen
2026-05-25 11:11:09,300 [ERROR] Screen NOT found: license_screen
2026-05-25 11:11:09,300 [INFO] Looking for screen: Select_Profile_screen
2026-05-25 11:11:16,349 [INFO] Current screen detected: login_screen
2026-05-25 11:11:17,350 [ERROR] Screen NOT found: Select_Profile_screen
2026-05-25 11:11:19,612 [INFO] Detected next screen: Select_Profile_screen
2026-05-25 11:11:19,613 [INFO] SELECT PROFILE
2026-05-25 11:11:19,613 [INFO] Tap [profile] at (802,581)
2026-05-25 11:11:20,783 [INFO] Tap [NEXT] at (1120,891)
2026-05-25 11:11:26,960 [INFO] AVATAR
2026-05-25 11:11:26,960 [INFO] Tap [SAVE] at (1158,670)
2026-05-25 11:11:33,150 [INFO] LANGUAGE
2026-05-25 11:11:33,151 [INFO] Tap [dropdown] at (1692,323)
2026-05-25 11:11:40,268 [INFO] Tap [language] at (1186,441)
2026-05-25 11:11:41,446 [INFO] Tap [SAVE] at (1177,905)
2026-05-25 11:11:47,559 [INFO] HANDLING POPUPS
2026-05-25 11:11:47,560 [INFO] Clicking SKIP
2026-05-25 11:11:47,560 [INFO] Tap [SKIP] at (1992,938)
2026-05-25 11:11:53,654 [INFO] Closing STREAK popup
2026-05-25 11:11:53,654 [INFO] Tap [CLOSE STREAK] at (2273,117)
2026-05-25 11:11:58,738 [INFO] Clicking CONTINUE
2026-05-25 11:11:58,738 [INFO] Tap [CONTINUE] at (1191,877)
2026-05-25 11:12:03,817 [INFO] Clicking LATER
2026-05-25 11:12:03,818 [INFO] Tap [LATER] at (1425,717)
2026-05-25 11:12:08,897 [INFO] POPUP FLOW COMPLETE
2026-05-25 11:12:13,898 [INFO] LOGOUT
2026-05-25 11:12:13,898 [INFO] Tap [parents] at (323,108)
2026-05-25 11:12:17,986 [INFO] Tap [logout] at (2236,103)
2026-05-25 11:12:24,067 [INFO] OK | 8247282591 | Logout done
2026-05-25 11:12:24,068 [INFO] LOGOUT SUCCESS
2026-05-25 11:12:24,071 [INFO] OK | 8247282591 | PASS
2026-05-25 11:12:24,072 [INFO] PASS — 8247282591
2026-05-25 11:12:24,072 [INFO] ALL USERS COMPLETED
2026-05-25 11:12:24,073 [INFO] PASS — tests/test_login_flow.py::TestLoginFlow::test_all_users
