2026-05-24 21:28:27,300 [INFO] Connecting to Appium...
2026-05-24 21:28:40,374 [INFO] App launched — screen 2400x1080
2026-05-24 21:28:40,376 [INFO] Total users: 1
2026-05-24 21:28:40,377 [INFO] 
===== USER 1: 8247282471 =====
2026-05-24 21:28:40,396 [INFO] Screen size detected: 2400 x 1080
2026-05-24 21:28:49,736 [INFO] STEP 1: LOGIN
2026-05-24 21:28:49,736 [INFO] Assuming login screen is visible
2026-05-24 21:28:49,737 [INFO] Tap [mobile] at (1142,465)
2026-05-24 21:28:56,206 [INFO] Typed [8247282471] into [mobile]
2026-05-24 21:28:57,207 [INFO] Tap [OK] at (2166,442)
2026-05-24 21:28:58,415 [INFO] CLICK CONFIRM
2026-05-24 21:28:58,415 [INFO] Tap [CONFIRM] at (1203,694)
2026-05-24 21:28:59,583 [INFO] Waiting for Unity transition...
2026-05-24 21:29:07,815 [INFO] AFTER CONFIRM SCREEN: unknown
2026-05-24 21:29:07,815 [INFO] Proceeding to next step after login delay
2026-05-24 21:29:12,818 [INFO] Assuming next screen: Select_Profile_screen
2026-05-24 21:29:12,818 [INFO] SELECT PROFILE
2026-05-24 21:29:12,818 [INFO] Tap [profile] at (802,581)
2026-05-24 21:29:14,004 [INFO] Tap [NEXT] at (1120,891)
2026-05-24 21:29:15,159 [INFO] AVATAR
2026-05-24 21:29:15,159 [INFO] Tap [SAVE] at (1158,670)
2026-05-24 21:29:20,318 [INFO] LANGUAGE
2026-05-24 21:29:20,318 [INFO] Tap [dropdown] at (1692,323)
2026-05-24 21:29:21,491 [INFO] Tap [language] at (1186,441)
2026-05-24 21:29:22,643 [INFO] Tap [SAVE] at (1177,905)
2026-05-24 21:29:26,826 [INFO] HANDLING POPUPS
2026-05-24 21:29:26,826 [INFO] Clicking SKIP
2026-05-24 21:29:26,826 [INFO] Tap [SKIP] at (1992,938)
2026-05-24 21:29:32,987 [INFO] Closing STREAK popup
2026-05-24 21:29:32,987 [INFO] Tap [CLOSE STREAK] at (2273,117)
2026-05-24 21:29:38,247 [INFO] Clicking CONTINUE
2026-05-24 21:29:38,247 [INFO] Tap [CONTINUE] at (1191,877)
2026-05-24 21:29:43,436 [INFO] Clicking LATER
2026-05-24 21:29:43,436 [INFO] Tap [LATER] at (1425,717)
2026-05-24 21:29:48,614 [INFO] POPUP FLOW COMPLETE
2026-05-24 21:29:53,614 [INFO] LOGOUT
2026-05-24 21:29:53,614 [INFO] Tap [parents] at (323,108)
2026-05-24 21:29:57,852 [INFO] Tap [logout] at (2236,103)
2026-05-24 21:30:04,033 [INFO] OK | 8247282471 | Logout done
2026-05-24 21:30:04,033 [INFO] LOGOUT SUCCESS
2026-05-24 21:30:04,033 [INFO] OK | 8247282471 | PASS
2026-05-24 21:30:04,035 [INFO] PASS — 8247282471
2026-05-24 21:30:04,035 [INFO] ALL USERS COMPLETED
2026-05-24 21:30:04,035 [INFO] PASS — tests/test_login_flow.py::TestLoginFlow::test_all_users
2026-05-24 21:30:04,525 [INFO] Session closed
