2026-05-24 09:07:36,817 [INFO] Connecting to Appium...
2026-05-24 09:07:52,277 [INFO] App launched — screen 2400x1080
2026-05-24 09:07:52,278 [INFO] Total users: 1
2026-05-24 09:07:52,279 [INFO] 
===== USER 1: 8247282471 =====
2026-05-24 09:08:10,433 [INFO] STEP 1: LOGIN
2026-05-24 09:08:10,433 [INFO] VALIDATING SCREEN: login_screen
2026-05-24 09:08:10,537 [INFO] [SCREEN] unknown
2026-05-24 09:08:11,649 [INFO] [SCREEN] unknown
2026-05-24 09:08:12,771 [INFO] [SCREEN] unknown
2026-05-24 09:08:13,890 [INFO] [SCREEN] unknown
2026-05-24 09:08:14,974 [INFO] [SCREEN] unknown
2026-05-24 09:08:16,055 [INFO] [SCREEN] unknown
2026-05-24 09:08:17,109 [INFO] [SCREEN] unknown
2026-05-24 09:08:18,709 [INFO] [SCREEN] unknown
2026-05-24 09:08:19,821 [INFO] [SCREEN] unknown
2026-05-24 09:08:20,928 [INFO] [SCREEN] unknown
2026-05-24 09:08:22,040 [INFO] [SCREEN] unknown
2026-05-24 09:08:23,157 [INFO] [SCREEN] unknown
2026-05-24 09:08:24,936 [INFO] [SCREEN] unknown
2026-05-24 09:08:26,023 [INFO] [SCREEN] unknown
2026-05-24 09:08:27,141 [INFO] [SCREEN] unknown
2026-05-24 09:08:28,254 [INFO] [SCREEN] unknown
2026-05-24 09:08:29,359 [INFO] [SCREEN] unknown
2026-05-24 09:08:30,765 [INFO] [SCREEN] unknown
2026-05-24 09:08:31,767 [ERROR] FAILED — 8247282471: Expected screens not found: ['login_screen']
2026-05-24 09:08:35,180 [INFO] Screenshot: screenshots/FAILED_u1_8247282471_1779593911.png
2026-05-24 09:08:35,182 [INFO] FAIL | 8247282471 | Expected screens not found: ['login_screen']
2026-05-24 09:08:35,183 [INFO] ALL USERS COMPLETED
2026-05-24 09:08:35,184 [INFO] PASS — tests/test_login_flow.py::TestLoginFlow::test_all_users
2026-05-24 09:08:35,641 [INFO] Session closed
