2026-05-24 10:16:16,027 [INFO] Connecting to Appium...
2026-05-24 10:16:27,565 [INFO] App launched — screen 2400x1080
2026-05-24 10:16:27,567 [INFO] Total users: 1
2026-05-24 10:16:27,568 [INFO] 
===== USER 1: 8247282471 =====
2026-05-24 10:16:27,591 [INFO] Screen size detected: 2400 x 1080
2026-05-24 10:16:45,463 [INFO] STEP 1: LOGIN
2026-05-24 10:16:45,463 [INFO] VALIDATING SCREEN: login_screen
2026-05-24 10:16:52,226 [INFO] [PIXEL SCREEN DETECTION] login_screen
2026-05-24 10:16:52,227 [INFO] [SCREEN] login_screen
2026-05-24 10:16:54,303 [INFO] Screenshot: screenshots/u1_login_1779598012.png
2026-05-24 10:16:54,306 [INFO] Tap [mobile] at (1142,465)
2026-05-24 10:17:00,677 [INFO] Typed [8247282471] into [mobile]
2026-05-24 10:17:01,678 [INFO] Tap [OK] at (2166,442)
2026-05-24 10:17:02,852 [INFO] CLICK CONFIRM
2026-05-24 10:17:02,853 [INFO] Tap [CONFIRM] at (1203,694)
2026-05-24 10:17:19,171 [INFO] [PIXEL SCREEN DETECTION] login_screen
2026-05-24 10:17:19,172 [INFO] AFTER CONFIRM SCREEN: login_screen
2026-05-24 10:17:26,749 [INFO] [PIXEL SCREEN DETECTION] login_screen
2026-05-24 10:17:26,750 [INFO] [SCREEN] login_screen
2026-05-24 10:17:35,109 [INFO] [PIXEL SCREEN DETECTION] login_screen
2026-05-24 10:17:35,109 [INFO] [SCREEN] login_screen
2026-05-24 10:17:44,039 [ERROR] Pixel check failed: image index out of range
2026-05-24 10:17:45,548 [ERROR] Pixel check failed: image index out of range
2026-05-24 10:17:46,547 [ERROR] Pixel check failed: image index out of range
2026-05-24 10:17:47,261 [ERROR] Pixel check failed: image index out of range
2026-05-24 10:17:48,119 [ERROR] Pixel check failed: image index out of range
2026-05-24 10:17:49,820 [ERROR] Pixel check failed: image index out of range
2026-05-24 10:17:50,587 [ERROR] Pixel check failed: image index out of range
2026-05-24 10:17:50,588 [INFO] [PIXEL SCREEN DETECTION] unknown
2026-05-24 10:17:50,589 [INFO] [SCREEN] unknown
2026-05-24 10:17:54,389 [ERROR] Pixel check failed: image index out of range
2026-05-24 10:17:57,260 [ERROR] Pixel check failed: image index out of range
2026-05-24 10:18:00,269 [ERROR] Pixel check failed: image index out of range
2026-05-24 10:18:03,256 [ERROR] Pixel check failed: image index out of range
2026-05-24 10:18:06,446 [ERROR] Pixel check failed: image index out of range
2026-05-24 10:18:12,634 [ERROR] Pixel check failed: image index out of range
2026-05-24 10:18:15,682 [ERROR] Pixel check failed: image index out of range
2026-05-24 10:18:15,683 [INFO] [PIXEL SCREEN DETECTION] unknown
2026-05-24 10:18:15,683 [INFO] [SCREEN] unknown
2026-05-24 10:18:16,685 [ERROR] FAILED — 8247282471: Expected screens not found: ['license_screen', 'Select_Profile_screen', 'home_screen']
2026-05-24 10:18:19,792 [INFO] Screenshot: screenshots/FAILED_u1_8247282471_1779598096.png
2026-05-24 10:18:19,793 [INFO] FAIL | 8247282471 | Expected screens not found: ['license_screen', 'Select_Profile_screen', 'home_screen']
2026-05-24 10:18:20,000 [INFO] FAIL — tests/test_login_flow.py::TestLoginFlow::test_all_users
2026-05-24 10:18:20,360 [INFO] Session closed
