2026-05-24 05:43:53,091 [INFO] Connecting to Appium...
2026-05-24 05:44:06,284 [INFO] App launched — screen 2400x1080
2026-05-24 05:44:06,284 [INFO] Total users: 1
2026-05-24 05:44:06,284 [INFO] 
===== USER 1: 8247282471 =====
2026-05-24 05:44:06,302 [INFO] Screen size detected: 2400 x 1080
2026-05-24 05:44:06,302 [INFO] ===== HANDLING PERMISSIONS =====
2026-05-24 05:44:17,173 [INFO] STEP 1: LOGIN
2026-05-24 05:44:17,173 [INFO] VALIDATING SCREEN: login_screen
2026-05-24 05:44:17,173 [INFO] 🔍 Looking for screen: login_screen
2026-05-24 05:44:20,734 [INFO] Current screen detected: login_screen
2026-05-24 05:44:20,746 [INFO] ✅ Screen detected: login_screen
2026-05-24 05:44:23,151 [INFO] Screenshot: screenshots/u1_login_1779581660.png
2026-05-24 05:44:23,151 [INFO] Tap [mobile] at (1142,465)
2026-05-24 05:44:29,243 [INFO] Typed [8247282471] into [mobile]
2026-05-24 05:44:30,245 [INFO] Tap [OK] at (2166,442)
2026-05-24 05:44:31,234 [INFO] Tap [CONFIRM] at (1203,694)
2026-05-24 05:44:32,195 [INFO] Waiting 2s — allow UI to process
2026-05-24 05:44:35,011 [INFO] Waiting 3s — post keyboard close
2026-05-24 05:44:38,013 [INFO] WAITING FOR NEXT SCREEN...
2026-05-24 05:44:40,936 [INFO] Current screen: login_screen
2026-05-24 05:44:44,340 [INFO] Current screen: login_screen
2026-05-24 05:44:47,996 [INFO] Current screen: login_screen
2026-05-24 05:44:51,415 [INFO] Current screen: login_screen
2026-05-24 05:44:55,002 [INFO] Current screen: login_screen
2026-05-24 05:44:58,703 [INFO] Current screen: login_screen
2026-05-24 05:45:02,248 [INFO] Current screen: login_screen
2026-05-24 05:45:05,954 [INFO] Current screen: login_screen
2026-05-24 05:45:09,609 [INFO] Current screen: login_screen
2026-05-24 05:45:13,317 [INFO] Current screen: login_screen
2026-05-24 05:45:16,807 [INFO] Current screen: login_screen
2026-05-24 05:45:20,319 [INFO] Current screen: login_screen
2026-05-24 05:45:21,321 [ERROR] ❌ FAILED — 8247282471: None of expected screens appeared: ['license_screen', 'select_profile_screen', 'begin_scene', 'home_screen']
2026-05-24 05:45:23,857 [INFO] Screenshot: screenshots/FAILED_u1_8247282471_1779581721.png
2026-05-24 05:45:23,858 [INFO] FAIL | 8247282471 | None of expected screens appeared: ['license_screen', 'select_profile_screen', 'begin_scene', 'home_screen']
2026-05-24 05:45:23,859 [INFO] ALL USERS COMPLETED
2026-05-24 05:45:23,860 [INFO] PASS — tests/test_login_flow.py::TestLoginFlow::test_all_users
2026-05-24 05:45:24,217 [INFO] Session closed
