2026-05-24 04:09:18,774 [INFO] Connecting to Appium...
2026-05-24 04:09:32,263 [INFO] App launched — screen 2400x1080
2026-05-24 04:09:32,298 [INFO] Total users: 1
2026-05-24 04:09:32,298 [INFO] 
===== USER 1: 8247282471 =====
2026-05-24 04:09:32,317 [INFO] Screen size detected: 2400 x 1080
2026-05-24 04:09:32,318 [INFO] ===== HANDLING PERMISSIONS =====
2026-05-24 04:09:41,195 [INFO] STEP 1: LOGIN
2026-05-24 04:09:41,196 [INFO] VALIDATING SCREEN: login_screen
2026-05-24 04:09:41,196 [INFO] 🔍 Looking for screen: login_screen
2026-05-24 04:09:41,267 [INFO] Current screen detected: unknown
2026-05-24 04:09:42,381 [INFO] Current screen detected: unknown
2026-05-24 04:09:43,577 [INFO] Current screen detected: unknown
2026-05-24 04:09:44,693 [INFO] Current screen detected: unknown
2026-05-24 04:09:45,812 [INFO] Current screen detected: unknown
2026-05-24 04:09:46,929 [INFO] Current screen detected: unknown
2026-05-24 04:09:48,016 [INFO] Current screen detected: unknown
2026-05-24 04:09:49,116 [INFO] Current screen detected: unknown
2026-05-24 04:09:50,253 [INFO] Current screen detected: unknown
2026-05-24 04:09:51,380 [INFO] Current screen detected: unknown
2026-05-24 04:09:52,500 [INFO] Current screen detected: unknown
2026-05-24 04:09:53,631 [INFO] Current screen detected: unknown
2026-05-24 04:09:54,754 [INFO] Current screen detected: unknown
2026-05-24 04:09:55,881 [INFO] Current screen detected: unknown
2026-05-24 04:09:56,988 [INFO] Current screen detected: unknown
2026-05-24 04:09:58,105 [INFO] Current screen detected: unknown
2026-05-24 04:09:59,215 [INFO] Current screen detected: unknown
2026-05-24 04:10:00,341 [INFO] Current screen detected: unknown
2026-05-24 04:10:01,342 [ERROR] ❌ Screen NOT found: login_screen
2026-05-24 04:10:04,847 [INFO] Screenshot: screenshots/FAILED_login_screen_1779576001.png
2026-05-24 04:10:04,847 [ERROR] ❌ FAILED — 8247282471: ❌ Expected screen not found: login_screen
2026-05-24 04:10:06,970 [INFO] Screenshot: screenshots/FAILED_u1_8247282471_1779576004.png
2026-05-24 04:10:06,994 [INFO] FAIL | 8247282471 | ❌ Expected screen not found: login_screen
2026-05-24 04:10:06,994 [INFO] ALL USERS COMPLETED
2026-05-24 04:10:06,995 [INFO] PASS — tests/test_login_flow.py::TestLoginFlow::test_all_users
2026-05-24 04:10:07,336 [INFO] Session closed
