2026-05-24 21:00:48,032 [INFO] Connecting to Appium...
2026-05-24 21:01:03,984 [INFO] App launched — screen 2400x1080
2026-05-24 21:01:03,993 [INFO] Total users: 1
2026-05-24 21:01:03,993 [INFO] 
===== USER 1: 8247282471 =====
2026-05-24 21:01:04,014 [INFO] Screen size detected: 2400 x 1080
2026-05-24 21:01:13,386 [INFO] STEP 1: LOGIN
2026-05-24 21:01:13,386 [INFO] Assuming login screen is visible
2026-05-24 21:01:13,386 [INFO] Tap [mobile] at (1142,465)
2026-05-24 21:01:20,750 [INFO] Typed [8247282471] into [mobile]
2026-05-24 21:01:21,755 [INFO] Tap [OK] at (2166,442)
2026-05-24 21:01:22,971 [INFO] CLICK CONFIRM
2026-05-24 21:01:22,971 [INFO] Tap [CONFIRM] at (1203,694)
2026-05-24 21:01:24,172 [INFO] Waiting for Unity transition...
2026-05-24 21:01:32,246 [INFO] AFTER CONFIRM SCREEN: unknown
2026-05-24 21:01:32,246 [INFO] Proceeding to next step after login delay
2026-05-24 21:01:37,248 [INFO] Assuming next screen: Select_Profile_screen
2026-05-24 21:01:37,248 [INFO] SELECT PROFILE
2026-05-24 21:01:37,248 [INFO] Tap [profile] at (802,581)
2026-05-24 21:01:38,470 [INFO] Tap [NEXT] at (1120,891)
2026-05-24 21:01:39,676 [INFO] AVATAR
2026-05-24 21:01:39,676 [INFO] Tap [SAVE] at (1158,670)
2026-05-24 21:01:44,870 [INFO] LANGUAGE
2026-05-24 21:01:44,870 [INFO] Tap [dropdown] at (1692,323)
2026-05-24 21:01:46,230 [INFO] Tap [language] at (1186,441)
2026-05-24 21:01:47,610 [INFO] Tap [SAVE] at (1177,905)
2026-05-24 21:01:51,996 [INFO] HANDLING POPUPS
2026-05-24 21:01:51,996 [INFO] Clicking SKIP
2026-05-24 21:01:51,996 [INFO] Tap [SKIP] at (1992,938)
2026-05-24 21:01:58,376 [INFO] Closing STREAK popup
2026-05-24 21:01:58,376 [INFO] Tap [CLOSE STREAK] at (2273,117)
2026-05-24 21:02:03,815 [INFO] Clicking CONTINUE
2026-05-24 21:02:03,815 [INFO] Tap [CONTINUE] at (1191,877)
2026-05-24 21:02:09,090 [INFO] Clicking LATER
2026-05-24 21:02:09,090 [INFO] Tap [LATER] at (1425,717)
2026-05-24 21:02:14,317 [INFO] POPUP FLOW COMPLETE
2026-05-24 21:02:19,319 [INFO] LOGOUT
2026-05-24 21:02:19,320 [INFO] Tap [parents] at (323,108)
2026-05-24 21:02:23,715 [INFO] Tap [logout] at (2236,103)
2026-05-24 21:02:29,971 [INFO] OK | 8247282471 | Logout done
2026-05-24 21:02:29,975 [INFO] LOGOUT SUCCESS
2026-05-24 21:02:29,975 [INFO] OK | 8247282471 | PASS
2026-05-24 21:02:29,975 [INFO] PASS — 8247282471
2026-05-24 21:02:29,975 [INFO] ALL USERS COMPLETED
2026-05-24 21:02:29,983 [INFO] PASS — tests/test_login_flow.py::TestLoginFlow::test_all_users
2026-05-24 21:02:30,585 [INFO] Session closed
