2026-05-24 05:54:54,251 [INFO] Connecting to Appium...
2026-05-24 05:55:05,721 [INFO] App launched — screen 2400x1080
2026-05-24 05:55:05,723 [INFO] Total users: 1
2026-05-24 05:55:05,723 [INFO] 
===== USER 1: 8247282471 =====
2026-05-24 05:55:05,749 [INFO] Screen size detected: 2400 x 1080
2026-05-24 05:55:05,750 [INFO] ===== HANDLING PERMISSIONS =====
2026-05-24 05:55:21,619 [INFO] STEP 1: LOGIN
2026-05-24 05:55:21,619 [INFO] VALIDATING SCREEN: login_screen
2026-05-24 05:55:21,620 [INFO] 🔍 Looking for screen: login_screen
2026-05-24 05:55:23,993 [INFO] Current screen detected: login_screen
2026-05-24 05:55:23,996 [INFO] ✅ Screen detected: login_screen
2026-05-24 05:55:25,985 [INFO] Screenshot: screenshots/u1_login_1779582323.png
2026-05-24 05:55:25,985 [INFO] Tap [mobile] at (1142,465)
2026-05-24 05:55:32,033 [INFO] Typed [8247282471] into [mobile]
2026-05-24 05:55:33,034 [INFO] Tap [OK] at (2166,442)
2026-05-24 05:55:34,015 [INFO] Tap [CONFIRM] at (1203,694)
2026-05-24 05:55:34,980 [INFO] Waiting 1s — allow UI to process
2026-05-24 05:55:35,980 [INFO] WAITING FOR NEXT SCREEN...
2026-05-24 05:55:38,629 [INFO] Current screen: login_screen
2026-05-24 05:55:42,332 [INFO] Current screen: login_screen
2026-05-24 05:55:45,894 [INFO] Current screen: login_screen
2026-05-24 05:55:49,423 [INFO] Current screen: login_screen
2026-05-24 05:55:52,890 [INFO] Current screen: login_screen
2026-05-24 05:55:56,473 [INFO] Current screen: login_screen
2026-05-24 05:55:59,953 [INFO] Current screen: login_screen
2026-05-24 05:56:03,277 [INFO] Current screen: login_screen
2026-05-24 05:56:06,662 [INFO] Current screen: login_screen
2026-05-24 05:56:09,984 [INFO] Current screen: login_screen
2026-05-24 05:56:13,501 [INFO] Current screen: login_screen
2026-05-24 05:56:17,034 [INFO] Current screen: login_screen
2026-05-24 05:56:18,036 [ERROR] ❌ FAILED — 8247282471: None of expected screens appeared: ['license_screen', 'Select_Profile_screen', 'begin_scene', 'home_screen']
2026-05-24 05:56:20,436 [INFO] Screenshot: screenshots/FAILED_u1_8247282471_1779582378.png
2026-05-24 05:56:20,436 [INFO] FAIL | 8247282471 | None of expected screens appeared: ['license_screen', 'Select_Profile_screen', 'begin_scene', 'home_screen']
2026-05-24 05:56:20,436 [INFO] ALL USERS COMPLETED
2026-05-24 05:56:20,436 [INFO] PASS — tests/test_login_flow.py::TestLoginFlow::test_all_users
2026-05-24 05:56:20,783 [INFO] Session closed
