2026-05-24 09:59:26,591 [INFO] Connecting to Appium...
2026-05-24 09:59:41,026 [INFO] App launched — screen 2400x1080
2026-05-24 09:59:41,028 [INFO] Total users: 1
2026-05-24 09:59:41,030 [INFO] 
===== USER 1: 8247282471 =====
2026-05-24 09:59:41,050 [INFO] Screen size detected: 2400 x 1080
2026-05-24 09:59:50,120 [INFO] STEP 1: LOGIN
2026-05-24 09:59:50,121 [INFO] VALIDATING SCREEN: login_screen
2026-05-24 09:59:57,817 [INFO] [PIXEL SCREEN DETECTION] login_screen
2026-05-24 09:59:57,817 [INFO] [SCREEN] login_screen
2026-05-24 10:00:00,042 [INFO] Screenshot: screenshots/u1_login_1779596997.png
2026-05-24 10:00:00,047 [INFO] Tap [mobile] at (1142,465)
2026-05-24 10:00:06,588 [INFO] Typed [8247282471] into [mobile]
2026-05-24 10:00:07,590 [INFO] Tap [OK] at (2166,442)
2026-05-24 10:00:08,762 [INFO] CLICK CONFIRM
2026-05-24 10:00:08,763 [INFO] Tap [CONFIRM] at (1203,694)
2026-05-24 10:00:24,447 [INFO] [PIXEL SCREEN DETECTION] login_screen
2026-05-24 10:00:24,448 [INFO] AFTER CONFIRM SCREEN: login_screen
2026-05-24 10:00:31,841 [INFO] [PIXEL SCREEN DETECTION] login_screen
2026-05-24 10:00:31,841 [INFO] [SCREEN] login_screen
2026-05-24 10:00:36,266 [INFO] Session closed
