2026-05-25 10:45:55,091 [INFO] Connecting to Appium...
2026-05-25 10:46:07,929 [INFO] App launched — screen 2400x1080
2026-05-25 10:46:07,930 [INFO] Total users: 1
2026-05-25 10:46:07,931 [INFO] 
===== USER 1: 8247282471 =====
2026-05-25 10:46:07,946 [INFO] Screen size detected: 2400 x 1080
2026-05-25 10:46:16,600 [INFO] STEP 1: LOGIN
2026-05-25 10:46:16,600 [INFO] Tap [mobile] at (1142,465)
2026-05-25 10:46:23,278 [INFO] Typed [8247282471] into [mobile]
2026-05-25 10:46:24,279 [INFO] Tap [OK] at (2166,442)
2026-05-25 10:46:25,468 [INFO] CLICK CONFIRM
2026-05-25 10:46:25,470 [INFO] Tap [CONFIRM] at (1203,694)
2026-05-25 10:46:26,649 [INFO] Waiting for Unity transition...
2026-05-25 10:46:36,651 [INFO] Detecting next screen...
2026-05-25 10:46:40,342 [INFO] Detected next screen: license_screen
2026-05-25 10:46:40,342 [INFO] LICENSE SCREEN
2026-05-25 10:46:40,342 [INFO] Tap [license] at (1142,465)
2026-05-25 10:46:46,688 [INFO] Typed [HGSM76] into [license]
2026-05-25 10:46:47,689 [INFO] Tap [CONFIRM] at (1203,694)
2026-05-25 10:46:53,849 [INFO] REGISTRATION
2026-05-25 10:46:53,849 [INFO] Tap [name] at (1200,410)
2026-05-25 10:47:00,202 [INFO] Typed [] into [name]
2026-05-25 10:47:01,203 [INFO] Tap [Male] at (840,518)
2026-05-25 10:47:02,385 [INFO] Tap [parent] at (1200,734)
2026-05-25 10:47:08,676 [INFO] Typed [] into [parent]
2026-05-25 10:47:09,676 [INFO] Tap [alt mobile] at (1200,820)
2026-05-25 10:47:16,094 [INFO] Typed [] into [alt mobile]
2026-05-25 10:47:17,095 [INFO] Tap [submit] at (1200,982)
2026-05-25 10:47:28,258 [INFO] SELECT PROFILE
2026-05-25 10:47:28,258 [INFO] Tap [profile] at (802,581)
2026-05-25 10:47:29,411 [INFO] Tap [NEXT] at (1120,891)
2026-05-25 10:47:35,577 [INFO] AVATAR
2026-05-25 10:47:35,577 [INFO] Tap [SAVE] at (1158,670)
2026-05-25 10:47:41,739 [INFO] LANGUAGE
2026-05-25 10:47:41,739 [INFO] Tap [dropdown] at (1692,323)
2026-05-25 10:47:42,911 [INFO] Tap [language] at (1186,441)
2026-05-25 10:47:44,078 [INFO] Tap [SAVE] at (1177,905)
2026-05-25 10:47:50,245 [INFO] HANDLING POPUPS
2026-05-25 10:47:50,247 [INFO] Clicking SKIP
2026-05-25 10:47:50,248 [INFO] Tap [SKIP] at (1992,938)
2026-05-25 10:47:56,420 [INFO] Closing STREAK popup
2026-05-25 10:47:56,421 [INFO] Tap [CLOSE STREAK] at (2273,117)
2026-05-25 10:48:01,670 [INFO] Clicking CONTINUE
2026-05-25 10:48:01,670 [INFO] Tap [CONTINUE] at (1191,877)
2026-05-25 10:48:06,850 [INFO] Clicking LATER
2026-05-25 10:48:06,850 [INFO] Tap [LATER] at (1425,717)
2026-05-25 10:48:12,041 [INFO] POPUP FLOW COMPLETE
2026-05-25 10:48:17,043 [INFO] LOGOUT
2026-05-25 10:48:17,043 [INFO] Tap [parents] at (323,108)
2026-05-25 10:48:21,214 [INFO] Tap [logout] at (2236,103)
2026-05-25 10:48:27,404 [INFO] OK | 8247282471 | Logout done
2026-05-25 10:48:27,404 [INFO] LOGOUT SUCCESS
2026-05-25 10:48:27,405 [INFO] OK | 8247282471 | PASS
2026-05-25 10:48:27,405 [INFO] PASS — 8247282471
2026-05-25 10:48:27,405 [INFO] ALL USERS COMPLETED
2026-05-25 10:48:27,406 [INFO] PASS — tests/test_login_flow.py::TestLoginFlow::test_all_users
2026-05-25 10:48:27,862 [INFO] Session closed
