2026-05-24 08:26:32,912 [INFO] Connecting to Appium...
2026-05-24 08:26:43,286 [INFO] App launched — screen 2400x1080
2026-05-24 08:26:43,290 [INFO] Total users: 1
2026-05-24 08:26:43,292 [INFO] 
===== USER 1: 8247282471 =====
2026-05-24 08:27:01,807 [INFO] STEP 1: LOGIN
2026-05-24 08:27:01,808 [INFO] Assuming login screen is visible
2026-05-24 08:27:01,808 [INFO] Tap [mobile] at (1142,465)
2026-05-24 08:27:04,011 [INFO] Typing [8247282471] into [mobile]
2026-05-24 08:27:06,716 [INFO] Tap [OK] at (2166,442)
2026-05-24 08:27:07,887 [INFO] CLICK CONFIRM
2026-05-24 08:27:07,887 [INFO] Tap [CONFIRM] at (1203,694)
2026-05-24 08:27:08,976 [INFO] Waiting for Unity transition...
2026-05-24 08:27:17,155 [INFO] AFTER CONFIRM SCREEN: unknown
2026-05-24 08:27:17,157 [INFO] Proceeding to next step after login delay
2026-05-24 08:27:22,158 [INFO] Assuming next screen: Select_Profile_screen
2026-05-24 08:27:22,158 [INFO] SELECT PROFILE
2026-05-24 08:27:22,159 [INFO] Tap [profile] at (802,581)
2026-05-24 08:27:23,244 [INFO] Tap [NEXT] at (1120,891)
2026-05-24 08:27:24,352 [INFO] AVATAR
2026-05-24 08:27:24,353 [INFO] Tap [SAVE] at (1158,670)
2026-05-24 08:27:25,452 [INFO] LANGUAGE
2026-05-24 08:27:25,453 [INFO] Tap [dropdown] at (1692,323)
2026-05-24 08:27:26,553 [INFO] Tap [language] at (1186,441)
2026-05-24 08:27:27,659 [INFO] Tap [SAVE] at (1177,905)
2026-05-24 08:27:28,761 [INFO] POPUPS
2026-05-24 08:27:28,888 [INFO] Tap [skip] at (1992,938)
2026-05-24 08:27:31,114 [INFO] Tap [skip] at (1992,938)
2026-05-24 08:27:33,337 [INFO] Tap [skip] at (1992,938)
2026-05-24 08:27:35,546 [INFO] Tap [skip] at (1992,938)
2026-05-24 08:27:37,805 [INFO] Tap [skip] at (1992,938)
2026-05-24 08:27:40,008 [INFO] Tap [skip] at (1992,938)
2026-05-24 08:27:42,215 [INFO] Tap [skip] at (1992,938)
2026-05-24 08:27:44,479 [INFO] Tap [skip] at (1992,938)
2026-05-24 08:27:46,713 [INFO] Tap [skip] at (1992,938)
2026-05-24 08:27:48,944 [INFO] Tap [skip] at (1992,938)
2026-05-24 08:27:51,037 [INFO] VALIDATING SCREEN: home_screen
2026-05-24 08:27:51,170 [INFO] [SCREEN] unknown
2026-05-24 08:27:52,295 [INFO] [SCREEN] unknown
2026-05-24 08:27:53,683 [INFO] [SCREEN] unknown
2026-05-24 08:27:54,830 [INFO] [SCREEN] unknown
2026-05-24 08:27:55,957 [INFO] [SCREEN] unknown
2026-05-24 08:27:57,079 [INFO] [SCREEN] unknown
2026-05-24 08:27:58,200 [INFO] [SCREEN] unknown
2026-05-24 08:27:59,318 [INFO] [SCREEN] unknown
2026-05-24 08:28:01,348 [INFO] Session closed
