2026-05-24 21:26:21,871 [INFO] Connecting to Appium...
2026-05-24 21:26:36,604 [INFO] App launched — screen 2400x1080
2026-05-24 21:26:36,617 [INFO] Total users: 1
2026-05-24 21:26:36,634 [INFO] Screen size detected: 2400 x 1080
2026-05-24 21:26:36,634 [INFO] USER 1: 8247282471
2026-05-24 21:26:45,658 [INFO] LOGIN STEP
2026-05-24 21:26:45,658 [INFO] Tap [mobile] at (1142,465)
2026-05-24 21:26:52,398 [INFO] Typed [8247282471] into [mobile]
2026-05-24 21:26:53,401 [INFO] Tap [OK] at (2166,442)
2026-05-24 21:26:54,571 [INFO] Tap [CONFIRM] at (1203,694)
2026-05-24 21:26:55,887 [INFO] [SCREEN] unknown
2026-05-24 21:26:57,028 [INFO] [SCREEN] unknown
2026-05-24 21:26:58,164 [INFO] [SCREEN] unknown
2026-05-24 21:26:59,295 [INFO] [SCREEN] unknown
2026-05-24 21:27:00,953 [INFO] [SCREEN] unknown
2026-05-24 21:27:02,082 [INFO] [SCREEN] unknown
2026-05-24 21:27:03,228 [INFO] [SCREEN] unknown
2026-05-24 21:27:04,348 [INFO] [SCREEN] unknown
2026-05-24 21:27:05,495 [INFO] [SCREEN] unknown
2026-05-24 21:27:06,934 [INFO] [SCREEN] unknown
2026-05-24 21:27:08,061 [INFO] [SCREEN] unknown
2026-05-24 21:27:09,216 [INFO] [SCREEN] unknown
2026-05-24 21:27:10,332 [INFO] [SCREEN] unknown
2026-05-24 21:27:11,453 [INFO] [SCREEN] unknown
2026-05-24 21:27:12,592 [INFO] [SCREEN] unknown
2026-05-24 21:27:13,707 [INFO] [SCREEN] unknown
2026-05-24 21:27:14,823 [INFO] [SCREEN] unknown
2026-05-24 21:27:15,999 [INFO] [SCREEN] unknown
2026-05-24 21:27:17,104 [INFO] [SCREEN] unknown
2026-05-24 21:27:18,225 [INFO] [SCREEN] unknown
2026-05-24 21:27:19,340 [INFO] [SCREEN] unknown
2026-05-24 21:27:20,448 [INFO] [SCREEN] unknown
2026-05-24 21:27:21,555 [INFO] [SCREEN] unknown
2026-05-24 21:27:22,668 [INFO] [SCREEN] unknown
2026-05-24 21:27:23,772 [INFO] [SCREEN] unknown
2026-05-24 21:27:25,080 [INFO] [SCREEN] unknown
2026-05-24 21:27:26,182 [INFO] [SCREEN] unknown
2026-05-24 21:27:27,304 [INFO] [SCREEN] unknown
2026-05-24 21:27:28,431 [INFO] [SCREEN] unknown
2026-05-24 21:27:29,543 [INFO] [SCREEN] unknown
2026-05-24 21:27:30,657 [INFO] [SCREEN] unknown
2026-05-24 21:27:31,732 [INFO] [SCREEN] unknown
2026-05-24 21:27:32,831 [INFO] [SCREEN] unknown
2026-05-24 21:27:34,176 [INFO] [SCREEN] unknown
2026-05-24 21:27:35,301 [INFO] [SCREEN] unknown
2026-05-24 21:27:36,409 [INFO] [SCREEN] unknown
2026-05-24 21:27:37,511 [INFO] [SCREEN] unknown
2026-05-24 21:27:38,611 [INFO] [SCREEN] unknown
2026-05-24 21:27:40,997 [INFO] Session closed
