2026-05-24 09:47:57,028 [INFO] Connecting to Appium...
2026-05-24 09:48:09,757 [INFO] App launched — screen 2400x1080
2026-05-24 09:48:09,759 [INFO] Total users: 1
2026-05-24 09:48:09,760 [INFO] 
===== USER 1: 8247282471 =====
2026-05-24 09:48:09,792 [INFO] Screen size detected: 2400 x 1080
2026-05-24 09:48:28,846 [INFO] STEP 1: LOGIN
2026-05-24 09:48:28,846 [INFO] VALIDATING SCREEN: login_screen
2026-05-24 09:48:29,283 [INFO] [SCREEN] unknown
2026-05-24 09:48:30,718 [INFO] [SCREEN] unknown
2026-05-24 09:48:31,834 [INFO] [SCREEN] unknown
2026-05-24 09:48:32,946 [INFO] [SCREEN] unknown
2026-05-24 09:48:34,057 [INFO] [SCREEN] unknown
2026-05-24 09:48:35,163 [INFO] [SCREEN] unknown
2026-05-24 09:48:36,755 [INFO] [SCREEN] unknown
2026-05-24 09:48:37,866 [INFO] [SCREEN] unknown
2026-05-24 09:48:38,977 [INFO] [SCREEN] unknown
2026-05-24 09:48:40,111 [INFO] [SCREEN] unknown
2026-05-24 09:48:41,224 [INFO] [SCREEN] unknown
2026-05-24 09:48:42,898 [INFO] [SCREEN] unknown
2026-05-24 09:48:44,013 [INFO] [SCREEN] unknown
2026-05-24 09:48:45,143 [INFO] [SCREEN] unknown
2026-05-24 09:48:46,274 [INFO] [SCREEN] unknown
2026-05-24 09:48:47,403 [INFO] [SCREEN] unknown
2026-05-24 09:48:48,516 [INFO] [SCREEN] unknown
2026-05-24 09:48:49,518 [ERROR] FAILED — 8247282471: Expected screens not found: ['login_screen']
2026-05-24 09:48:52,072 [INFO] Screenshot: screenshots/FAILED_u1_8247282471_1779596329.png
2026-05-24 09:48:52,073 [INFO] FAIL | 8247282471 | Expected screens not found: ['login_screen']
2026-05-24 09:48:52,073 [INFO] ALL USERS COMPLETED
2026-05-24 09:48:52,074 [INFO] PASS — tests/test_login_flow.py::TestLoginFlow::test_all_users
2026-05-24 09:48:52,386 [INFO] Session closed
