2026-05-24 10:48:54,210 [INFO] Connecting to Appium...
2026-05-24 10:49:08,032 [INFO] App launched — screen 2400x1080
2026-05-24 10:49:08,034 [INFO] Total users: 1
2026-05-24 10:49:08,034 [INFO] 
===== USER 1: 8247282471 =====
2026-05-24 10:49:08,072 [INFO] Screen size detected: 2400 x 1080
2026-05-24 10:49:20,942 [INFO] STEP 1: LOGIN
2026-05-24 10:49:20,943 [INFO] Assuming login screen is visible
2026-05-24 10:49:20,943 [INFO] Tap [mobile] at (1142,465)
2026-05-24 10:49:27,194 [INFO] Typed [8247282471] into [mobile]
2026-05-24 10:49:28,200 [INFO] Tap [OK] at (2166,442)
2026-05-24 10:49:29,504 [INFO] CLICK CONFIRM
2026-05-24 10:49:29,505 [INFO] Tap [CONFIRM] at (1203,694)
2026-05-24 10:49:30,881 [INFO] Waiting for Unity transition...
2026-05-24 10:49:39,052 [INFO] AFTER CONFIRM SCREEN: unknown
2026-05-24 10:49:39,054 [INFO] Proceeding to next step after login delay
2026-05-24 10:49:44,056 [INFO] Assuming next screen: Select_Profile_screen
2026-05-24 10:49:44,057 [INFO] SELECT PROFILE
2026-05-24 10:49:44,058 [INFO] Tap [profile] at (802,581)
2026-05-24 10:49:45,488 [INFO] Tap [NEXT] at (1120,891)
2026-05-24 10:49:46,802 [INFO] AVATAR
2026-05-24 10:49:46,803 [INFO] Tap [SAVE] at (1158,670)
2026-05-24 10:49:50,149 [INFO] LANGUAGE
2026-05-24 10:49:50,150 [INFO] Tap [dropdown] at (1692,323)
2026-05-24 10:49:51,516 [INFO] Tap [language] at (1186,441)
2026-05-24 10:49:52,898 [INFO] Tap [SAVE] at (1177,905)
2026-05-24 10:49:54,098 [INFO] HANDLING POPUPS
2026-05-24 10:49:54,098 [INFO] Clicking SKIP
2026-05-24 10:49:54,100 [INFO] Tap [SKIP] at (1992,938)
2026-05-24 10:50:00,489 [INFO] Closing STREAK popup
2026-05-24 10:50:00,489 [INFO] Tap [CLOSE STREAK] at (2273,117)
2026-05-24 10:50:05,730 [INFO] Clicking CONTINUE
2026-05-24 10:50:05,731 [INFO] Tap [CONTINUE] at (1191,877)
2026-05-24 10:50:11,073 [INFO] Clicking LATER
2026-05-24 10:50:11,073 [INFO] Tap [LATER] at (1425,717)
2026-05-24 10:50:16,507 [INFO] POPUP FLOW COMPLETE
2026-05-24 10:50:21,509 [INFO] LOGOUT
2026-05-24 10:50:21,509 [INFO] Tap [parents] at (323,108)
2026-05-24 10:50:25,764 [INFO] Tap [logout] at (2236,103)
2026-05-24 10:50:32,194 [INFO] OK | 8247282471 | Logout done
2026-05-24 10:50:32,195 [INFO] LOGOUT SUCCESS
2026-05-24 10:50:32,198 [INFO] OK | 8247282471 | PASS
2026-05-24 10:50:32,198 [INFO] PASS — 8247282471
2026-05-24 10:50:32,199 [INFO] ALL USERS COMPLETED
2026-05-24 10:50:32,201 [INFO] PASS — tests/test_login_flow.py::TestLoginFlow::test_all_users
2026-05-24 10:50:32,691 [INFO] Session closed
