2026-05-24 05:35:42,393 [INFO] Connecting to Appium...
2026-05-24 05:35:54,140 [INFO] App launched — screen 2400x1080
2026-05-24 05:35:54,142 [INFO] Total users: 1
2026-05-24 05:35:54,142 [INFO] 
===== USER 1: 8247282471 =====
2026-05-24 05:35:54,186 [INFO] Screen size detected: 2400 x 1080
2026-05-24 05:35:54,191 [INFO] ===== HANDLING PERMISSIONS =====
2026-05-24 05:36:13,070 [INFO] STEP 1: LOGIN
2026-05-24 05:36:13,071 [INFO] VALIDATING SCREEN: login_screen
2026-05-24 05:36:13,071 [INFO] 🔍 Looking for screen: login_screen
2026-05-24 05:36:16,210 [INFO] Current screen detected: login_screen
2026-05-24 05:36:16,213 [INFO] ✅ Screen detected: login_screen
2026-05-24 05:36:18,602 [INFO] Screenshot: screenshots/u1_login_1779581176.png
2026-05-24 05:36:18,602 [INFO] Tap [mobile] at (1142,465)
2026-05-24 05:36:25,586 [INFO] Typed [8247282471] into [mobile]
2026-05-24 05:36:26,587 [INFO] Tap [OK] at (2166,442)
2026-05-24 05:36:27,543 [INFO] Tap [CONFIRM] at (1203,694)
2026-05-24 05:36:28,510 [INFO] WAITING FOR NEXT SCREEN...
2026-05-24 05:36:31,051 [INFO] Current screen: login_screen
2026-05-24 05:36:35,205 [INFO] Current screen: login_screen
2026-05-24 05:36:38,819 [INFO] Current screen: login_screen
2026-05-24 05:36:42,521 [INFO] Current screen: login_screen
2026-05-24 05:36:45,948 [INFO] Current screen: login_screen
2026-05-24 05:36:49,421 [INFO] Current screen: login_screen
2026-05-24 05:36:52,909 [INFO] Current screen: login_screen
2026-05-24 05:36:56,536 [INFO] Current screen: login_screen
2026-05-24 05:37:00,402 [INFO] Current screen: login_screen
2026-05-24 05:37:01,407 [ERROR] ❌ FAILED — 8247282471: None of expected screens appeared: ['license_screen', 'select_profile_screen', 'begin_scene', 'home_screen']
2026-05-24 05:37:03,806 [INFO] Screenshot: screenshots/FAILED_u1_8247282471_1779581221.png
2026-05-24 05:37:03,806 [INFO] FAIL | 8247282471 | None of expected screens appeared: ['license_screen', 'select_profile_screen', 'begin_scene', 'home_screen']
2026-05-24 05:37:03,806 [INFO] ALL USERS COMPLETED
2026-05-24 05:37:03,811 [INFO] PASS — tests/test_login_flow.py::TestLoginFlow::test_all_users
2026-05-24 05:37:04,118 [INFO] Session closed
