2026-05-24 10:47:07,073 [INFO] Connecting to Appium...
2026-05-24 10:47:19,517 [INFO] App launched — screen 2400x1080
2026-05-24 10:47:19,519 [INFO] Total users: 1
2026-05-24 10:47:19,519 [INFO] 
===== USER 1: 8247282471 =====
2026-05-24 10:47:19,535 [INFO] Screen size detected: 2400 x 1080
2026-05-24 10:47:27,809 [INFO] STEP 1: LOGIN
2026-05-24 10:47:27,809 [INFO] Assuming login screen is visible
2026-05-24 10:47:27,809 [INFO] Tap [mobile] at (1142,465)
2026-05-24 10:47:34,139 [INFO] Typed [8247282471] into [mobile]
2026-05-24 10:47:35,140 [INFO] Tap [OK] at (2166,442)
2026-05-24 10:47:36,314 [INFO] CLICK CONFIRM
2026-05-24 10:47:36,315 [INFO] Tap [CONFIRM] at (1203,694)
2026-05-24 10:47:37,462 [INFO] Waiting for Unity transition...
2026-05-24 10:47:45,716 [INFO] AFTER CONFIRM SCREEN: unknown
2026-05-24 10:47:45,717 [INFO] Proceeding to next step after login delay
2026-05-24 10:47:50,719 [INFO] Assuming next screen: Select_Profile_screen
2026-05-24 10:47:50,719 [INFO] SELECT PROFILE
2026-05-24 10:47:50,719 [INFO] Tap [profile] at (802,581)
2026-05-24 10:47:51,885 [INFO] Tap [NEXT] at (1120,891)
2026-05-24 10:47:53,040 [INFO] AVATAR
2026-05-24 10:47:53,040 [INFO] Tap [SAVE] at (1158,670)
2026-05-24 10:47:54,193 [INFO] LANGUAGE
2026-05-24 10:47:54,193 [INFO] Tap [dropdown] at (1692,323)
2026-05-24 10:47:55,350 [INFO] Tap [language] at (1186,441)
2026-05-24 10:47:56,503 [INFO] Tap [SAVE] at (1177,905)
2026-05-24 10:47:57,665 [INFO] HANDLING POPUPS
2026-05-24 10:47:57,666 [INFO] Clicking SKIP
2026-05-24 10:47:57,666 [INFO] Tap [SKIP] at (1992,938)
2026-05-24 10:48:03,832 [INFO] Closing STREAK popup
2026-05-24 10:48:03,832 [INFO] Tap [CLOSE STREAK] at (2273,117)
2026-05-24 10:48:09,004 [INFO] Clicking CONTINUE
2026-05-24 10:48:09,004 [INFO] Tap [CONTINUE] at (1191,877)
2026-05-24 10:48:14,173 [INFO] Clicking LATER
2026-05-24 10:48:14,174 [INFO] Tap [LATER] at (1425,717)
2026-05-24 10:48:19,373 [INFO] POPUP FLOW COMPLETE
2026-05-24 10:48:24,375 [INFO] LOGOUT
2026-05-24 10:48:24,376 [INFO] Tap [parents] at (323,108)
2026-05-24 10:48:28,606 [INFO] Tap [logout] at (2236,103)
2026-05-24 10:48:34,789 [INFO] OK | 8247282471 | Logout done
2026-05-24 10:48:34,790 [INFO] LOGOUT SUCCESS
2026-05-24 10:48:34,792 [INFO] OK | 8247282471 | PASS
2026-05-24 10:48:34,793 [INFO] PASS — 8247282471
2026-05-24 10:48:34,793 [INFO] ALL USERS COMPLETED
2026-05-24 10:48:34,795 [INFO] PASS — tests/test_login_flow.py::TestLoginFlow::test_all_users
2026-05-24 10:48:35,244 [INFO] Session closed
