2026-05-25 10:54:57,815 [INFO] Connecting to Appium...
2026-05-25 10:55:11,405 [INFO] App launched — screen 2400x1080
2026-05-25 10:55:11,405 [INFO] Total users: 1
2026-05-25 10:55:11,405 [INFO] 
===== USER 1: 8247282471 =====
2026-05-25 10:55:11,421 [INFO] Screen size detected: 2400 x 1080
2026-05-25 10:55:20,463 [INFO] STEP 1: LOGIN
2026-05-25 10:55:20,463 [INFO] Tap [mobile] at (1142,465)
2026-05-25 10:55:27,272 [INFO] Typed [8247282471] into [mobile]
2026-05-25 10:55:28,287 [INFO] Tap [OK] at (2166,442)
2026-05-25 10:55:29,510 [INFO] CLICK CONFIRM
2026-05-25 10:55:29,510 [INFO] Tap [CONFIRM] at (1203,694)
2026-05-25 10:55:30,650 [INFO] Waiting for Unity transition...
2026-05-25 10:55:40,652 [INFO] Detecting next screen...
2026-05-25 10:55:40,652 [INFO] Detecting next screen...
2026-05-25 10:55:45,654 [INFO] Looking for screen: license_screen
2026-05-25 10:55:55,014 [INFO] Current screen detected: login_screen
2026-05-25 10:55:56,015 [ERROR] Screen NOT found: license_screen
2026-05-25 10:55:56,016 [INFO] Looking for screen: Select_Profile_screen
2026-05-25 10:56:03,402 [INFO] Current screen detected: login_screen
2026-05-25 10:56:04,403 [ERROR] Screen NOT found: Select_Profile_screen
2026-05-25 10:56:06,930 [INFO] Detected next screen: Select_Profile_screen
2026-05-25 10:56:06,930 [INFO] SELECT PROFILE
2026-05-25 10:56:06,931 [INFO] Tap [profile] at (802,581)
2026-05-25 10:56:08,092 [INFO] Tap [NEXT] at (1120,891)
2026-05-25 10:56:14,242 [INFO] AVATAR
2026-05-25 10:56:14,242 [INFO] Tap [SAVE] at (1158,670)
2026-05-25 10:56:20,474 [INFO] LANGUAGE
2026-05-25 10:56:20,474 [INFO] Tap [dropdown] at (1692,323)
2026-05-25 10:56:21,678 [INFO] Tap [language] at (1186,441)
2026-05-25 10:56:22,851 [INFO] Tap [SAVE] at (1177,905)
2026-05-25 10:56:29,011 [INFO] HANDLING POPUPS
2026-05-25 10:56:29,011 [INFO] Clicking SKIP
2026-05-25 10:56:29,011 [INFO] Tap [SKIP] at (1992,938)
2026-05-25 10:56:35,187 [INFO] Closing STREAK popup
2026-05-25 10:56:35,187 [INFO] Tap [CLOSE STREAK] at (2273,117)
2026-05-25 10:56:40,410 [INFO] Clicking CONTINUE
2026-05-25 10:56:40,410 [INFO] Tap [CONTINUE] at (1191,877)
2026-05-25 10:56:45,574 [INFO] Clicking LATER
2026-05-25 10:56:45,574 [INFO] Tap [LATER] at (1425,717)
2026-05-25 10:56:50,735 [INFO] POPUP FLOW COMPLETE
2026-05-25 10:56:55,736 [INFO] LOGOUT
2026-05-25 10:56:55,737 [INFO] Tap [parents] at (323,108)
2026-05-25 10:56:59,912 [INFO] Tap [logout] at (2236,103)
2026-05-25 10:57:06,085 [INFO] OK | 8247282471 | Logout done
2026-05-25 10:57:06,085 [INFO] LOGOUT SUCCESS
2026-05-25 10:57:06,089 [INFO] OK | 8247282471 | PASS
2026-05-25 10:57:06,089 [INFO] PASS — 8247282471
2026-05-25 10:57:06,089 [INFO] ALL USERS COMPLETED
2026-05-25 10:57:06,096 [INFO] PASS — tests/test_login_flow.py::TestLoginFlow::test_all_users
2026-05-25 10:57:06,502 [INFO] Session closed
