2026-05-24 22:37:56,092 [INFO] Connecting to Appium...
2026-05-24 22:38:07,231 [INFO] App launched — screen 2400x1080
2026-05-24 22:38:07,233 [INFO] Total users: 1
2026-05-24 22:38:07,233 [INFO] 
===== USER 1: 8247282471 =====
2026-05-24 22:38:07,261 [INFO] Screen size detected: 2400 x 1080
2026-05-24 22:38:24,070 [INFO] STEP 1: LOGIN
2026-05-24 22:38:24,070 [INFO] Assuming login screen is visible
2026-05-24 22:38:24,071 [INFO] Tap [mobile] at (1142,465)
2026-05-24 22:38:30,190 [INFO] Typed [8247282471] into [mobile]
2026-05-24 22:38:31,191 [INFO] Tap [OK] at (2166,442)
2026-05-24 22:38:32,390 [INFO] CLICK CONFIRM
2026-05-24 22:38:32,390 [INFO] Tap [CONFIRM] at (1203,694)
2026-05-24 22:38:33,545 [INFO] Waiting for Unity transition...
2026-05-24 22:38:41,665 [INFO] AFTER CONFIRM SCREEN: unknown
2026-05-24 22:38:41,666 [INFO] Proceeding to next step after login delay
2026-05-24 22:38:46,666 [INFO] Assuming next screen: License_screen
2026-05-24 22:38:46,666 [INFO] HANDLING POPUPS
2026-05-24 22:38:46,668 [INFO] Clicking SKIP
2026-05-24 22:38:46,668 [INFO] Tap [SKIP] at (1992,938)
2026-05-24 22:38:52,822 [INFO] Closing STREAK popup
2026-05-24 22:38:52,822 [INFO] Tap [CLOSE STREAK] at (2273,117)
2026-05-24 22:38:57,990 [INFO] Clicking CONTINUE
2026-05-24 22:38:58,003 [INFO] Tap [CONTINUE] at (1191,877)
2026-05-24 22:39:03,335 [INFO] Clicking LATER
2026-05-24 22:39:03,335 [INFO] Tap [LATER] at (1425,717)
2026-05-24 22:39:08,527 [INFO] POPUP FLOW COMPLETE
2026-05-24 22:39:13,527 [INFO] LOGOUT
2026-05-24 22:39:13,527 [INFO] Tap [parents] at (323,108)
2026-05-24 22:39:17,706 [INFO] Tap [logout] at (2236,103)
2026-05-24 22:39:23,908 [INFO] OK | 8247282471 | Logout done
2026-05-24 22:39:23,909 [INFO] LOGOUT SUCCESS
2026-05-24 22:39:23,912 [INFO] OK | 8247282471 | PASS
2026-05-24 22:39:23,913 [INFO] PASS — 8247282471
2026-05-24 22:39:23,913 [INFO] ALL USERS COMPLETED
2026-05-24 22:39:23,915 [INFO] PASS — tests/test_login_flow.py::TestLoginFlow::test_all_users
2026-05-24 22:39:24,257 [INFO] Session closed
