2026-05-25 10:57:27,247 [INFO] Connecting to Appium...
2026-05-25 10:57:38,336 [INFO] App launched — screen 2400x1080
2026-05-25 10:57:38,336 [INFO] Total users: 1
2026-05-25 10:57:38,352 [INFO] 
===== USER 1: 8247282471 =====
2026-05-25 10:57:38,378 [INFO] Screen size detected: 2400 x 1080
2026-05-25 10:57:57,008 [INFO] STEP 1: LOGIN
2026-05-25 10:57:57,008 [INFO] Tap [mobile] at (1142,465)
2026-05-25 10:58:03,087 [INFO] Typed [8247282471] into [mobile]
2026-05-25 10:58:04,088 [INFO] Tap [OK] at (2166,442)
2026-05-25 10:58:05,251 [INFO] CLICK CONFIRM
2026-05-25 10:58:05,251 [INFO] Tap [CONFIRM] at (1203,694)
2026-05-25 10:58:06,442 [INFO] Waiting for Unity transition...
2026-05-25 10:58:16,443 [INFO] Detecting next screen...
2026-05-25 10:58:21,444 [INFO] Looking for screen: license_screen
2026-05-25 10:58:29,646 [INFO] Current screen detected: login_screen
2026-05-25 10:58:30,647 [ERROR] Screen NOT found: license_screen
2026-05-25 10:58:30,647 [INFO] Looking for screen: Select_Profile_screen
2026-05-25 10:58:38,241 [INFO] Current screen detected: login_screen
2026-05-25 10:58:39,242 [ERROR] Screen NOT found: Select_Profile_screen
2026-05-25 10:58:41,883 [INFO] Detected next screen: Select_Profile_screen
2026-05-25 10:58:41,883 [INFO] SELECT PROFILE
2026-05-25 10:58:41,884 [INFO] Tap [profile] at (802,581)
2026-05-25 10:58:43,040 [INFO] Tap [NEXT] at (1120,891)
2026-05-25 10:58:49,186 [INFO] AVATAR
2026-05-25 10:58:49,186 [INFO] Tap [SAVE] at (1158,670)
2026-05-25 10:58:55,338 [INFO] LANGUAGE
2026-05-25 10:58:55,338 [INFO] Tap [dropdown] at (1692,323)
2026-05-25 10:58:56,535 [INFO] Tap [language] at (1186,441)
2026-05-25 10:58:57,712 [INFO] Tap [SAVE] at (1177,905)
2026-05-25 10:59:03,905 [INFO] HANDLING POPUPS
2026-05-25 10:59:03,905 [INFO] Clicking SKIP
2026-05-25 10:59:03,907 [INFO] Tap [SKIP] at (1992,938)
2026-05-25 10:59:10,107 [INFO] Closing STREAK popup
2026-05-25 10:59:10,107 [INFO] Tap [CLOSE STREAK] at (2273,117)
2026-05-25 10:59:15,259 [INFO] Clicking CONTINUE
2026-05-25 10:59:15,259 [INFO] Tap [CONTINUE] at (1191,877)
2026-05-25 10:59:20,437 [INFO] Clicking LATER
2026-05-25 10:59:20,437 [INFO] Tap [LATER] at (1425,717)
2026-05-25 10:59:25,606 [INFO] POPUP FLOW COMPLETE
2026-05-25 10:59:30,608 [INFO] LOGOUT
2026-05-25 10:59:30,608 [INFO] Tap [parents] at (323,108)
2026-05-25 10:59:34,753 [INFO] Tap [logout] at (2236,103)
2026-05-25 10:59:40,914 [INFO] OK | 8247282471 | Logout done
2026-05-25 10:59:40,916 [INFO] LOGOUT SUCCESS
2026-05-25 10:59:40,920 [INFO] OK | 8247282471 | PASS
2026-05-25 10:59:40,921 [INFO] PASS — 8247282471
2026-05-25 10:59:40,922 [INFO] ALL USERS COMPLETED
2026-05-25 10:59:40,925 [INFO] PASS — tests/test_login_flow.py::TestLoginFlow::test_all_users
2026-05-25 10:59:41,277 [INFO] Session closed
