2026-05-24 09:12:44,669 [INFO] Connecting to Appium...
2026-05-24 09:12:56,036 [INFO] App launched — screen 2400x1080
2026-05-24 09:12:56,037 [INFO] Total users: 1
2026-05-24 09:12:56,037 [INFO] 
===== USER 1: 8247282471 =====
2026-05-24 09:13:13,437 [INFO] STEP 1: LOGIN
2026-05-24 09:13:13,437 [INFO] VALIDATING SCREEN: login_screen
2026-05-24 09:13:13,543 [INFO] [SCREEN] unknown
2026-05-24 09:13:14,654 [INFO] [SCREEN] unknown
2026-05-24 09:13:15,764 [INFO] [SCREEN] unknown
2026-05-24 09:13:16,887 [INFO] [SCREEN] unknown
2026-05-24 09:13:17,991 [INFO] [SCREEN] unknown
2026-05-24 09:13:19,109 [INFO] [SCREEN] unknown
2026-05-24 09:13:20,223 [INFO] [SCREEN] unknown
2026-05-24 09:13:21,346 [INFO] [SCREEN] unknown
2026-05-24 09:13:22,443 [INFO] [SCREEN] unknown
2026-05-24 09:13:23,549 [INFO] [SCREEN] unknown
2026-05-24 09:13:24,657 [INFO] [SCREEN] unknown
2026-05-24 09:13:25,767 [INFO] [SCREEN] unknown
2026-05-24 09:13:27,412 [INFO] [SCREEN] unknown
2026-05-24 09:13:28,523 [INFO] [SCREEN] unknown
2026-05-24 09:13:29,632 [INFO] [SCREEN] unknown
2026-05-24 09:13:30,740 [INFO] [SCREEN] unknown
2026-05-24 09:13:31,844 [INFO] [SCREEN] unknown
2026-05-24 09:13:33,440 [INFO] [SCREEN] unknown
2026-05-24 09:13:34,441 [ERROR] FAILED — 8247282471: Expected screens not found: ['login_screen']
2026-05-24 09:13:36,929 [INFO] Screenshot: screenshots/FAILED_u1_8247282471_1779594214.png
2026-05-24 09:13:36,931 [INFO] FAIL | 8247282471 | Expected screens not found: ['login_screen']
2026-05-24 09:13:36,931 [INFO] ALL USERS COMPLETED
2026-05-24 09:13:36,932 [INFO] PASS — tests/test_login_flow.py::TestLoginFlow::test_all_users
2026-05-24 09:13:37,223 [INFO] Session closed
