2026-05-25 10:32:21,928 [INFO] Connecting to Appium...
2026-05-25 10:32:37,070 [INFO] App launched — screen 2400x1080
2026-05-25 10:32:37,070 [INFO] Total users: 1
2026-05-25 10:32:37,070 [INFO] 
===== USER 1: 8247282471 =====
2026-05-25 10:32:37,093 [INFO] Screen size detected: 2400 x 1080
2026-05-25 10:32:49,733 [INFO] STEP 1: LOGIN
2026-05-25 10:32:49,733 [INFO] Tap [mobile] at (1142,465)
2026-05-25 10:32:56,235 [INFO] Typed [8247282471] into [mobile]
2026-05-25 10:32:57,238 [INFO] Tap [OK] at (2166,442)
2026-05-25 10:32:58,419 [INFO] CLICK CONFIRM
2026-05-25 10:32:58,419 [INFO] Tap [CONFIRM] at (1203,694)
2026-05-25 10:32:59,616 [INFO] Waiting for Unity transition...
2026-05-25 10:33:09,617 [INFO] Detecting next screen...
2026-05-25 10:33:13,429 [INFO] Detected next screen: license_screen
2026-05-25 10:33:13,429 [INFO] LICENSE SCREEN
2026-05-25 10:33:13,429 [INFO] Tap [license] at (1142,465)
2026-05-25 10:33:19,738 [INFO] Typed [HGSM76] into [license]
2026-05-25 10:33:20,739 [INFO] Tap [CONFIRM] at (1203,694)
2026-05-25 10:33:26,914 [INFO] REGISTRATION
2026-05-25 10:33:26,914 [INFO] Tap [name] at (1200,410)
2026-05-25 10:33:33,342 [INFO] Typed [] into [name]
2026-05-25 10:33:34,351 [INFO] Tap [Male] at (840,518)
2026-05-25 10:33:35,530 [INFO] Tap [parent] at (1200,734)
2026-05-25 10:33:41,883 [INFO] Typed [] into [parent]
2026-05-25 10:33:42,884 [INFO] Tap [alt mobile] at (1200,820)
2026-05-25 10:33:49,559 [INFO] Typed [] into [alt mobile]
2026-05-25 10:33:50,560 [INFO] Tap [submit] at (1200,982)
2026-05-25 10:34:01,720 [INFO] SELECT PROFILE
2026-05-25 10:34:01,720 [INFO] Tap [profile] at (802,581)
2026-05-25 10:34:02,915 [INFO] Tap [NEXT] at (1120,891)
2026-05-25 10:34:09,079 [INFO] AVATAR
2026-05-25 10:34:09,080 [INFO] Tap [SAVE] at (1158,670)
2026-05-25 10:34:15,244 [INFO] LANGUAGE
2026-05-25 10:34:15,244 [INFO] Tap [dropdown] at (1692,323)
2026-05-25 10:34:16,454 [INFO] Tap [language] at (1186,441)
2026-05-25 10:34:17,642 [INFO] Tap [SAVE] at (1177,905)
2026-05-25 10:34:23,808 [INFO] HANDLING POPUPS
2026-05-25 10:34:23,808 [INFO] Clicking SKIP
2026-05-25 10:34:23,810 [INFO] Tap [SKIP] at (1992,938)
2026-05-25 10:34:29,974 [INFO] Closing STREAK popup
2026-05-25 10:34:29,974 [INFO] Tap [CLOSE STREAK] at (2273,117)
2026-05-25 10:34:35,221 [INFO] Clicking CONTINUE
2026-05-25 10:34:35,221 [INFO] Tap [CONTINUE] at (1191,877)
2026-05-25 10:34:40,387 [INFO] Clicking LATER
2026-05-25 10:34:40,387 [INFO] Tap [LATER] at (1425,717)
2026-05-25 10:34:45,546 [INFO] POPUP FLOW COMPLETE
2026-05-25 10:34:50,546 [INFO] LOGOUT
2026-05-25 10:34:50,546 [INFO] Tap [parents] at (323,108)
2026-05-25 10:34:54,702 [INFO] Tap [logout] at (2236,103)
2026-05-25 10:35:00,857 [INFO] OK | 8247282471 | Logout done
2026-05-25 10:35:00,858 [INFO] LOGOUT SUCCESS
2026-05-25 10:35:00,858 [INFO] OK | 8247282471 | PASS
2026-05-25 10:35:00,859 [INFO] PASS — 8247282471
2026-05-25 10:35:00,859 [INFO] ALL USERS COMPLETED
2026-05-25 10:35:00,861 [INFO] PASS — tests/test_login_flow.py::TestLoginFlow::test_all_users
2026-05-25 10:35:01,292 [INFO] Session closed
