2026-05-24 05:13:02,017 [INFO] Connecting to Appium...
2026-05-24 05:13:12,045 [INFO] App launched — screen 2400x1080
2026-05-24 05:13:12,045 [INFO] Total users: 1
2026-05-24 05:13:12,050 [INFO] 
===== USER 1: 8247282471 =====
2026-05-24 05:13:12,077 [INFO] Screen size detected: 2400 x 1080
2026-05-24 05:13:12,077 [INFO] ===== HANDLING PERMISSIONS =====
2026-05-24 05:13:30,380 [INFO] STEP 1: LOGIN
2026-05-24 05:13:30,381 [INFO] VALIDATING SCREEN: login_screen
2026-05-24 05:13:30,382 [INFO] 🔍 Looking for screen: login_screen
2026-05-24 05:13:30,382 [INFO] Current screen detected: None
2026-05-24 05:13:31,408 [INFO] Current screen detected: None
2026-05-24 05:13:32,409 [INFO] Current screen detected: None
2026-05-24 05:13:33,410 [INFO] Current screen detected: None
2026-05-24 05:13:34,411 [INFO] Current screen detected: None
2026-05-24 05:13:35,412 [INFO] Current screen detected: None
2026-05-24 05:13:36,412 [INFO] Current screen detected: None
2026-05-24 05:13:37,413 [INFO] Current screen detected: None
2026-05-24 05:13:38,414 [INFO] Current screen detected: None
2026-05-24 05:13:39,415 [INFO] Current screen detected: None
2026-05-24 05:13:40,417 [INFO] Current screen detected: None
2026-05-24 05:13:41,418 [INFO] Current screen detected: None
2026-05-24 05:13:42,419 [INFO] Current screen detected: None
2026-05-24 05:13:43,419 [INFO] Current screen detected: None
2026-05-24 05:13:44,420 [INFO] Current screen detected: None
2026-05-24 05:13:45,421 [INFO] Current screen detected: None
2026-05-24 05:13:46,422 [INFO] Current screen detected: None
2026-05-24 05:13:47,423 [INFO] Current screen detected: None
2026-05-24 05:13:48,425 [INFO] Current screen detected: None
2026-05-24 05:13:49,428 [INFO] Current screen detected: None
2026-05-24 05:13:50,429 [ERROR] ❌ Screen NOT found: login_screen
2026-05-24 05:13:50,432 [ERROR] ❌ FAILED — 8247282471: Message: An unknown server-side error occurred while processing the command. Original error: 'GET /screenshot' cannot be proxied to UiAutomator2 server because the instrumentation process is not running (probably crashed). Check the server log and/or the logcat output for more details
Stacktrace:
UnknownError: An unknown server-side error occurred while processing the command. Original error: 'GET /screenshot' cannot be proxied to UiAutomator2 server because the instrumentation process is not running (probably crashed). Check the server log and/or the logcat output for more details
    at UIA2Proxy.command (C:\Users\user\AppData\Roaming\npm\node_modules\appium\node_modules\@appium\base-driver\lib\jsonwp-proxy\proxy.js:359:13)
    at processTicksAndRejections (node:internal/process/task_queues:103:5)
    at AndroidUiautomator2Driver.getScreenshot (C:\Users\user\.appium\node_modules\appium-uiautomator2-driver\lib\commands\screenshot.js:42:5)
2026-05-24 05:13:50,711 [INFO] FAIL — tests/test_login_flow.py::TestLoginFlow::test_all_users
2026-05-24 05:13:50,961 [INFO] Session closed
