2026-05-24 03:50:49,188 [INFO] Connecting to Appium...
2026-05-24 03:51:06,726 [INFO] App launched — screen 2400x1080
2026-05-24 03:51:06,730 [INFO] Total users: 1
2026-05-24 03:51:06,732 [INFO] 
===== USER 1: 8247282471 =====
2026-05-24 03:51:06,764 [INFO] Screen size detected: 2400 x 1080
2026-05-24 03:51:06,766 [INFO] STEP 0: CHECKING PERMISSIONS
2026-05-24 03:51:15,333 [INFO] STEP 1: LOGIN
2026-05-24 03:51:15,334 [INFO] Waiting 3s — login screen
2026-05-24 03:51:22,039 [INFO] Screenshot: screenshots/u1_login_1779574878.png
2026-05-24 03:51:22,040 [INFO] Tap [mobile] at (1142,465)
2026-05-24 03:51:29,285 [INFO] Typed [8247282471] into [mobile]
2026-05-24 03:51:29,286 [INFO] Tap [OK] at (2166,442)
2026-05-24 03:51:30,180 [INFO] Tap [CONFIRM] at (1203,694)
2026-05-24 03:51:31,058 [INFO] VALIDATING SCREEN: post_login
2026-05-24 03:51:31,060 [INFO] 🔍 Looking for screen: post_login
2026-05-24 03:51:43,052 [ERROR] ❌ Screen NOT found: post_login (found 0/2)
2026-05-24 03:51:46,438 [INFO] Screenshot: screenshots/FAILED_post_login_1779574903.png
2026-05-24 03:51:48,992 [INFO] Screenshot: screenshots/FAILED_post_login_1779574906.png
2026-05-24 03:51:48,993 [ERROR] FAILED 8247282471: ❌ Screen NOT found: post_login
2026-05-24 03:51:51,420 [INFO] Screenshot: screenshots/FAILED_u1_8247282471_1779574908.png
2026-05-24 03:51:51,422 [INFO] FAIL | 8247282471 | ❌ Screen NOT found: post_login
2026-05-24 03:51:51,423 [INFO] ALL USERS COMPLETED
2026-05-24 03:51:51,424 [INFO] PASS — tests/test_login_flow.py::TestLoginFlow::test_all_users
2026-05-24 03:51:51,779 [INFO] Session closed
