2026-05-24 10:51:35,412 [INFO] Connecting to Appium...
2026-05-24 10:51:50,483 [INFO] App launched — screen 2400x1080
2026-05-24 10:51:50,489 [INFO] Total users: 1
2026-05-24 10:51:50,490 [INFO] 
===== USER 1: 8247282471 =====
2026-05-24 10:51:50,539 [INFO] Screen size detected: 2400 x 1080
2026-05-24 10:51:59,243 [INFO] STEP 1: LOGIN
2026-05-24 10:51:59,244 [INFO] Assuming login screen is visible
2026-05-24 10:51:59,245 [INFO] Tap [mobile] at (1142,465)
2026-05-24 10:52:09,297 [INFO] Typed [8247282471] into [mobile]
2026-05-24 10:52:10,299 [INFO] Tap [OK] at (2166,442)
2026-05-24 10:52:11,524 [INFO] CLICK CONFIRM
2026-05-24 10:52:11,524 [INFO] Tap [CONFIRM] at (1203,694)
2026-05-24 10:52:12,761 [INFO] Waiting for Unity transition...
2026-05-24 10:52:20,837 [INFO] AFTER CONFIRM SCREEN: unknown
2026-05-24 10:52:20,838 [INFO] Proceeding to next step after login delay
2026-05-24 10:52:25,840 [INFO] Assuming next screen: Select_Profile_screen
2026-05-24 10:52:25,841 [INFO] SELECT PROFILE
2026-05-24 10:52:25,841 [INFO] Tap [profile] at (802,581)
2026-05-24 10:52:27,111 [INFO] Tap [NEXT] at (1120,891)
2026-05-24 10:52:28,461 [INFO] AVATAR
2026-05-24 10:52:28,462 [INFO] Tap [SAVE] at (1158,670)
2026-05-24 10:52:33,782 [INFO] LANGUAGE
2026-05-24 10:52:33,783 [INFO] Tap [dropdown] at (1692,323)
2026-05-24 10:52:35,132 [INFO] Tap [language] at (1186,441)
2026-05-24 10:52:36,569 [INFO] Tap [SAVE] at (1177,905)
2026-05-24 10:52:37,985 [INFO] HANDLING POPUPS
2026-05-24 10:52:37,986 [INFO] Clicking SKIP
2026-05-24 10:52:37,987 [INFO] Tap [SKIP] at (1992,938)
2026-05-24 10:52:44,340 [INFO] Closing STREAK popup
2026-05-24 10:52:44,340 [INFO] Tap [CLOSE STREAK] at (2273,117)
2026-05-24 10:52:49,598 [INFO] Clicking CONTINUE
2026-05-24 10:52:49,599 [INFO] Tap [CONTINUE] at (1191,877)
2026-05-24 10:52:54,966 [INFO] Clicking LATER
2026-05-24 10:52:54,968 [INFO] Tap [LATER] at (1425,717)
2026-05-24 10:53:00,389 [INFO] POPUP FLOW COMPLETE
2026-05-24 10:53:05,390 [INFO] LOGOUT
2026-05-24 10:53:05,390 [INFO] Tap [parents] at (323,108)
2026-05-24 10:53:09,783 [INFO] Tap [logout] at (2236,103)
2026-05-24 10:53:16,248 [INFO] OK | 8247282471 | Logout done
2026-05-24 10:53:16,249 [INFO] LOGOUT SUCCESS
2026-05-24 10:53:16,253 [INFO] OK | 8247282471 | PASS
2026-05-24 10:53:16,254 [INFO] PASS — 8247282471
2026-05-24 10:53:16,255 [INFO] ALL USERS COMPLETED
2026-05-24 10:53:16,257 [INFO] PASS — tests/test_login_flow.py::TestLoginFlow::test_all_users
2026-05-24 10:53:16,829 [INFO] Session closed
