2026-05-24 00:20:53,929 [INFO] Connecting to Appium...
2026-05-24 00:21:06,869 [INFO] App launched — screen 2400x1080
2026-05-24 00:21:06,884 [INFO] Total users: 2
2026-05-24 00:21:06,885 [INFO] 
=======================================================
USER 1/2: 8247282471
=======================================================
2026-05-24 00:21:06,908 [INFO] Screen size detected: 2400 x 1080
2026-05-24 00:21:06,909 [INFO] --- Step 1: Login ---
2026-05-24 00:21:06,909 [INFO] Waiting 6s — splash → login screen
2026-05-24 00:21:15,173 [INFO] Screenshot: screenshots/u1_01_login_1779562272.png
2026-05-24 00:21:15,173 [INFO] Tap [mobile input] at pixel (1142,465)
2026-05-24 00:21:17,863 [INFO] Keyboard shown: True
2026-05-24 00:21:24,150 [INFO] Typed '8247282471' into [mobile input]
2026-05-24 00:21:25,658 [INFO] Tap [Confirm button] at pixel (1203,694)
2026-05-24 00:21:28,388 [INFO] Screenshot: screenshots/u1_02_after_confirm_1779562286.png
2026-05-24 00:21:28,392 [INFO] OK | 8247282471 | Step 1: Login confirmed
2026-05-24 00:21:28,394 [INFO] --- Step 2: Waiting for screen after login ---
2026-05-24 00:21:28,395 [INFO] Waiting 12s — API response + screen load
2026-05-24 00:21:42,107 [INFO] Screenshot: screenshots/u1_03_post_login_screen_1779562300.png
2026-05-24 00:21:42,108 [INFO] Handling: Select Profile
2026-05-24 00:21:42,109 [INFO] Waiting 3s — select profile screen
2026-05-24 00:21:47,437 [INFO] Screenshot: screenshots/u1_04_select_profile_1779562305.png
2026-05-24 00:21:47,441 [INFO] Tap [profile 1] at pixel (360,577)
2026-05-24 00:21:49,114 [INFO] Tap [NEXT button] at pixel (0.4809,0.5453)
2026-05-24 00:21:55,472 [INFO] Screenshot: screenshots/u1_05_after_next_1779562312.png
2026-05-24 00:21:55,473 [INFO] OK | 8247282471 | Step 2: Profile selected
2026-05-24 00:21:55,473 [INFO] Handling: Avatar screen
2026-05-24 00:21:55,473 [INFO] Waiting 4s — avatar screen
2026-05-24 00:22:02,585 [INFO] Screenshot: screenshots/u1_06_avatar_1779562319.png
2026-05-24 00:22:02,585 [INFO] Tap [Avatar Save] at pixel (526,677)
2026-05-24 00:22:07,129 [INFO] Screenshot: screenshots/u1_07_after_avatar_1779562325.png
2026-05-24 00:22:07,130 [INFO] OK | 8247282471 | Step 3: Avatar saved
2026-05-24 00:22:07,131 [INFO] Handling: Language dialog
2026-05-24 00:22:07,131 [INFO] Waiting 5s — language dialog
2026-05-24 00:22:14,266 [INFO] Screenshot: screenshots/u1_08_language_1779562332.png
2026-05-24 00:22:14,266 [INFO] Tap [language dropdown] at pixel (765,319)
2026-05-24 00:22:18,458 [INFO] Screenshot: screenshots/u1_09_lang_dropdown_open_1779562336.png
2026-05-24 00:22:18,459 [INFO] Tap [language option 0] at pixel (590,420)
2026-05-24 00:22:20,120 [INFO] Tap [language Save] at pixel (528,896)
2026-05-24 00:22:26,032 [INFO] Screenshot: screenshots/u1_10_after_language_1779562343.png
2026-05-24 00:22:26,033 [INFO] OK | 8247282471 | Step 4: Language selected
2026-05-24 00:22:26,033 [INFO] --- Step 3: Handling post-login popups ---
2026-05-24 00:22:26,033 [INFO] Popup check: Enter button
2026-05-24 00:22:26,034 [INFO] Waiting 6s — Begin scene
2026-05-24 00:22:34,334 [INFO] Screenshot: screenshots/u1_11_begin_scene_1779562352.png
2026-05-24 00:22:34,335 [INFO] Tap [Enter button] at pixel (532,577)
2026-05-24 00:22:35,011 [INFO] Waiting 8s — loading after Enter
2026-05-24 00:22:45,413 [INFO] Screenshot: screenshots/u1_12_after_enter_1779562363.png
2026-05-24 00:22:45,434 [INFO] Popup check: Welcome Back
2026-05-24 00:22:50,829 [INFO] Screenshot: screenshots/u1_13_welcome_back_check_1779562368.png
2026-05-24 00:22:50,838 [INFO] Tap [Welcome Back Continue] at pixel (552,877)
2026-05-24 00:22:53,734 [INFO] Popup check: Streak
2026-05-24 00:22:58,135 [INFO] Screenshot: screenshots/u1_14_streak_check_1779562375.png
2026-05-24 00:22:58,137 [INFO] Tap [Streak X close] at pixel (1054,61)
2026-05-24 00:23:00,950 [INFO] Popup check: Test popup
2026-05-24 00:23:05,162 [INFO] Screenshot: screenshots/u1_15_test_popup_check_1779562382.png
2026-05-24 00:23:05,165 [INFO] Tap [Test Later] at pixel (638,708)
2026-05-24 00:23:10,732 [INFO] Screenshot: screenshots/u1_16_home_screen_1779562387.png
2026-05-24 00:23:10,734 [INFO] OK | 8247282471 | Step 5: Popups handled, home screen reached
2026-05-24 00:23:10,734 [INFO] --- Step 4: Logout ---
2026-05-24 00:23:13,735 [INFO] Tap [parents icon (home screen)] at pixel (144,98)
2026-05-24 00:23:21,708 [INFO] Screenshot: screenshots/u1_17_parents_corner_1779562398.png
2026-05-24 00:23:21,709 [INFO] Tap [LOGOUT button (top-right)] at pixel (1003,98)
2026-05-24 00:23:31,828 [ERROR] FAILED 8247282471: Message: An unknown server-side error occurred while processing the command. Original error: 'GET /screenshot' cannot be proxied to UiAutomator2 server because the instrumentation process is not running (probably crashed). Check the server log and/or the logcat output for more details
Stacktrace:
UnknownError: An unknown server-side error occurred while processing the command. Original error: 'GET /screenshot' cannot be proxied to UiAutomator2 server because the instrumentation process is not running (probably crashed). Check the server log and/or the logcat output for more details
    at UIA2Proxy.command (C:\Users\user\AppData\Roaming\npm\node_modules\appium\node_modules\@appium\base-driver\lib\jsonwp-proxy\proxy.js:359:13)
    at processTicksAndRejections (node:internal/process/task_queues:103:5)
    at AndroidUiautomator2Driver.getScreenshot (C:\Users\user\.appium\node_modules\appium-uiautomator2-driver\lib\commands\screenshot.js:42:5)
2026-05-24 00:23:32,765 [INFO] FAIL — tests/test_login_flow.py::TestLoginFlow::test_all_users
2026-05-24 00:23:33,163 [INFO] Session closed
