2026-05-24 10:36:22,700 [INFO] Connecting to Appium...
2026-05-24 10:36:34,002 [INFO] App launched — screen 2400x1080
2026-05-24 10:36:34,003 [INFO] Total users: 1
2026-05-24 10:36:34,004 [INFO] 
===== USER 1: 8247282471 =====
2026-05-24 10:36:34,029 [INFO] Screen size detected: 2400 x 1080
2026-05-24 10:36:50,863 [INFO] STEP 1: LOGIN
2026-05-24 10:36:50,864 [INFO] Assuming login screen is visible
2026-05-24 10:36:50,864 [INFO] Tap [mobile] at (1142,465)
2026-05-24 10:36:57,178 [INFO] Typed [8247282471] into [mobile]
2026-05-24 10:36:58,179 [INFO] Tap [OK] at (2166,442)
2026-05-24 10:36:59,367 [INFO] CLICK CONFIRM
2026-05-24 10:36:59,368 [INFO] Tap [CONFIRM] at (1203,694)
2026-05-24 10:37:00,539 [INFO] Waiting for Unity transition...
2026-05-24 10:37:08,648 [INFO] AFTER CONFIRM SCREEN: unknown
2026-05-24 10:37:08,648 [INFO] Proceeding to next step after login delay
2026-05-24 10:37:13,649 [INFO] Assuming next screen: Select_Profile_screen
2026-05-24 10:37:13,649 [INFO] SELECT PROFILE
2026-05-24 10:37:13,649 [INFO] Tap [profile] at (802,581)
2026-05-24 10:37:14,830 [INFO] Tap [NEXT] at (1120,891)
2026-05-24 10:37:15,995 [INFO] AVATAR
2026-05-24 10:37:15,995 [INFO] Tap [SAVE] at (1158,670)
2026-05-24 10:37:17,177 [INFO] LANGUAGE
2026-05-24 10:37:17,177 [INFO] Tap [dropdown] at (1692,323)
2026-05-24 10:37:18,333 [INFO] Tap [language] at (1186,441)
2026-05-24 10:37:19,497 [INFO] Tap [SAVE] at (1177,905)
2026-05-24 10:37:20,655 [INFO] POPUPS
2026-05-24 10:37:20,769 [INFO] Tap [skip] at (1992,938)
2026-05-24 10:37:22,050 [INFO] Tap [skip] at (1992,938)
2026-05-24 10:37:23,327 [INFO] Tap [skip] at (1992,938)
2026-05-24 10:37:24,589 [INFO] Tap [skip] at (1992,938)
2026-05-24 10:37:26,042 [INFO] Tap [skip] at (1992,938)
2026-05-24 10:37:27,318 [INFO] Tap [skip] at (1992,938)
2026-05-24 10:37:28,589 [INFO] Tap [skip] at (1992,938)
2026-05-24 10:37:29,837 [INFO] Tap [skip] at (1992,938)
2026-05-24 10:37:31,110 [INFO] Tap [skip] at (1992,938)
2026-05-24 10:37:32,417 [INFO] Tap [skip] at (1992,938)
2026-05-24 10:37:33,572 [INFO] Closing STREAK popup
2026-05-24 10:37:33,572 [INFO] Tap [CLOSE STREAK] at (2273,117)
2026-05-24 10:37:37,729 [INFO] Clicking CONTINUE
2026-05-24 10:37:37,729 [INFO] Tap [CONTINUE] at (1191,877)
2026-05-24 10:37:41,878 [INFO] Clicking LATER
2026-05-24 10:37:41,878 [INFO] Tap [LATER] at (1425,717)
2026-05-24 10:37:46,039 [INFO] POPUP HANDLING COMPLETE
2026-05-24 10:37:46,039 [INFO] VALIDATING SCREEN: home_screen
2026-05-24 10:37:46,149 [INFO] [SCREEN] unknown
2026-05-24 10:37:47,266 [INFO] [SCREEN] unknown
2026-05-24 10:37:48,377 [INFO] [SCREEN] unknown
2026-05-24 10:37:49,487 [INFO] [SCREEN] unknown
2026-05-24 10:37:50,601 [INFO] [SCREEN] unknown
2026-05-24 10:37:51,712 [INFO] [SCREEN] unknown
2026-05-24 10:37:52,817 [INFO] [SCREEN] unknown
2026-05-24 10:37:53,921 [INFO] [SCREEN] unknown
2026-05-24 10:37:55,042 [INFO] [SCREEN] unknown
2026-05-24 10:37:56,172 [INFO] [SCREEN] unknown
2026-05-24 10:37:57,283 [INFO] [SCREEN] unknown
2026-05-24 10:37:58,387 [INFO] [SCREEN] unknown
2026-05-24 10:37:59,503 [INFO] [SCREEN] unknown
2026-05-24 10:38:00,824 [INFO] [SCREEN] unknown
2026-05-24 10:38:01,925 [INFO] [SCREEN] unknown
2026-05-24 10:38:03,035 [INFO] [SCREEN] unknown
2026-05-24 10:38:04,138 [INFO] [SCREEN] unknown
2026-05-24 10:38:05,312 [INFO] [SCREEN] unknown
2026-05-24 10:38:06,422 [INFO] [SCREEN] unknown
2026-05-24 10:38:07,544 [INFO] [SCREEN] unknown
2026-05-24 10:38:08,646 [INFO] [SCREEN] unknown
2026-05-24 10:38:09,748 [INFO] [SCREEN] unknown
2026-05-24 10:38:10,848 [INFO] [SCREEN] unknown
2026-05-24 10:38:11,849 [ERROR] FAILED — 8247282471: Expected screens not found: ['home_screen']
2026-05-24 10:38:16,526 [INFO] Screenshot: screenshots/FAILED_u1_8247282471_1779599291.png
2026-05-24 10:38:16,527 [INFO] FAIL | 8247282471 | Expected screens not found: ['home_screen']
2026-05-24 10:38:16,527 [INFO] ALL USERS COMPLETED
2026-05-24 10:38:16,528 [INFO] PASS — tests/test_login_flow.py::TestLoginFlow::test_all_users
2026-05-24 10:38:16,828 [INFO] Session closed
