2026-05-23 22:31:33,205 [INFO] Connecting to Appium...
2026-05-23 22:31:47,167 [INFO] App launched — screen 2400x1080
2026-05-23 22:31:47,169 [INFO] Total users: 2
2026-05-23 22:31:47,169 [INFO] 
=======================================================
USER 1/2: 9000000001
=======================================================
2026-05-23 22:31:47,196 [INFO] --- Step 1: Login ---
2026-05-23 22:31:47,197 [INFO] Waiting 6s — splash → login screen
2026-05-23 22:31:55,943 [INFO] Screenshot: screenshots/u1_01_login_1779555713.png
2026-05-23 22:31:55,944 [INFO] Tap [mobile input] at (49.83%, 48.52%) = pixel (1195,524)
2026-05-23 22:31:58,498 [INFO] Typed '9000000001' into [mobile input]
2026-05-23 22:31:59,999 [INFO] Tap [Confirm button] at (49.83%, 41.94%) = pixel (1195,452)
2026-05-23 22:32:02,923 [INFO] Screenshot: screenshots/u1_02_after_confirm_1779555720.png
2026-05-23 22:32:02,927 [INFO] OK | 9000000001 | Step 1: Login confirmed
2026-05-23 22:32:02,927 [INFO] --- Step 2: Waiting for screen after login ---
2026-05-23 22:32:02,928 [INFO] Waiting 12s — API response + screen load
2026-05-23 22:32:16,561 [INFO] Screenshot: screenshots/u1_03_post_login_screen_1779555734.png
2026-05-23 22:32:16,561 [INFO] Handling: Select Profile
2026-05-23 22:32:16,561 [INFO] Waiting 3s — select profile screen
2026-05-23 22:32:21,375 [INFO] Screenshot: screenshots/u1_04_select_profile_1779555739.png
2026-05-23 22:32:21,375 [INFO] Tap [profile 1] at (33.68%, 51.17%) = pixel (808,552)
2026-05-23 22:32:22,627 [INFO] Tap [NEXT button] at (48.09%, 54.53%) = pixel (1154,588)
2026-05-23 22:32:31,397 [INFO] Screenshot: screenshots/u1_05_after_next_1779555748.png
2026-05-23 22:32:31,398 [INFO] OK | 9000000001 | Step 2: Profile selected
2026-05-23 22:32:31,399 [INFO] Handling: Avatar screen
2026-05-23 22:32:31,399 [INFO] Waiting 4s — avatar screen
2026-05-23 22:32:37,839 [INFO] Screenshot: screenshots/u1_06_avatar_1779555755.png
2026-05-23 22:32:37,839 [INFO] Tap [Avatar Save] at (48.44%, 52.42%) = pixel (1162,566)
2026-05-23 22:32:42,305 [INFO] Screenshot: screenshots/u1_07_after_avatar_1779555760.png
2026-05-23 22:32:42,306 [INFO] OK | 9000000001 | Step 3: Avatar saved
2026-05-23 22:32:42,307 [INFO] Handling: Language dialog
2026-05-23 22:32:42,307 [INFO] Waiting 5s — language dialog
2026-05-23 22:32:48,387 [INFO] Screenshot: screenshots/u1_08_language_1779555767.png
2026-05-23 22:32:48,406 [INFO] Tap [language dropdown] at (49.83%, 45.94%) = pixel (1195,496)
2026-05-23 22:32:51,367 [INFO] Screenshot: screenshots/u1_09_lang_dropdown_open_1779555770.png
2026-05-23 22:32:51,368 [INFO] Tap [language option 0] at (49.83%, 47.97%) = pixel (1195,518)
2026-05-23 22:32:52,830 [INFO] Tap [language Save] at (49.83%, 56.87%) = pixel (1195,614)
2026-05-23 22:32:57,324 [INFO] Screenshot: screenshots/u1_10_after_language_1779555776.png
2026-05-23 22:32:57,325 [INFO] OK | 9000000001 | Step 4: Language selected
2026-05-23 22:32:57,325 [INFO] --- Step 3: Handling post-login popups ---
2026-05-23 22:32:57,325 [INFO] Popup check: Enter button
2026-05-23 22:32:57,326 [INFO] Waiting 6s — Begin scene
2026-05-23 22:33:04,779 [INFO] Screenshot: screenshots/u1_11_begin_scene_1779555783.png
2026-05-23 22:33:04,780 [INFO] Tap [Enter button] at (50.00%, 41.80%) = pixel (1200,451)
2026-05-23 22:33:05,208 [INFO] Waiting 8s — loading after Enter
2026-05-23 22:33:14,261 [INFO] Screenshot: screenshots/u1_12_after_enter_1779555793.png
2026-05-23 22:33:14,267 [INFO] Popup check: Welcome Back
2026-05-23 22:33:18,201 [INFO] Screenshot: screenshots/u1_13_welcome_back_check_1779555797.png
2026-05-23 22:33:18,202 [INFO] Tap [Welcome Back Continue] at (49.83%, 56.56%) = pixel (1195,610)
2026-05-23 22:33:20,612 [INFO] Popup check: Streak
2026-05-23 22:33:23,666 [INFO] Screenshot: screenshots/u1_14_streak_check_1779555802.png
2026-05-23 22:33:23,666 [INFO] Tap [Streak X close] at (95.31%, 42.03%) = pixel (2287,453)
2026-05-23 22:33:26,089 [INFO] Popup check: Test popup
2026-05-23 22:33:29,181 [INFO] Screenshot: screenshots/u1_15_test_popup_check_1779555808.png
2026-05-23 22:33:29,181 [INFO] Tap [Test Later] at (59.38%, 53.28%) = pixel (1425,575)
2026-05-23 22:33:32,559 [INFO] Screenshot: screenshots/u1_16_home_screen_1779555811.png
2026-05-23 22:33:32,560 [INFO] OK | 9000000001 | Step 5: Popups handled, home screen reached
2026-05-23 22:33:32,560 [INFO] --- Step 4: Logout ---
2026-05-23 22:33:35,561 [INFO] Tap [parents icon (home screen)] at (13.37%, 41.72%) = pixel (320,450)
2026-05-23 22:33:41,079 [INFO] Screenshot: screenshots/u1_17_parents_corner_1779555819.png
2026-05-23 22:33:41,080 [INFO] Tap [LOGOUT button (top-right)] at (94.44%, 41.72%) = pixel (2266,450)
2026-05-23 22:33:46,509 [INFO] Screenshot: screenshots/u1_18_after_logout_1779555825.png
2026-05-23 22:33:46,510 [INFO] OK | 9000000001 | Step 6: Logout done
2026-05-23 22:33:46,510 [INFO] OK | 9000000001 | All steps passed
2026-05-23 22:33:46,511 [INFO] Restarting app...
2026-05-23 22:33:55,618 [INFO] App restarted
2026-05-23 22:33:55,619 [INFO] 
=======================================================
USER 2/2: 9000000002
=======================================================
2026-05-23 22:33:55,706 [INFO] --- Step 1: Login ---
2026-05-23 22:33:55,706 [INFO] Waiting 6s — splash → login screen
2026-05-23 22:34:03,640 [INFO] Screenshot: screenshots/u2_01_login_1779555841.png
2026-05-23 22:34:03,641 [INFO] Tap [mobile input] at (49.83%, 48.52%) = pixel (1195,524)
2026-05-23 22:34:06,015 [INFO] Typed '9000000002' into [mobile input]
2026-05-23 22:34:07,516 [INFO] Tap [Confirm button] at (49.83%, 41.94%) = pixel (1195,452)
2026-05-23 22:34:10,835 [INFO] Screenshot: screenshots/u2_02_after_confirm_1779555847.png
2026-05-23 22:34:10,836 [INFO] OK | 9000000002 | Step 1: Login confirmed
2026-05-23 22:34:10,836 [INFO] --- Step 2: Waiting for screen after login ---
2026-05-23 22:34:10,836 [INFO] Waiting 12s — API response + screen load
2026-05-23 22:34:25,677 [INFO] Screenshot: screenshots/u2_03_post_login_screen_1779555862.png
2026-05-23 22:34:25,679 [INFO] Handling: Select Profile
2026-05-23 22:34:25,679 [INFO] Waiting 3s — select profile screen
2026-05-23 22:34:30,877 [INFO] Screenshot: screenshots/u2_04_select_profile_1779555868.png
2026-05-23 22:34:30,878 [INFO] Tap [profile 2] at (48.26%, 51.17%) = pixel (1158,552)
2026-05-23 22:34:32,109 [INFO] Tap [NEXT button] at (48.09%, 54.53%) = pixel (1154,588)
2026-05-23 22:34:38,013 [INFO] Screenshot: screenshots/u2_05_after_next_1779555875.png
2026-05-23 22:34:38,014 [INFO] OK | 9000000002 | Step 2: Profile selected
2026-05-23 22:34:38,014 [INFO] Handling: Avatar screen
2026-05-23 22:34:38,014 [INFO] Waiting 4s — avatar screen
2026-05-23 22:34:44,186 [INFO] Screenshot: screenshots/u2_06_avatar_1779555882.png
2026-05-23 22:34:44,186 [INFO] Tap [Avatar Save] at (48.44%, 52.42%) = pixel (1162,566)
2026-05-23 22:34:48,974 [INFO] Screenshot: screenshots/u2_07_after_avatar_1779555886.png
2026-05-23 22:34:48,976 [INFO] OK | 9000000002 | Step 3: Avatar saved
2026-05-23 22:34:48,976 [INFO] Handling: Language dialog
2026-05-23 22:34:48,977 [INFO] Waiting 5s — language dialog
2026-05-23 22:34:56,189 [INFO] Screenshot: screenshots/u2_08_language_1779555893.png
2026-05-23 22:34:56,189 [INFO] Tap [language dropdown] at (49.83%, 45.94%) = pixel (1195,496)
2026-05-23 22:35:00,379 [INFO] Screenshot: screenshots/u2_09_lang_dropdown_open_1779555898.png
2026-05-23 22:35:00,380 [INFO] Tap [language option 0] at (49.83%, 47.97%) = pixel (1195,518)
2026-05-23 22:35:01,790 [INFO] Tap [language Save] at (49.83%, 56.87%) = pixel (1195,614)
2026-05-23 22:35:07,406 [INFO] Screenshot: screenshots/u2_10_after_language_1779555905.png
2026-05-23 22:35:07,410 [INFO] OK | 9000000002 | Step 4: Language selected
2026-05-23 22:35:07,410 [INFO] --- Step 3: Handling post-login popups ---
2026-05-23 22:35:07,411 [INFO] Popup check: Enter button
2026-05-23 22:35:07,411 [INFO] Waiting 6s — Begin scene
2026-05-23 22:35:15,628 [INFO] Screenshot: screenshots/u2_11_begin_scene_1779555913.png
2026-05-23 22:35:15,628 [INFO] Tap [Enter button] at (50.00%, 41.80%) = pixel (1200,451)
2026-05-23 22:35:16,041 [INFO] Waiting 8s — loading after Enter
2026-05-23 22:35:26,336 [INFO] Screenshot: screenshots/u2_12_after_enter_1779555924.png
2026-05-23 22:35:26,336 [INFO] Popup check: Welcome Back
2026-05-23 22:35:31,589 [INFO] Screenshot: screenshots/u2_13_welcome_back_check_1779555929.png
2026-05-23 22:35:31,589 [INFO] Tap [Welcome Back Continue] at (49.83%, 56.56%) = pixel (1195,610)
2026-05-23 22:35:33,999 [INFO] Popup check: Streak
2026-05-23 22:35:38,177 [INFO] Screenshot: screenshots/u2_14_streak_check_1779555936.png
2026-05-23 22:35:38,177 [INFO] Tap [Streak X close] at (95.31%, 42.03%) = pixel (2287,453)
2026-05-23 22:35:40,591 [INFO] Popup check: Test popup
2026-05-23 22:35:45,053 [INFO] Screenshot: screenshots/u2_15_test_popup_check_1779555942.png
2026-05-23 22:35:45,054 [INFO] Tap [Test Later] at (59.38%, 53.28%) = pixel (1425,575)
2026-05-23 22:35:49,535 [INFO] Screenshot: screenshots/u2_16_home_screen_1779555947.png
2026-05-23 22:35:49,537 [INFO] OK | 9000000002 | Step 5: Popups handled, home screen reached
2026-05-23 22:35:49,538 [INFO] --- Step 4: Logout ---
2026-05-23 22:35:52,538 [INFO] Tap [parents icon (home screen)] at (13.37%, 41.72%) = pixel (320,450)
2026-05-23 22:35:59,221 [INFO] Screenshot: screenshots/u2_17_parents_corner_1779555956.png
2026-05-23 22:35:59,225 [INFO] Tap [LOGOUT button (top-right)] at (94.44%, 41.72%) = pixel (2266,450)
2026-05-23 22:36:05,978 [INFO] Screenshot: screenshots/u2_18_after_logout_1779555963.png
2026-05-23 22:36:05,979 [INFO] OK | 9000000002 | Step 6: Logout done
2026-05-23 22:36:05,980 [INFO] OK | 9000000002 | All steps passed
2026-05-23 22:36:05,981 [INFO] All users done. See logs/results.jsonl
2026-05-23 22:36:05,982 [INFO] PASS — tests/test_login_flow.py::TestLoginFlow::test_all_users
2026-05-23 22:36:06,414 [INFO] Session closed
