2026-05-25 10:11:55,679 [INFO] Connecting to Appium...
2026-05-25 10:12:08,512 [INFO] App launched — screen 2400x1080
2026-05-25 10:12:08,515 [INFO] Total users: 1
2026-05-25 10:12:08,515 [INFO] 
===== USER 1: 8247282471 =====
2026-05-25 10:12:08,535 [INFO] Screen size detected: 2400 x 1080
2026-05-25 10:12:17,736 [INFO] STEP 1: LOGIN
2026-05-25 10:12:17,736 [INFO] Tap [mobile] at (1142,465)
2026-05-25 10:12:24,268 [INFO] Typed [8247282471] into [mobile]
2026-05-25 10:12:25,270 [INFO] Tap [OK] at (2166,442)
2026-05-25 10:12:26,476 [INFO] CLICK CONFIRM
2026-05-25 10:12:26,476 [INFO] Tap [CONFIRM] at (1203,694)
2026-05-25 10:12:27,643 [INFO] Waiting for Unity transition...
2026-05-25 10:12:35,989 [INFO] AFTER CONFIRM SCREEN: unknown
2026-05-25 10:12:41,002 [INFO] Assuming next screen: license_screen
2026-05-25 10:12:41,003 [INFO] LICENSE SCREEN
2026-05-25 10:12:41,004 [INFO] Tap [license] at (1142,465)
2026-05-25 10:12:47,468 [INFO] Typed [HGSM76] into [license]
2026-05-25 10:12:48,482 [INFO] Tap [CONFIRM] at (1203,694)
2026-05-25 10:12:52,633 [INFO] REGISTRATION
2026-05-25 10:12:52,633 [INFO] Tap [name] at (1200,410)
2026-05-25 10:12:58,720 [INFO] Typed [] into [name]
2026-05-25 10:12:59,721 [INFO] Tap [Male] at (840,518)
2026-05-25 10:13:00,896 [INFO] Tap [parent] at (1200,734)
2026-05-25 10:13:07,245 [INFO] Typed [] into [parent]
2026-05-25 10:13:08,247 [INFO] Tap [alt mobile] at (1200,820)
2026-05-25 10:13:14,576 [INFO] Typed [] into [alt mobile]
2026-05-25 10:13:15,578 [INFO] Tap [submit] at (1200,982)
2026-05-25 10:13:21,734 [INFO] Waiting for Select Profile screen
2026-05-25 10:13:31,737 [INFO] SELECT PROFILE
2026-05-25 10:13:31,737 [INFO] Tap [profile] at (802,581)
2026-05-25 10:13:32,900 [INFO] Tap [NEXT] at (1120,891)
2026-05-25 10:13:34,069 [INFO] AVATAR
2026-05-25 10:13:34,070 [INFO] Tap [SAVE] at (1158,670)
2026-05-25 10:13:39,237 [INFO] LANGUAGE
2026-05-25 10:13:39,237 [INFO] Tap [dropdown] at (1692,323)
2026-05-25 10:13:40,395 [INFO] Tap [language] at (1186,441)
2026-05-25 10:13:41,569 [INFO] Tap [SAVE] at (1177,905)
2026-05-25 10:13:45,751 [INFO] HANDLING POPUPS
2026-05-25 10:13:45,752 [INFO] Clicking SKIP
2026-05-25 10:13:45,752 [INFO] Tap [SKIP] at (1992,938)
2026-05-25 10:13:51,934 [INFO] Closing STREAK popup
2026-05-25 10:13:51,934 [INFO] Tap [CLOSE STREAK] at (2273,117)
2026-05-25 10:13:57,175 [INFO] Clicking CONTINUE
2026-05-25 10:13:57,175 [INFO] Tap [CONTINUE] at (1191,877)
2026-05-25 10:14:02,365 [INFO] Clicking LATER
2026-05-25 10:14:02,365 [INFO] Tap [LATER] at (1425,717)
2026-05-25 10:14:07,532 [INFO] POPUP FLOW COMPLETE
2026-05-25 10:14:12,533 [INFO] LOGOUT
2026-05-25 10:14:12,533 [INFO] Tap [parents] at (323,108)
2026-05-25 10:14:16,687 [INFO] Tap [logout] at (2236,103)
2026-05-25 10:14:22,853 [INFO] OK | 8247282471 | Logout done
2026-05-25 10:14:22,855 [INFO] LOGOUT SUCCESS
2026-05-25 10:14:22,856 [INFO] OK | 8247282471 | PASS
2026-05-25 10:14:22,856 [INFO] PASS — 8247282471
2026-05-25 10:14:22,857 [INFO] ALL USERS COMPLETED
2026-05-25 10:14:22,858 [INFO] PASS — tests/test_login_flow.py::TestLoginFlow::test_all_users
2026-05-25 10:14:23,379 [INFO] Session closed
