2026-05-24 03:17:02,051 [INFO] Connecting to Appium...
2026-05-24 03:17:14,152 [INFO] App launched — screen 1080x2400
2026-05-24 03:17:14,153 [INFO] Total users: 1
2026-05-24 03:17:14,154 [INFO] 
===== USER 1: 8247282471 =====
2026-05-24 03:17:14,172 [INFO] Screen size detected: 1080 x 2400
2026-05-24 03:17:14,173 [INFO] STEP 1: LOGIN
2026-05-24 03:17:14,173 [INFO] Waiting 3s — login screen
2026-05-24 03:17:19,173 [INFO] Screenshot: screenshots/u1_login_1779572837.png
2026-05-24 03:17:19,173 [INFO] Tap [mobile] at (1142,465)
2026-05-24 03:17:24,321 [INFO] Typed [8247282471] into [mobile]
2026-05-24 03:17:24,347 [INFO] Tap [OK] at (2166,442)
2026-05-24 03:17:24,970 [INFO] Tap [CONFIRM] at (1203,694)
2026-05-24 03:17:25,592 [INFO] VALIDATING SCREEN: post_login
2026-05-24 03:17:25,592 [INFO] Checking screen: post_login
2026-05-24 03:17:25,593 [INFO] SINGLE PROFILE AUTO LOGIN
2026-05-24 03:17:25,594 [INFO] VALIDATING SCREEN: home_screen
2026-05-24 03:17:25,595 [INFO] Checking screen: home_screen
2026-05-24 03:17:25,596 [INFO] POPUPS HANDLING
2026-05-24 03:17:25,597 [INFO] Tap [skip] at (1992,938)
2026-05-24 03:17:26,264 [INFO] Tap [close] at (2273,117)
2026-05-24 03:17:26,916 [INFO] Tap [continue] at (1191,877)
2026-05-24 03:17:27,597 [INFO] Tap [later] at (1425,717)
2026-05-24 03:17:29,249 [INFO] Tap [skip] at (1992,938)
2026-05-24 03:17:29,935 [INFO] Tap [close] at (2273,117)
2026-05-24 03:17:30,612 [INFO] Tap [continue] at (1191,877)
2026-05-24 03:17:31,302 [INFO] Tap [later] at (1425,717)
2026-05-24 03:17:32,950 [INFO] Tap [skip] at (1992,938)
2026-05-24 03:17:33,613 [INFO] Tap [close] at (2273,117)
2026-05-24 03:17:34,228 [INFO] Tap [continue] at (1191,877)
2026-05-24 03:17:34,903 [INFO] Tap [later] at (1425,717)
2026-05-24 03:17:36,536 [INFO] Tap [skip] at (1992,938)
2026-05-24 03:17:37,202 [INFO] Tap [close] at (2273,117)
2026-05-24 03:17:37,822 [INFO] Tap [continue] at (1191,877)
2026-05-24 03:17:38,504 [INFO] Tap [later] at (1425,717)
2026-05-24 03:17:40,141 [INFO] Tap [skip] at (1992,938)
2026-05-24 03:17:40,778 [INFO] Tap [close] at (2273,117)
2026-05-24 03:17:41,456 [INFO] Tap [continue] at (1191,877)
2026-05-24 03:17:42,155 [INFO] Tap [later] at (1425,717)
2026-05-24 03:17:43,820 [INFO] Tap [skip] at (1992,938)
2026-05-24 03:17:44,475 [INFO] Tap [close] at (2273,117)
2026-05-24 03:17:45,174 [INFO] Tap [continue] at (1191,877)
2026-05-24 03:17:45,949 [INFO] Tap [later] at (1425,717)
2026-05-24 03:17:47,637 [INFO] Tap [skip] at (1992,938)
2026-05-24 03:17:48,307 [INFO] Tap [close] at (2273,117)
2026-05-24 03:17:48,990 [INFO] Tap [continue] at (1191,877)
2026-05-24 03:17:49,689 [INFO] Tap [later] at (1425,717)
2026-05-24 03:17:51,364 [INFO] Tap [skip] at (1992,938)
2026-05-24 03:17:52,032 [INFO] Tap [close] at (2273,117)
2026-05-24 03:17:52,701 [INFO] Tap [continue] at (1191,877)
2026-05-24 03:17:53,376 [INFO] Tap [later] at (1425,717)
2026-05-24 03:17:55,036 [INFO] Tap [skip] at (1992,938)
2026-05-24 03:17:55,718 [INFO] Tap [close] at (2273,117)
2026-05-24 03:17:56,399 [INFO] Tap [continue] at (1191,877)
2026-05-24 03:17:57,084 [INFO] Tap [later] at (1425,717)
2026-05-24 03:17:58,779 [INFO] Tap [skip] at (1992,938)
2026-05-24 03:17:59,469 [INFO] Tap [close] at (2273,117)
2026-05-24 03:18:00,124 [INFO] Tap [continue] at (1191,877)
2026-05-24 03:18:00,799 [INFO] Tap [later] at (1425,717)
2026-05-24 03:18:05,931 [INFO] Screenshot: screenshots/u1_home_1779572882.png
2026-05-24 03:18:05,931 [INFO] VALIDATING SCREEN: home_screen
2026-05-24 03:18:05,931 [INFO] Checking screen: home_screen
2026-05-24 03:18:05,932 [INFO] VALIDATING SCREEN: home_screen
2026-05-24 03:18:05,932 [INFO] Checking screen: home_screen
2026-05-24 03:18:05,932 [INFO] Tap [parents] at (323,108)
2026-05-24 03:18:09,595 [INFO] Tap [LOGOUT] at (2236,103)
2026-05-24 03:18:15,609 [INFO] Screenshot: screenshots/u1_logout_1779572893.png
2026-05-24 03:18:15,610 [INFO] OK | 8247282471 | Logout done
2026-05-24 03:18:15,611 [INFO] OK | 8247282471 | PASS
2026-05-24 03:18:15,611 [INFO] ALL USERS COMPLETED
2026-05-24 03:18:15,612 [INFO] PASS — tests/test_login_flow.py::TestLoginFlow::test_all_users
2026-05-24 03:18:15,953 [INFO] Session closed
